Archive member included to satisfy reference by file (symbol)

c:/ac6/systemworkbench/plugins/fr.ac6.mcu.externaltools.arm-none.win32_1.15.0.201708311556/tools/compiler/bin/../lib/gcc/arm-none-eabi/6.3.1/../../../../arm-none-eabi/lib/thumb/v7e-m/fpv4-sp/hard\libc_nano.a(lib_a-exit.o)
                              c:/ac6/systemworkbench/plugins/fr.ac6.mcu.externaltools.arm-none.win32_1.15.0.201708311556/tools/compiler/bin/../lib/gcc/arm-none-eabi/6.3.1/../../../../arm-none-eabi/lib/thumb/v7e-m/fpv4-sp/hard/crt0.o (exit)
c:/ac6/systemworkbench/plugins/fr.ac6.mcu.externaltools.arm-none.win32_1.15.0.201708311556/tools/compiler/bin/../lib/gcc/arm-none-eabi/6.3.1/../../../../arm-none-eabi/lib/thumb/v7e-m/fpv4-sp/hard\libc_nano.a(lib_a-impure.o)
                              c:/ac6/systemworkbench/plugins/fr.ac6.mcu.externaltools.arm-none.win32_1.15.0.201708311556/tools/compiler/bin/../lib/gcc/arm-none-eabi/6.3.1/../../../../arm-none-eabi/lib/thumb/v7e-m/fpv4-sp/hard\libc_nano.a(lib_a-exit.o) (_global_impure_ptr)
c:/ac6/systemworkbench/plugins/fr.ac6.mcu.externaltools.arm-none.win32_1.15.0.201708311556/tools/compiler/bin/../lib/gcc/arm-none-eabi/6.3.1/../../../../arm-none-eabi/lib/thumb/v7e-m/fpv4-sp/hard\libc_nano.a(lib_a-init.o)
                              c:/ac6/systemworkbench/plugins/fr.ac6.mcu.externaltools.arm-none.win32_1.15.0.201708311556/tools/compiler/bin/../lib/gcc/arm-none-eabi/6.3.1/../../../../arm-none-eabi/lib/thumb/v7e-m/fpv4-sp/hard/crt0.o (__libc_init_array)
c:/ac6/systemworkbench/plugins/fr.ac6.mcu.externaltools.arm-none.win32_1.15.0.201708311556/tools/compiler/bin/../lib/gcc/arm-none-eabi/6.3.1/../../../../arm-none-eabi/lib/thumb/v7e-m/fpv4-sp/hard\libc_nano.a(lib_a-memcpy-stub.o)
                              Src/main.o (memcpy)
c:/ac6/systemworkbench/plugins/fr.ac6.mcu.externaltools.arm-none.win32_1.15.0.201708311556/tools/compiler/bin/../lib/gcc/arm-none-eabi/6.3.1/../../../../arm-none-eabi/lib/thumb/v7e-m/fpv4-sp/hard\libc_nano.a(lib_a-memset.o)
                              c:/ac6/systemworkbench/plugins/fr.ac6.mcu.externaltools.arm-none.win32_1.15.0.201708311556/tools/compiler/bin/../lib/gcc/arm-none-eabi/6.3.1/../../../../arm-none-eabi/lib/thumb/v7e-m/fpv4-sp/hard/crt0.o (memset)
c:/ac6/systemworkbench/plugins/fr.ac6.mcu.externaltools.arm-none.win32_1.15.0.201708311556/tools/compiler/bin/../lib/gcc/arm-none-eabi/6.3.1/../../../../arm-none-eabi/lib/thumb/v7e-m/fpv4-sp/hard\libc_nano.a(lib_a-sprintf.o)
                              Src/main.o (sprintf)
c:/ac6/systemworkbench/plugins/fr.ac6.mcu.externaltools.arm-none.win32_1.15.0.201708311556/tools/compiler/bin/../lib/gcc/arm-none-eabi/6.3.1/../../../../arm-none-eabi/lib/thumb/v7e-m/fpv4-sp/hard\libc_nano.a(lib_a-nano-svfprintf.o)
                              c:/ac6/systemworkbench/plugins/fr.ac6.mcu.externaltools.arm-none.win32_1.15.0.201708311556/tools/compiler/bin/../lib/gcc/arm-none-eabi/6.3.1/../../../../arm-none-eabi/lib/thumb/v7e-m/fpv4-sp/hard\libc_nano.a(lib_a-sprintf.o) (_svfprintf_r)
c:/ac6/systemworkbench/plugins/fr.ac6.mcu.externaltools.arm-none.win32_1.15.0.201708311556/tools/compiler/bin/../lib/gcc/arm-none-eabi/6.3.1/../../../../arm-none-eabi/lib/thumb/v7e-m/fpv4-sp/hard\libc_nano.a(lib_a-nano-vfprintf_i.o)
                              c:/ac6/systemworkbench/plugins/fr.ac6.mcu.externaltools.arm-none.win32_1.15.0.201708311556/tools/compiler/bin/../lib/gcc/arm-none-eabi/6.3.1/../../../../arm-none-eabi/lib/thumb/v7e-m/fpv4-sp/hard\libc_nano.a(lib_a-nano-svfprintf.o) (_printf_i)
c:/ac6/systemworkbench/plugins/fr.ac6.mcu.externaltools.arm-none.win32_1.15.0.201708311556/tools/compiler/bin/../lib/gcc/arm-none-eabi/6.3.1/../../../../arm-none-eabi/lib/thumb/v7e-m/fpv4-sp/hard\libc_nano.a(lib_a-memchr.o)
                              c:/ac6/systemworkbench/plugins/fr.ac6.mcu.externaltools.arm-none.win32_1.15.0.201708311556/tools/compiler/bin/../lib/gcc/arm-none-eabi/6.3.1/../../../../arm-none-eabi/lib/thumb/v7e-m/fpv4-sp/hard\libc_nano.a(lib_a-nano-svfprintf.o) (memchr)
c:/ac6/systemworkbench/plugins/fr.ac6.mcu.externaltools.arm-none.win32_1.15.0.201708311556/tools/compiler/bin/../lib/gcc/arm-none-eabi/6.3.1/../../../../arm-none-eabi/lib/thumb/v7e-m/fpv4-sp/hard\libc_nano.a(lib_a-memmove.o)
                              c:/ac6/systemworkbench/plugins/fr.ac6.mcu.externaltools.arm-none.win32_1.15.0.201708311556/tools/compiler/bin/../lib/gcc/arm-none-eabi/6.3.1/../../../../arm-none-eabi/lib/thumb/v7e-m/fpv4-sp/hard\libc_nano.a(lib_a-nano-svfprintf.o) (memmove)
c:/ac6/systemworkbench/plugins/fr.ac6.mcu.externaltools.arm-none.win32_1.15.0.201708311556/tools/compiler/bin/../lib/gcc/arm-none-eabi/6.3.1/../../../../arm-none-eabi/lib/thumb/v7e-m/fpv4-sp/hard\libc_nano.a(lib_a-nano-freer.o)
[...]
Memory Configuration

Name             Origin             Length             Attributes
RAM              0x20000000         0x0000a000         xrw
CCMRAM           0x10000000         0x00002000         rw
FLASH            0x08000000         0x00040000         xr
*default*        0x00000000         0xffffffff

Linker script and memory map

LOAD c:/ac6/systemworkbench/plugins/fr.ac6.mcu.externaltools.arm-none.win32_1.15.0.201708311556/tools/compiler/bin/../lib/gcc/arm-none-eabi/6.3.1/thumb/v7e-m/fpv4-sp/hard/crti.o
LOAD c:/ac6/systemworkbench/plugins/fr.ac6.mcu.externaltools.arm-none.win32_1.15.0.201708311556/tools/compiler/bin/../lib/gcc/arm-none-eabi/6.3.1/thumb/v7e-m/fpv4-sp/hard/crtbegin.o
LOAD c:/ac6/systemworkbench/plugins/fr.ac6.mcu.externaltools.arm-none.win32_1.15.0.201708311556/tools/compiler/bin/../lib/gcc/arm-none-eabi/6.3.1/../../../../arm-none-eabi/lib/thumb/v7e-m/fpv4-sp/hard/crt0.o
LOAD Drivers/STM32F3xx_HAL_Driver/Src/stm32f3xx_hal.o
LOAD Drivers/STM32F3xx_HAL_Driver/Src/stm32f3xx_hal_adc.o
LOAD Drivers/STM32F3xx_HAL_Driver/Src/stm32f3xx_hal_adc_ex.o
LOAD Drivers/STM32F3xx_HAL_Driver/Src/stm32f3xx_hal_cortex.o
LOAD Drivers/STM32F3xx_HAL_Driver/Src/stm32f3xx_hal_dma.o
LOAD Drivers/STM32F3xx_HAL_Driver/Src/stm32f3xx_hal_flash.o
LOAD Drivers/STM32F3xx_HAL_Driver/Src/stm32f3xx_hal_flash_ex.o
LOAD Drivers/STM32F3xx_HAL_Driver/Src/stm32f3xx_hal_gpio.o
LOAD Drivers/STM32F3xx_HAL_Driver/Src/stm32f3xx_hal_i2c.o
LOAD Drivers/STM32F3xx_HAL_Driver/Src/stm32f3xx_hal_i2c_ex.o
LOAD Drivers/STM32F3xx_HAL_Driver/Src/stm32f3xx_hal_pwr.o
LOAD Drivers/STM32F3xx_HAL_Driver/Src/stm32f3xx_hal_pwr_ex.o
LOAD Drivers/STM32F3xx_HAL_Driver/Src/stm32f3xx_hal_rcc.o
LOAD Drivers/STM32F3xx_HAL_Driver/Src/stm32f3xx_hal_rcc_ex.o
LOAD Drivers/STM32F3xx_HAL_Driver/Src/stm32f3xx_hal_spi.o
LOAD Drivers/STM32F3xx_HAL_Driver/Src/stm32f3xx_hal_spi_ex.o
LOAD Drivers/STM32F3xx_HAL_Driver/Src/stm32f3xx_hal_tim.o
LOAD Drivers/STM32F3xx_HAL_Driver/Src/stm32f3xx_hal_tim_ex.o
LOAD Drivers/STM32F3xx_HAL_Driver/Src/stm32f3xx_hal_uart.o
LOAD Drivers/STM32F3xx_HAL_Driver/Src/stm32f3xx_hal_uart_ex.o
LOAD Src/Fonts.o
LOAD Src/SSD1331.o
LOAD Src/main.o
LOAD Src/stm32f3xx_hal_msp.o
LOAD Src/stm32f3xx_it.o
LOAD Src/system_stm32f3xx.o
LOAD startup/startup_stm32f303xc.o
LOAD c:/ac6/systemworkbench/plugins/fr.ac6.mcu.externaltools.arm-none.win32_1.15.0.201708311556/tools/compiler/bin/../lib/gcc/arm-none-eabi/6.3.1/../../../../arm-none-eabi/lib/thumb/v7e-m/fpv4-sp/hard\libm.a
START GROUP
LOAD c:/ac6/systemworkbench/plugins/fr.ac6.mcu.externaltools.arm-none.win32_1.15.0.201708311556/tools/compiler/bin/../lib/gcc/arm-none-eabi/6.3.1/thumb/v7e-m/fpv4-sp/hard\libgcc.a
LOAD c:/ac6/systemworkbench/plugins/fr.ac6.mcu.externaltools.arm-none.win32_1.15.0.201708311556/tools/compiler/bin/../lib/gcc/arm-none-eabi/6.3.1/../../../../arm-none-eabi/lib/thumb/v7e-m/fpv4-sp/hard\libc_nano.a
END GROUP
START GROUP
LOAD c:/ac6/systemworkbench/plugins/fr.ac6.mcu.externaltools.arm-none.win32_1.15.0.201708311556/tools/compiler/bin/../lib/gcc/arm-none-eabi/6.3.1/thumb/v7e-m/fpv4-sp/hard\libgcc.a
LOAD c:/ac6/systemworkbench/plugins/fr.ac6.mcu.externaltools.arm-none.win32_1.15.0.201708311556/tools/compiler/bin/../lib/gcc/arm-none-eabi/6.3.1/../../../../arm-none-eabi/lib/thumb/v7e-m/fpv4-sp/hard\libc_nano.a
LOAD c:/ac6/systemworkbench/plugins/fr.ac6.mcu.externaltools.arm-none.win32_1.15.0.201708311556/tools/compiler/bin/../lib/gcc/arm-none-eabi/6.3.1/../../../../arm-none-eabi/lib/thumb/v7e-m/fpv4-sp/hard\libnosys.a
END GROUP
START GROUP
LOAD c:/ac6/systemworkbench/plugins/fr.ac6.mcu.externaltools.arm-none.win32_1.15.0.201708311556/tools/compiler/bin/../lib/gcc/arm-none-eabi/6.3.1/thumb/v7e-m/fpv4-sp/hard\libgcc.a
LOAD c:/ac6/systemworkbench/plugins/fr.ac6.mcu.externaltools.arm-none.win32_1.15.0.201708311556/tools/compiler/bin/../lib/gcc/arm-none-eabi/6.3.1/../../../../arm-none-eabi/lib/thumb/v7e-m/fpv4-sp/hard\libc_nano.a
LOAD c:/ac6/systemworkbench/plugins/fr.ac6.mcu.externaltools.arm-none.win32_1.15.0.201708311556/tools/compiler/bin/../lib/gcc/arm-none-eabi/6.3.1/../../../../arm-none-eabi/lib/thumb/v7e-m/fpv4-sp/hard\libnosys.a
END GROUP
LOAD c:/ac6/systemworkbench/plugins/fr.ac6.mcu.externaltools.arm-none.win32_1.15.0.201708311556/tools/compiler/bin/../lib/gcc/arm-none-eabi/6.3.1/thumb/v7e-m/fpv4-sp/hard/crtend.o
LOAD c:/ac6/systemworkbench/plugins/fr.ac6.mcu.externaltools.arm-none.win32_1.15.0.201708311556/tools/compiler/bin/../lib/gcc/arm-none-eabi/6.3.1/thumb/v7e-m/fpv4-sp/hard/crtn.o
                0x2000a000                _estack = 0x2000a000
                0x00000200                _Min_Heap_Size = 0x200
                0x00000400                _Min_Stack_Size = 0x400

.isr_vector     0x08000000      0x188
                0x08000000                . = ALIGN (0x4)
 *(.isr_vector)
 .isr_vector    0x08000000      0x188 startup/startup_stm32f303xc.o
                0x08000000                g_pfnVectors
                0x08000188                . = ALIGN (0x4)

.text           0x08000190     0x613c
                0x08000190                . = ALIGN (0x4)
 *(.text)
 .text          0x08000190       0x6c c:/ac6/systemworkbench/plugins/fr.ac6.mcu.externaltools.arm-none.win32_1.15.0.201708311556/tools/compiler/bin/../lib/gcc/arm-none-eabi/6.3.1/thumb/v7e-m/fpv4-sp/hard/crtbegin.o
 *fill*         0x080001fc        0x4 
 .text          0x08000200       0xa0 c:/ac6/systemworkbench/plugins/fr.ac6.mcu.externaltools.arm-none.win32_1.15.0.201708311556/tools/compiler/bin/../lib/gcc/arm-none-eabi/6.3.1/../../../../arm-none-eabi/lib/thumb/v7e-m/fpv4-sp/hard\libc_nano.a(lib_a-memchr.o)
                0x08000200                memchr
 *(.text*)
 .text.HAL_InitTick
                0x080002a0       0x48 Drivers/STM32F3xx_HAL_Driver/Src/stm32f3xx_hal.o
                0x080002a0                HAL_InitTick
 .text.HAL_Init
                0x080002e8       0x24 Drivers/STM32F3xx_HAL_Driver/Src/stm32f3xx_hal.o
                0x080002e8                HAL_Init
 .text.HAL_IncTick
                0x0800030c       0x18 Drivers/STM32F3xx_HAL_Driver/Src/stm32f3xx_hal.o
                0x0800030c                HAL_IncTick
 .text.HAL_GetTick
                0x08000324        0xc Drivers/STM32F3xx_HAL_Driver/Src/stm32f3xx_hal.o
                0x08000324                HAL_GetTick
 .text.HAL_Delay
                0x08000330       0x28 Drivers/STM32F3xx_HAL_Driver/Src/stm32f3xx_hal.o
                0x08000330                HAL_Delay
 .text.HAL_ADC_ConvCpltCallback
                0x08000358        0x2 Drivers/STM32F3xx_HAL_Driver/Src/stm32f3xx_hal_adc.o
                0x08000358                HAL_ADC_ConvCpltCallback
 .text.HAL_ADC_ConvHalfCpltCallback
                0x0800035a        0x2 Drivers/STM32F3xx_HAL_Driver/Src/stm32f3xx_hal_adc.o
                0x0800035a                HAL_ADC_ConvHalfCpltCallback
 .text.HAL_ADC_ErrorCallback
                0x0800035c        0x2 Drivers/STM32F3xx_HAL_Driver/Src/stm32f3xx_hal_adc.o
                0x0800035c                HAL_ADC_ErrorCallback
 .text.ADC_Disable
                0x0800035e       0x88 Drivers/STM32F3xx_HAL_Driver/Src/stm32f3xx_hal_adc_ex.o
 *fill*         0x080003e6        0x2 
 .text.ADC_Enable
                0x080003e8       0x84 Drivers/STM32F3xx_HAL_Driver/Src/stm32f3xx_hal_adc_ex.o
 .text.ADC_DMAError
                0x0800046c       0x1a Drivers/STM32F3xx_HAL_Driver/Src/stm32f3xx_hal_adc_ex.o
 .text.ADC_DMAHalfConvCplt
                0x08000486        0xa Drivers/STM32F3xx_HAL_Driver/Src/stm32f3xx_hal_adc_ex.o
 .text.ADC_DMAConvCplt
                0x08000490       0x4a Drivers/STM32F3xx_HAL_Driver/Src/stm32f3xx_hal_adc_ex.o
 *fill*         0x080004da        0x2 
 .text.HAL_ADC_Init
                0x080004dc      0x298 Drivers/STM32F3xx_HAL_Driver/Src/stm32f3xx_hal_adc_ex.o
                0x080004dc                HAL_ADC_Init
 .text.HAL_ADC_Start_DMA
                0x08000774      0x180 Drivers/STM32F3xx_HAL_Driver/Src/stm32f3xx_hal_adc_ex.o
                0x08000774                HAL_ADC_Start_DMA
 .text.HAL_ADC_ConfigChannel
                0x080008f4      0x3c8 Drivers/STM32F3xx_HAL_Driver/Src/stm32f3xx_hal_adc_ex.o
                0x080008f4                HAL_ADC_ConfigChannel
 .text.HAL_ADCEx_MultiModeConfigChannel
                0x08000cbc      0x180 Drivers/STM32F3xx_HAL_Driver/Src/stm32f3xx_hal_adc_ex.o
                0x08000cbc                HAL_ADCEx_MultiModeConfigChannel
 .text.HAL_NVIC_SetPriorityGrouping
                0x08000e3c       0x24 Drivers/STM32F3xx_HAL_Driver/Src/stm32f3xx_hal_cortex.o
                0x08000e3c                HAL_NVIC_SetPriorityGrouping
 .text.HAL_NVIC_SetPriority
                0x08000e60       0x64 Drivers/STM32F3xx_HAL_Driver/Src/stm32f3xx_hal_cortex.o
                0x08000e60                HAL_NVIC_SetPriority
 .text.HAL_NVIC_EnableIRQ
                0x08000ec4       0x18 Drivers/STM32F3xx_HAL_Driver/Src/stm32f3xx_hal_cortex.o
                0x08000ec4                HAL_NVIC_EnableIRQ
 .text.HAL_SYSTICK_Config
                0x08000edc       0x2c Drivers/STM32F3xx_HAL_Driver/Src/stm32f3xx_hal_cortex.o
                0x08000edc                HAL_SYSTICK_Config
 .text.HAL_SYSTICK_CLKSourceConfig
                0x08000f08       0x20 Drivers/STM32F3xx_HAL_Driver/Src/stm32f3xx_hal_cortex.o
                0x08000f08                HAL_SYSTICK_CLKSourceConfig
 .text.HAL_SYSTICK_Callback
                0x08000f28        0x2 Drivers/STM32F3xx_HAL_Driver/Src/stm32f3xx_hal_cortex.o
                0x08000f28                HAL_SYSTICK_Callback
 .text.HAL_SYSTICK_IRQHandler
                0x08000f2a        0x8 Drivers/STM32F3xx_HAL_Driver/Src/stm32f3xx_hal_cortex.o
                0x08000f2a                HAL_SYSTICK_IRQHandler
 .text.DMA_SetConfig
                0x08000f32       0x2c Drivers/STM32F3xx_HAL_Driver/Src/stm32f3xx_hal_dma.o
 *fill*         0x08000f5e        0x2 
 .text.DMA_CalcBaseAndBitshift
                0x08000f60       0x4c Drivers/STM32F3xx_HAL_Driver/Src/stm32f3xx_hal_dma.o
 .text.HAL_DMA_Init
                0x08000fac       0x58 Drivers/STM32F3xx_HAL_Driver/Src/stm32f3xx_hal_dma.o
                0x08000fac                HAL_DMA_Init
 .text.HAL_DMA_Start_IT
                0x08001004       0x74 Drivers/STM32F3xx_HAL_Driver/Src/stm32f3xx_hal_dma.o
                0x08001004                HAL_DMA_Start_IT
 .text.HAL_DMA_Abort_IT
                0x08001078       0x4a Drivers/STM32F3xx_HAL_Driver/Src/stm32f3xx_hal_dma.o
                0x08001078                HAL_DMA_Abort_IT
 .text.HAL_DMA_IRQHandler
                0x080010c2       0xb2 Drivers/STM32F3xx_HAL_Driver/Src/stm32f3xx_hal_dma.o
                0x080010c2                HAL_DMA_IRQHandler
 .text.HAL_GPIO_Init
                0x08001174      0x1a0 Drivers/STM32F3xx_HAL_Driver/Src/stm32f3xx_hal_gpio.o
                0x08001174                HAL_GPIO_Init
 .text.HAL_GPIO_WritePin
                0x08001314        0xa Drivers/STM32F3xx_HAL_Driver/Src/stm32f3xx_hal_gpio.o
                0x08001314                HAL_GPIO_WritePin
 .text.HAL_GPIO_TogglePin
                0x0800131e        0x8 Drivers/STM32F3xx_HAL_Driver/Src/stm32f3xx_hal_gpio.o
                0x0800131e                HAL_GPIO_TogglePin
 *fill*         0x08001326        0x2 
 .text.HAL_GPIO_EXTI_IRQHandler
                0x08001328       0x1c Drivers/STM32F3xx_HAL_Driver/Src/stm32f3xx_hal_gpio.o
                0x08001328                HAL_GPIO_EXTI_IRQHandler
 .text.HAL_RCC_OscConfig
                0x08001344      0x60c Drivers/STM32F3xx_HAL_Driver/Src/stm32f3xx_hal_rcc.o
                0x08001344                HAL_RCC_OscConfig
 .text.HAL_RCC_GetSysClockFreq
                0x08001950       0x70 Drivers/STM32F3xx_HAL_Driver/Src/stm32f3xx_hal_rcc.o
                0x08001950                HAL_RCC_GetSysClockFreq
 .text.HAL_RCC_ClockConfig
                0x080019c0      0x1d4 Drivers/STM32F3xx_HAL_Driver/Src/stm32f3xx_hal_rcc.o
                0x080019c0                HAL_RCC_ClockConfig
 .text.HAL_RCC_GetHCLKFreq
                0x08001b94        0xc Drivers/STM32F3xx_HAL_Driver/Src/stm32f3xx_hal_rcc.o
                0x08001b94                HAL_RCC_GetHCLKFreq
 .text.HAL_RCC_GetPCLK1Freq
                0x08001ba0       0x2c Drivers/STM32F3xx_HAL_Driver/Src/stm32f3xx_hal_rcc.o
                0x08001ba0                HAL_RCC_GetPCLK1Freq
 .text.HAL_RCC_GetPCLK2Freq
                0x08001bcc       0x2c Drivers/STM32F3xx_HAL_Driver/Src/stm32f3xx_hal_rcc.o
                0x08001bcc                HAL_RCC_GetPCLK2Freq
 .text.HAL_RCCEx_PeriphCLKConfig
                0x08001bf8      0x268 Drivers/STM32F3xx_HAL_Driver/Src/stm32f3xx_hal_rcc_ex.o
                0x08001bf8                HAL_RCCEx_PeriphCLKConfig
 .text.SPI_WaitFlagStateUntilTimeout
                0x08001e60       0x92 Drivers/STM32F3xx_HAL_Driver/Src/stm32f3xx_hal_spi.o
 .text.SPI_WaitFifoStateUntilTimeout
                0x08001ef2       0xa4 Drivers/STM32F3xx_HAL_Driver/Src/stm32f3xx_hal_spi.o
 .text.SPI_EndRxTxTransaction
                0x08001f96       0x68 Drivers/STM32F3xx_HAL_Driver/Src/stm32f3xx_hal_spi.o
 .text.HAL_SPI_Init
                0x08001ffe       0xba Drivers/STM32F3xx_HAL_Driver/Src/stm32f3xx_hal_spi.o
                0x08001ffe                HAL_SPI_Init
 .text.HAL_SPI_Transmit
                0x080020b8      0x1cc Drivers/STM32F3xx_HAL_Driver/Src/stm32f3xx_hal_spi.o
                0x080020b8                HAL_SPI_Transmit
 .text.HAL_TIM_Base_Start_IT
                0x08002284       0x18 Drivers/STM32F3xx_HAL_Driver/Src/stm32f3xx_hal_tim.o
                0x08002284                HAL_TIM_Base_Start_IT
 .text.HAL_TIM_PeriodElapsedCallback
                0x0800229c        0x2 Drivers/STM32F3xx_HAL_Driver/Src/stm32f3xx_hal_tim.o
                0x0800229c                HAL_TIM_PeriodElapsedCallback
 .text.HAL_TIM_OC_DelayElapsedCallback
                0x0800229e        0x2 Drivers/STM32F3xx_HAL_Driver/Src/stm32f3xx_hal_tim.o
                0x0800229e                HAL_TIM_OC_DelayElapsedCallback
 .text.HAL_TIM_IC_CaptureCallback
                0x080022a0        0x2 Drivers/STM32F3xx_HAL_Driver/Src/stm32f3xx_hal_tim.o
                0x080022a0                HAL_TIM_IC_CaptureCallback
 .text.HAL_TIM_PWM_PulseFinishedCallback
                0x080022a2        0x2 Drivers/STM32F3xx_HAL_Driver/Src/stm32f3xx_hal_tim.o
                0x080022a2                HAL_TIM_PWM_PulseFinishedCallback
 .text.HAL_TIM_TriggerCallback
                0x080022a4        0x2 Drivers/STM32F3xx_HAL_Driver/Src/stm32f3xx_hal_tim.o
                0x080022a4                HAL_TIM_TriggerCallback
 .text.HAL_TIM_IRQHandler
                0x080022a6      0x19a Drivers/STM32F3xx_HAL_Driver/Src/stm32f3xx_hal_tim.o
                0x080022a6                HAL_TIM_IRQHandler
 .text.TIM_Base_SetConfig
                0x08002440       0xb8 Drivers/STM32F3xx_HAL_Driver/Src/stm32f3xx_hal_tim.o
                0x08002440                TIM_Base_SetConfig
 .text.HAL_TIM_Base_Init
                0x080024f8       0x32 Drivers/STM32F3xx_HAL_Driver/Src/stm32f3xx_hal_tim.o
                0x080024f8                HAL_TIM_Base_Init
 .text.HAL_TIMEx_CommutationCallback
                0x0800252a        0x2 Drivers/STM32F3xx_HAL_Driver/Src/stm32f3xx_hal_tim_ex.o
                0x0800252a                HAL_TIMEx_CommutationCallback
 .text.HAL_TIMEx_BreakCallback
                0x0800252c        0x2 Drivers/STM32F3xx_HAL_Driver/Src/stm32f3xx_hal_tim_ex.o
                0x0800252c                HAL_TIMEx_BreakCallback
 .text.HAL_TIMEx_Break2Callback
                0x0800252e        0x2 Drivers/STM32F3xx_HAL_Driver/Src/stm32f3xx_hal_tim_ex.o
                0x0800252e                HAL_TIMEx_Break2Callback
 .text.UART_EndRxTransfer
                0x08002530       0x1c Drivers/STM32F3xx_HAL_Driver/Src/stm32f3xx_hal_uart.o
 .text.HAL_UART_Transmit_IT
                0x0800254c       0x4c Drivers/STM32F3xx_HAL_Driver/Src/stm32f3xx_hal_uart.o
                0x0800254c                HAL_UART_Transmit_IT
 .text.HAL_UART_Receive_IT
                0x08002598       0x92 Drivers/STM32F3xx_HAL_Driver/Src/stm32f3xx_hal_uart.o
                0x08002598                HAL_UART_Receive_IT
 .text.HAL_UART_TxCpltCallback
                0x0800262a        0x2 Drivers/STM32F3xx_HAL_Driver/Src/stm32f3xx_hal_uart.o
                0x0800262a                HAL_UART_TxCpltCallback
 .text.HAL_UART_RxCpltCallback
                0x0800262c        0x2 Drivers/STM32F3xx_HAL_Driver/Src/stm32f3xx_hal_uart.o
                0x0800262c                HAL_UART_RxCpltCallback
 .text.HAL_UART_ErrorCallback
                0x0800262e        0x2 Drivers/STM32F3xx_HAL_Driver/Src/stm32f3xx_hal_uart.o
                0x0800262e                HAL_UART_ErrorCallback
 .text.UART_DMAAbortOnError
                0x08002630       0x14 Drivers/STM32F3xx_HAL_Driver/Src/stm32f3xx_hal_uart.o
 .text.UART_SetConfig
                0x08002644      0x29c Drivers/STM32F3xx_HAL_Driver/Src/stm32f3xx_hal_uart.o
                0x08002644                UART_SetConfig
 .text.UART_AdvFeatureConfig
                0x080028e0       0xca Drivers/STM32F3xx_HAL_Driver/Src/stm32f3xx_hal_uart.o
                0x080028e0                UART_AdvFeatureConfig
 .text.UART_WaitOnFlagUntilTimeout
                0x080029aa       0x64 Drivers/STM32F3xx_HAL_Driver/Src/stm32f3xx_hal_uart.o
                0x080029aa                UART_WaitOnFlagUntilTimeout
 .text.HAL_UART_Receive
                0x08002a0e       0xf4 Drivers/STM32F3xx_HAL_Driver/Src/stm32f3xx_hal_uart.o
                0x08002a0e                HAL_UART_Receive
 .text.UART_CheckIdleState
                0x08002b02       0x70 Drivers/STM32F3xx_HAL_Driver/Src/stm32f3xx_hal_uart.o
                0x08002b02                UART_CheckIdleState
 .text.HAL_UART_Init
                0x08002b72       0x68 Drivers/STM32F3xx_HAL_Driver/Src/stm32f3xx_hal_uart.o
                0x08002b72                HAL_UART_Init
 .text.UART_Transmit_IT
                0x08002bda       0x6e Drivers/STM32F3xx_HAL_Driver/Src/stm32f3xx_hal_uart.o
                0x08002bda                UART_Transmit_IT
 .text.UART_EndTransmit_IT
                0x08002c48       0x1a Drivers/STM32F3xx_HAL_Driver/Src/stm32f3xx_hal_uart.o
                0x08002c48                UART_EndTransmit_IT
 .text.UART_Receive_IT
                0x08002c62       0x82 Drivers/STM32F3xx_HAL_Driver/Src/stm32f3xx_hal_uart.o
                0x08002c62                UART_Receive_IT
 .text.HAL_UART_IRQHandler
                0x08002ce4      0x15c Drivers/STM32F3xx_HAL_Driver/Src/stm32f3xx_hal_uart.o
                0x08002ce4                HAL_UART_IRQHandler
 .text.HAL_UARTEx_WakeupCallback
                0x08002e40        0x2 Drivers/STM32F3xx_HAL_Driver/Src/stm32f3xx_hal_uart_ex.o
                0x08002e40                HAL_UARTEx_WakeupCallback
 .text._pow     0x08002e42       0x16 Src/SSD1331.o
 .text.ssd1331_write_byte
                0x08002e58       0x60 Src/SSD1331.o
 .text.ssd1331_draw_point
                0x08002eb8       0x54 Src/SSD1331.o
                0x08002eb8                ssd1331_draw_point
 .text.ssd1331_draw_line
                0x08002f0c       0x9c Src/SSD1331.o
                0x08002f0c                ssd1331_draw_line
 .text.ssd1331_display_char
                0x08002fa8       0xa4 Src/SSD1331.o
                0x08002fa8                ssd1331_display_char
 .text.ssd1331_display_num
                0x0800304c       0xac Src/SSD1331.o
                0x0800304c                ssd1331_display_num
 .text.ssd1331_clear_screen
                0x080030f8       0x28 Src/SSD1331.o
                0x080030f8                ssd1331_clear_screen
 .text.ssd1331_display_string
                0x08003120       0x62 Src/SSD1331.o
                0x08003120                ssd1331_display_string
 *fill*         0x08003182        0x2 
 .text.ssd1331_init
                0x08003184      0x158 Src/SSD1331.o
                0x08003184                ssd1331_init
 .text.drawBoard
                0x080032dc       0x7c Src/main.o
 .text.drawCursor01
                0x08003358       0x48 Src/main.o
 .text.drawCursor11
                0x080033a0       0x48 Src/main.o
 .text.drawCursor21
                0x080033e8       0x48 Src/main.o
 .text.drawCursor31
                0x08003430       0x48 Src/main.o
 .text.drawCursor41
                0x08003478       0x48 Src/main.o
 .text.drawCursor51
                0x080034c0       0x48 Src/main.o
 .text.drawCursor61
                0x08003508       0x48 Src/main.o
 .text.drawCursor71
                0x08003550       0x48 Src/main.o
 .text.drawCursor81
                0x08003598       0x48 Src/main.o
 .text.drawCursor00
                0x080035e0       0x48 Src/main.o
 .text.drawCursor10
                0x08003628       0x48 Src/main.o
 .text.drawCursor20
                0x08003670       0x48 Src/main.o
 .text.drawCursor30
                0x080036b8       0x48 Src/main.o
 .text.drawCursor40
                0x08003700       0x48 Src/main.o
 .text.drawCursor50
                0x08003748       0x48 Src/main.o
 .text.drawCursor60
                0x08003790       0x48 Src/main.o
 .text.drawCursor70
                0x080037d8       0x48 Src/main.o
 .text.drawCursor80
                0x08003820       0x48 Src/main.o
 .text.MX_GPIO_Init
                0x08003868      0x190 Src/main.o
 .text.MX_DMA_Init
                0x080039f8       0x34 Src/main.o
 .text.checkWin
                0x08003a2c      0x1ac Src/main.o
 .text.checkDraw
                0x08003bd8       0x7c Src/main.o
 .text.writeScore
                0x08003c54       0xdc Src/main.o
 .text.drawOnScreen
                0x08003d30      0x7e4 Src/main.o
 .text.newGame  0x08004514       0x98 Src/main.o
 .text.insert   0x080045ac      0x520 Src/main.o
 .text.displayScoreboard
                0x08004acc       0x3c Src/main.o
 .text.drawOnMove
                0x08004b08      0x6e4 Src/main.o
 .text.moveCursorOnScreen
                0x080051ec       0xcc Src/main.o
 .text.HAL_GPIO_EXTI_Callback
                0x080052b8        0xc Src/main.o
                0x080052b8                HAL_GPIO_EXTI_Callback
 .text._Error_Handler
                0x080052c4        0x2 Src/main.o
                0x080052c4                _Error_Handler
 *fill*         0x080052c6        0x2 
 .text.MX_SPI1_Init
                0x080052c8       0x58 Src/main.o
 .text.MX_ADC1_Init
                0x08005320       0xac Src/main.o
 .text.MX_USART1_UART_Init
                0x080053cc       0x40 Src/main.o
 .text.MX_TIM16_Init
                0x0800540c       0x3c Src/main.o
 .text.SystemClock_Config
                0x08005448       0xa8 Src/main.o
                0x08005448                SystemClock_Config
 .text.main     0x080054f0      0x22c Src/main.o
                0x080054f0                main
 .text.HAL_MspInit
                0x0800571c       0x7c Src/stm32f3xx_hal_msp.o
                0x0800571c                HAL_MspInit
 .text.HAL_ADC_MspInit
                0x08005798       0x88 Src/stm32f3xx_hal_msp.o
                0x08005798                HAL_ADC_MspInit
 .text.HAL_SPI_MspInit
                0x08005820       0x4c Src/stm32f3xx_hal_msp.o
                0x08005820                HAL_SPI_MspInit
 .text.HAL_TIM_Base_MspInit
                0x0800586c       0x40 Src/stm32f3xx_hal_msp.o
                0x0800586c                HAL_TIM_Base_MspInit
 .text.HAL_UART_MspInit
                0x080058ac       0x60 Src/stm32f3xx_hal_msp.o
                0x080058ac                HAL_UART_MspInit
 .text.SVC_Handler
                0x0800590c        0x2 Src/stm32f3xx_it.o
                0x0800590c                SVC_Handler
 .text.PendSV_Handler
                0x0800590e        0x2 Src/stm32f3xx_it.o
                0x0800590e                PendSV_Handler
 .text.SysTick_Handler
                0x08005910        0xc Src/stm32f3xx_it.o
                0x08005910                SysTick_Handler
 .text.EXTI3_IRQHandler
                0x0800591c        0xa Src/stm32f3xx_it.o
                0x0800591c                EXTI3_IRQHandler
 *fill*         0x08005926        0x2 
 .text.DMA1_Channel1_IRQHandler
                0x08005928       0x10 Src/stm32f3xx_it.o
                0x08005928                DMA1_Channel1_IRQHandler
 .text.TIM1_UP_TIM16_IRQHandler
                0x08005938       0x10 Src/stm32f3xx_it.o
                0x08005938                TIM1_UP_TIM16_IRQHandler
 .text.USART1_IRQHandler
                0x08005948       0x10 Src/stm32f3xx_it.o
                0x08005948                USART1_IRQHandler
 .text.SystemInit
                0x08005958       0x68 Src/system_stm32f3xx.o
                0x08005958                SystemInit
 .text.Reset_Handler
                0x080059c0       0x50 startup/startup_stm32f303xc.o
                0x080059c0                Reset_Handler
 .text.Default_Handler
                0x08005a10        0x2 startup/startup_stm32f303xc.o
                0x08005a10                RTC_Alarm_IRQHandler
                0x08005a10                TIM8_TRG_COM_IRQHandler
                0x08005a10                TIM8_CC_IRQHandler
                0x08005a10                DebugMon_Handler
                0x08005a10                TIM1_CC_IRQHandler
                0x08005a10                HardFault_Handler
                0x08005a10                USB_HP_IRQHandler
                0x08005a10                PVD_IRQHandler
                0x08005a10                TAMP_STAMP_IRQHandler
                0x08005a10                NMI_Handler
                0x08005a10                USB_HP_CAN_TX_IRQHandler
                0x08005a10                EXTI0_IRQHandler
                0x08005a10                I2C2_EV_IRQHandler
                0x08005a10                FPU_IRQHandler
                0x08005a10                UsageFault_Handler
                0x08005a10                ADC1_2_IRQHandler
                0x08005a10                SPI1_IRQHandler
                0x08005a10                CAN_SCE_IRQHandler
                0x08005a10                TIM6_DAC_IRQHandler
                0x08005a10                TIM8_UP_IRQHandler
                0x08005a10                DMA2_Channel2_IRQHandler
                0x08005a10                DMA1_Channel4_IRQHandler
                0x08005a10                USART3_IRQHandler
                0x08005a10                DMA1_Channel7_IRQHandler
                0x08005a10                UART5_IRQHandler
                0x08005a10                ADC3_IRQHandler
                0x08005a10                TIM4_IRQHandler
                0x08005a10                CAN_RX1_IRQHandler
                0x08005a10                DMA2_Channel1_IRQHandler
                0x08005a10                I2C1_EV_IRQHandler
                0x08005a10                DMA1_Channel6_IRQHandler
                0x08005a10                UART4_IRQHandler
                0x08005a10                DMA2_Channel4_IRQHandler
                0x08005a10                TIM3_IRQHandler
                0x08005a10                RCC_IRQHandler
                0x08005a10                Default_Handler
                0x08005a10                USBWakeUp_RMP_IRQHandler
                0x08005a10                EXTI15_10_IRQHandler
                0x08005a10                TIM7_IRQHandler
                0x08005a10                EXTI9_5_IRQHandler
                0x08005a10                RTC_WKUP_IRQHandler
                0x08005a10                SPI2_IRQHandler
                0x08005a10                USB_LP_CAN_RX0_IRQHandler
                0x08005a10                MemManage_Handler
                0x08005a10                DMA2_Channel5_IRQHandler
                0x08005a10                DMA1_Channel5_IRQHandler
                0x08005a10                USB_LP_IRQHandler
                0x08005a10                EXTI4_IRQHandler
                0x08005a10                TIM1_TRG_COM_TIM17_IRQHandler
                0x08005a10                DMA1_Channel3_IRQHandler
                0x08005a10                ADC4_IRQHandler
                0x08005a10                WWDG_IRQHandler
                0x08005a10                TIM2_IRQHandler
                0x08005a10                COMP7_IRQHandler
                0x08005a10                COMP1_2_3_IRQHandler
                0x08005a10                EXTI1_IRQHandler
                0x08005a10                USART2_IRQHandler
                0x08005a10                COMP4_5_6_IRQHandler
                0x08005a10                I2C2_ER_IRQHandler
                0x08005a10                DMA1_Channel2_IRQHandler
                0x08005a10                TIM8_BRK_IRQHandler
                0x08005a10                FLASH_IRQHandler
                0x08005a10                BusFault_Handler
                0x08005a10                SPI3_IRQHandler
                0x08005a10                I2C1_ER_IRQHandler
                0x08005a10                USBWakeUp_IRQHandler
                0x08005a10                DMA2_Channel3_IRQHandler
                0x08005a10                EXTI2_TSC_IRQHandler
                0x08005a10                TIM1_BRK_TIM15_IRQHandler
 *fill*         0x08005a12        0x2 
 .text.__libc_init_array
                0x08005a14       0x48 c:/ac6/systemworkbench/plugins/fr.ac6.mcu.externaltools.arm-none.win32_1.15.0.201708311556/tools/compiler/bin/../lib/gcc/arm-none-eabi/6.3.1/../../../../arm-none-eabi/lib/thumb/v7e-m/fpv4-sp/hard\libc_nano.a(lib_a-init.o)
                0x08005a14                __libc_init_array
 .text.memcpy   0x08005a5c       0x16 c:/ac6/systemworkbench/plugins/fr.ac6.mcu.externaltools.arm-none.win32_1.15.0.201708311556/tools/compiler/bin/../lib/gcc/arm-none-eabi/6.3.1/../../../../arm-none-eabi/lib/thumb/v7e-m/fpv4-sp/hard\libc_nano.a(lib_a-memcpy-stub.o)
                0x08005a5c                memcpy
 *fill*         0x08005a72        0x2 
 .text.sprintf  0x08005a74       0x48 c:/ac6/systemworkbench/plugins/fr.ac6.mcu.externaltools.arm-none.win32_1.15.0.201708311556/tools/compiler/bin/../lib/gcc/arm-none-eabi/6.3.1/../../../../arm-none-eabi/lib/thumb/v7e-m/fpv4-sp/hard\libc_nano.a(lib_a-sprintf.o)
                0x08005a74                siprintf
                0x08005a74                sprintf
 .text.__ssputs_r
                0x08005abc       0xb6 c:/ac6/systemworkbench/plugins/fr.ac6.mcu.externaltools.arm-none.win32_1.15.0.201708311556/tools/compiler/bin/../lib/gcc/arm-none-eabi/6.3.1/../../../../arm-none-eabi/lib/thumb/v7e-m/fpv4-sp/hard\libc_nano.a(lib_a-nano-svfprintf.o)
                0x08005abc                __ssputs_r
 *fill*         0x08005b72        0x2 
 .text._svfprintf_r
                0x08005b74      0x1e8 c:/ac6/systemworkbench/plugins/fr.ac6.mcu.externaltools.arm-none.win32_1.15.0.201708311556/tools/compiler/bin/../lib/gcc/arm-none-eabi/6.3.1/../../../../arm-none-eabi/lib/thumb/v7e-m/fpv4-sp/hard\libc_nano.a(lib_a-nano-svfprintf.o)
                0x08005b74                _svfiprintf_r
                0x08005b74                _svfprintf_r
 .text._printf_common
                0x08005d5c       0xec c:/ac6/systemworkbench/plugins/fr.ac6.mcu.externaltools.arm-none.win32_1.15.0.201708311556/tools/compiler/bin/../lib/gcc/arm-none-eabi/6.3.1/../../../../arm-none-eabi/lib/thumb/v7e-m/fpv4-sp/hard\libc_nano.a(lib_a-nano-vfprintf_i.o)
                0x08005d5c                _printf_common
 .text._printf_i
                0x08005e48      0x240 c:/ac6/systemworkbench/plugins/fr.ac6.mcu.externaltools.arm-none.win32_1.15.0.201708311556/tools/compiler/bin/../lib/gcc/arm-none-eabi/6.3.1/../../../../arm-none-eabi/lib/thumb/v7e-m/fpv4-sp/hard\libc_nano.a(lib_a-nano-vfprintf_i.o)
                0x08005e48                _printf_i
 .text.memmove  0x08006088       0x34 c:/ac6/systemworkbench/plugins/fr.ac6.mcu.externaltools.arm-none.win32_1.15.0.201708311556/tools/compiler/bin/../lib/gcc/arm-none-eabi/6.3.1/../../../../arm-none-eabi/lib/thumb/v7e-m/fpv4-sp/hard\libc_nano.a(lib_a-memmove.o)
                0x08006088                memmove
 .text._free_r  0x080060bc       0x9c c:/ac6/systemworkbench/plugins/fr.ac6.mcu.externaltools.arm-none.win32_1.15.0.201708311556/tools/compiler/bin/../lib/gcc/arm-none-eabi/6.3.1/../../../../arm-none-eabi/lib/thumb/v7e-m/fpv4-sp/hard\libc_nano.a(lib_a-nano-freer.o)
                0x080060bc                _free_r
 .text._malloc_r
                0x08006158       0xbc c:/ac6/systemworkbench/plugins/fr.ac6.mcu.externaltools.arm-none.win32_1.15.0.201708311556/tools/compiler/bin/../lib/gcc/arm-none-eabi/6.3.1/../../../../arm-none-eabi/lib/thumb/v7e-m/fpv4-sp/hard\libc_nano.a(lib_a-nano-mallocr.o)
                0x08006158                _malloc_r
 .text._realloc_r
                0x08006214       0x4c c:/ac6/systemworkbench/plugins/fr.ac6.mcu.externaltools.arm-none.win32_1.15.0.201708311556/tools/compiler/bin/../lib/gcc/arm-none-eabi/6.3.1/../../../../arm-none-eabi/lib/thumb/v7e-m/fpv4-sp/hard\libc_nano.a(lib_a-nano-reallocr.o)
                0x08006214                _realloc_r
 .text._sbrk_r  0x08006260       0x20 c:/ac6/systemworkbench/plugins/fr.ac6.mcu.externaltools.arm-none.win32_1.15.0.201708311556/tools/compiler/bin/../lib/gcc/arm-none-eabi/6.3.1/../../../../arm-none-eabi/lib/thumb/v7e-m/fpv4-sp/hard\libc_nano.a(lib_a-sbrkr.o)
                0x08006260                _sbrk_r
 .text.__malloc_lock
                0x08006280        0x2 c:/ac6/systemworkbench/plugins/fr.ac6.mcu.externaltools.arm-none.win32_1.15.0.201708311556/tools/compiler/bin/../lib/gcc/arm-none-eabi/6.3.1/../../../../arm-none-eabi/lib/thumb/v7e-m/fpv4-sp/hard\libc_nano.a(lib_a-mlock.o)
                0x08006280                __malloc_lock
 .text.__malloc_unlock
                0x08006282        0x2 c:/ac6/systemworkbench/plugins/fr.ac6.mcu.externaltools.arm-none.win32_1.15.0.201708311556/tools/compiler/bin/../lib/gcc/arm-none-eabi/6.3.1/../../../../arm-none-eabi/lib/thumb/v7e-m/fpv4-sp/hard\libc_nano.a(lib_a-mlock.o)
                0x08006282                __malloc_unlock
 .text._malloc_usable_size_r
                0x08006284       0x12 c:/ac6/systemworkbench/plugins/fr.ac6.mcu.externaltools.arm-none.win32_1.15.0.201708311556/tools/compiler/bin/../lib/gcc/arm-none-eabi/6.3.1/../../../../arm-none-eabi/lib/thumb/v7e-m/fpv4-sp/hard\libc_nano.a(lib_a-nano-msizer.o)
                0x08006284                _malloc_usable_size_r
 *fill*         0x08006296        0x2 
 .text._sbrk    0x08006298       0x1c c:/ac6/systemworkbench/plugins/fr.ac6.mcu.externaltools.arm-none.win32_1.15.0.201708311556/tools/compiler/bin/../lib/gcc/arm-none-eabi/6.3.1/../../../../arm-none-eabi/lib/thumb/v7e-m/fpv4-sp/hard\libnosys.a(sbrk.o)
                0x08006298                _sbrk
 *(.glue_7)
 .glue_7        0x080062b4        0x0 linker stubs
 *(.glue_7t)
 .glue_7t       0x080062b4        0x0 linker stubs
 *(.eh_frame)
 .eh_frame      0x080062b4        0x0 c:/ac6/systemworkbench/plugins/fr.ac6.mcu.externaltools.arm-none.win32_1.15.0.201708311556/tools/compiler/bin/../lib/gcc/arm-none-eabi/6.3.1/thumb/v7e-m/fpv4-sp/hard/crtbegin.o
 *(.init)
 .init          0x080062b4        0x4 c:/ac6/systemworkbench/plugins/fr.ac6.mcu.externaltools.arm-none.win32_1.15.0.201708311556/tools/compiler/bin/../lib/gcc/arm-none-eabi/6.3.1/thumb/v7e-m/fpv4-sp/hard/crti.o
                0x080062b4                _init
 .init          0x080062b8        0x8 c:/ac6/systemworkbench/plugins/fr.ac6.mcu.externaltools.arm-none.win32_1.15.0.201708311556/tools/compiler/bin/../lib/gcc/arm-none-eabi/6.3.1/thumb/v7e-m/fpv4-sp/hard/crtn.o
 *(.fini)
 .fini          0x080062c0        0x4 c:/ac6/systemworkbench/plugins/fr.ac6.mcu.externaltools.arm-none.win32_1.15.0.201708311556/tools/compiler/bin/../lib/gcc/arm-none-eabi/6.3.1/thumb/v7e-m/fpv4-sp/hard/crti.o
                0x080062c0                _fini
 .fini          0x080062c4        0x8 c:/ac6/systemworkbench/plugins/fr.ac6.mcu.externaltools.arm-none.win32_1.15.0.201708311556/tools/compiler/bin/../lib/gcc/arm-none-eabi/6.3.1/thumb/v7e-m/fpv4-sp/hard/crtn.o
                0x080062cc                . = ALIGN (0x4)
                0x080062cc                _etext = .

.vfp11_veneer   0x080062cc        0x0
 .vfp11_veneer  0x080062cc        0x0 linker stubs

.v4_bx          0x080062cc        0x0
 .v4_bx         0x080062cc        0x0 linker stubs

.iplt           0x080062cc        0x0
 .iplt          0x080062cc        0x0 c:/ac6/systemworkbench/plugins/fr.ac6.mcu.externaltools.arm-none.win32_1.15.0.201708311556/tools/compiler/bin/../lib/gcc/arm-none-eabi/6.3.1/thumb/v7e-m/fpv4-sp/hard/crtbegin.o

.rodata         0x080062cc     0x18c4
                0x080062cc                . = ALIGN (0x4)
 *(.rodata)
 .rodata        0x080062cc       0x20 Drivers/STM32F3xx_HAL_Driver/Src/stm32f3xx_hal_rcc.o
                0x080062cc                aPLLMULFactorTable
                0x080062dc                aPredivFactorTable
 .rodata        0x080062ec      0xf2c Src/Fonts.o
                0x080062ec                c_chAlarm88
                0x080062f4                c_chGPRS88
                0x080062fc                c_chBluetooth88
                0x08006304                c_chBat816
                0x08006314                c_chMsg816
                0x08006324                c_chSingal816
                0x08006334                c_chBmp4016
                0x08006394                c_chFont3216
                0x08006654                c_chFont1612
                0x080067b4                c_chFont1608
                0x08006da4                c_chFont1206
 .rodata        0x08007218       0x18 Src/system_stm32f3xx.o
                0x08007218                AHBPrescTable
                0x08007228                APBPrescTable
 *(.rodata*)
 .rodata.str1.4
                0x08007230      0x90f Src/main.o
 *fill*         0x08007b3f        0x1 
 .rodata.str1.4
                0x08007b40       0x1c Src/stm32f3xx_hal_msp.o
                                 0x1b (size before relaxing)
 .rodata._svfprintf_r.str1.1
                0x08007b5c       0x11 c:/ac6/systemworkbench/plugins/fr.ac6.mcu.externaltools.arm-none.win32_1.15.0.201708311556/tools/compiler/bin/../lib/gcc/arm-none-eabi/6.3.1/../../../../arm-none-eabi/lib/thumb/v7e-m/fpv4-sp/hard\libc_nano.a(lib_a-nano-svfprintf.o)
 .rodata._printf_i.str1.1
                0x08007b6d       0x22 c:/ac6/systemworkbench/plugins/fr.ac6.mcu.externaltools.arm-none.win32_1.15.0.201708311556/tools/compiler/bin/../lib/gcc/arm-none-eabi/6.3.1/../../../../arm-none-eabi/lib/thumb/v7e-m/fpv4-sp/hard\libc_nano.a(lib_a-nano-vfprintf_i.o)
                0x08007b90                . = ALIGN (0x4)
 *fill*         0x08007b8f        0x1 

.rel.dyn        0x08007b90        0x0
 .rel.iplt      0x08007b90        0x0 c:/ac6/systemworkbench/plugins/fr.ac6.mcu.externaltools.arm-none.win32_1.15.0.201708311556/tools/compiler/bin/../lib/gcc/arm-none-eabi/6.3.1/thumb/v7e-m/fpv4-sp/hard/crtbegin.o

.ARM.extab
 *(.ARM.extab* .gnu.linkonce.armextab.*)

.ARM            0x08007b90        0x0
                0x08007b90                __exidx_start = .
 *(.ARM.exidx*)
                0x08007b90                __exidx_end = .

.preinit_array  0x08007b90        0x0
                0x08007b90                PROVIDE (__preinit_array_start, .)
 *(.preinit_array*)
                0x08007b90                PROVIDE (__preinit_array_end, .)

.init_array     0x08007b90        0x4
                0x08007b90                PROVIDE (__init_array_start, .)
 *(SORT(.init_array.*))
 *(.init_array*)
 .init_array    0x08007b90        0x4 c:/ac6/systemworkbench/plugins/fr.ac6.mcu.externaltools.arm-none.win32_1.15.0.201708311556/tools/compiler/bin/../lib/gcc/arm-none-eabi/6.3.1/thumb/v7e-m/fpv4-sp/hard/crtbegin.o
                0x08007b94                PROVIDE (__init_array_end, .)

.fini_array     0x08007b94        0x4
                [!provide]                PROVIDE (__fini_array_start, .)
 *(SORT(.fini_array.*))
 *(.fini_array*)
 .fini_array    0x08007b94        0x4 c:/ac6/systemworkbench/plugins/fr.ac6.mcu.externaltools.arm-none.win32_1.15.0.201708311556/tools/compiler/bin/../lib/gcc/arm-none-eabi/6.3.1/thumb/v7e-m/fpv4-sp/hard/crtbegin.o
                [!provide]                PROVIDE (__fini_array_end, .)
                0x08007b98                _sidata = LOADADDR (.data)

.data           0x20000000       0x70 load address 0x08007b98
                0x20000000                . = ALIGN (0x4)
                0x20000000                _sdata = .
 *(.data)
 .data          0x20000000        0x8 Drivers/STM32F3xx_HAL_Driver/Src/stm32f3xx_hal.o
                0x20000000                uwTickFreq
                0x20000004                uwTickPrio
 .data          0x20000008        0x4 Src/system_stm32f3xx.o
                0x20000008                SystemCoreClock
 *(.data*)
 .data._impure_ptr
                0x2000000c        0x4 c:/ac6/systemworkbench/plugins/fr.ac6.mcu.externaltools.arm-none.win32_1.15.0.201708311556/tools/compiler/bin/../lib/gcc/arm-none-eabi/6.3.1/../../../../arm-none-eabi/lib/thumb/v7e-m/fpv4-sp/hard\libc_nano.a(lib_a-impure.o)
                0x2000000c                _impure_ptr
 .data.impure_data
                0x20000010       0x60 c:/ac6/systemworkbench/plugins/fr.ac6.mcu.externaltools.arm-none.win32_1.15.0.201708311556/tools/compiler/bin/../lib/gcc/arm-none-eabi/6.3.1/../../../../arm-none-eabi/lib/thumb/v7e-m/fpv4-sp/hard\libc_nano.a(lib_a-impure.o)
                0x20000070                . = ALIGN (0x4)
                0x20000070                _edata = .
                0x08007c08                _siccmram = LOADADDR (.ccmram)

.jcr            0x20000070        0x0 load address 0x08007c08
 .jcr           0x20000070        0x0 c:/ac6/systemworkbench/plugins/fr.ac6.mcu.externaltools.arm-none.win32_1.15.0.201708311556/tools/compiler/bin/../lib/gcc/arm-none-eabi/6.3.1/thumb/v7e-m/fpv4-sp/hard/crtbegin.o

.igot.plt       0x20000070        0x0 load address 0x08007c08
 .igot.plt      0x20000070        0x0 c:/ac6/systemworkbench/plugins/fr.ac6.mcu.externaltools.arm-none.win32_1.15.0.201708311556/tools/compiler/bin/../lib/gcc/arm-none-eabi/6.3.1/thumb/v7e-m/fpv4-sp/hard/crtbegin.o

.ccmram         0x10000000        0x0 load address 0x08007c08
                0x10000000                . = ALIGN (0x4)
                0x10000000                _sccmram = .
 *(.ccmram)
 *(.ccmram*)
                0x10000000                . = ALIGN (0x4)
                0x10000000                _eccmram = .
                0x10000000                . = ALIGN (0x4)

.bss            0x20000070      0x340
                0x20000070                _sbss = .
                0x20000070                __bss_start__ = _sbss
 *(.bss)
 .bss           0x20000070       0x1c c:/ac6/systemworkbench/plugins/fr.ac6.mcu.externaltools.arm-none.win32_1.15.0.201708311556/tools/compiler/bin/../lib/gcc/arm-none-eabi/6.3.1/thumb/v7e-m/fpv4-sp/hard/crtbegin.o
 .bss           0x2000008c        0xa Src/main.o
                0x2000008c                player
                0x2000008d                win
                0x2000008e                scoreX
                0x2000008f                scoreO
                0x20000090                draw
                0x20000091                cursor
                0x20000092                move
                0x20000093                error
                0x20000094                size
 *(.bss*)
 *fill*         0x20000096        0x2 
 .bss.__malloc_free_list
                0x20000098        0x4 c:/ac6/systemworkbench/plugins/fr.ac6.mcu.externaltools.arm-none.win32_1.15.0.201708311556/tools/compiler/bin/../lib/gcc/arm-none-eabi/6.3.1/../../../../arm-none-eabi/lib/thumb/v7e-m/fpv4-sp/hard\libc_nano.a(lib_a-nano-mallocr.o)
                0x20000098                __malloc_free_list
 .bss.__malloc_sbrk_start
                0x2000009c        0x4 c:/ac6/systemworkbench/plugins/fr.ac6.mcu.externaltools.arm-none.win32_1.15.0.201708311556/tools/compiler/bin/../lib/gcc/arm-none-eabi/6.3.1/../../../../arm-none-eabi/lib/thumb/v7e-m/fpv4-sp/hard\libc_nano.a(lib_a-nano-mallocr.o)
                0x2000009c                __malloc_sbrk_start
 .bss.heap_end.5239
                0x200000a0        0x4 c:/ac6/systemworkbench/plugins/fr.ac6.mcu.externaltools.arm-none.win32_1.15.0.201708311556/tools/compiler/bin/../lib/gcc/arm-none-eabi/6.3.1/../../../../arm-none-eabi/lib/thumb/v7e-m/fpv4-sp/hard\libnosys.a(sbrk.o)
 *(COMMON)
 COMMON         0x200000a4        0x4 Drivers/STM32F3xx_HAL_Driver/Src/stm32f3xx_hal.o
                0x200000a4                uwTick
 COMMON         0x200000a8      0x304 Src/main.o
                0x200000a8                Received
                0x200000ac                Joystick
                0x200000b0                hadc1
                0x20000104                i
                0x20000108                huart1
                0x20000178                buffer
                0x2000018c                hdma_adc1
                0x200001d0                data
                0x200002fc                hspi1
                0x20000360                field
                0x2000036c                htim16
 COMMON         0x200003ac        0x4 c:/ac6/systemworkbench/plugins/fr.ac6.mcu.externaltools.arm-none.win32_1.15.0.201708311556/tools/compiler/bin/../lib/gcc/arm-none-eabi/6.3.1/../../../../arm-none-eabi/lib/thumb/v7e-m/fpv4-sp/hard\libc_nano.a(lib_a-reent.o)
                0x200003ac                errno
                0x200003b0                . = ALIGN (0x4)
                0x200003b0                _ebss = .
                0x200003b0                __bss_end__ = _ebss

._user_heap_stack
                0x200003b0      0x600
                0x200003b0                . = ALIGN (0x8)
                0x200003b0                PROVIDE (end, .)
                [!provide]                PROVIDE (_end, .)
                0x200005b0                . = (. + _Min_Heap_Size)
 *fill*         0x200003b0      0x200 
                0x200009b0                . = (. + _Min_Stack_Size)
 *fill*         0x200005b0      0x400 
                0x200009b0                . = ALIGN (0x8)

/DISCARD/
 libc.a(*)
 libm.a(*)
 libgcc.a(*)

.ARM.attributes
                0x00000000       0x30
 *(.ARM.attributes)
 .ARM.attributes
                0x00000000       0x22 c:/ac6/systemworkbench/plugins/fr.ac6.mcu.externaltools.arm-none.win32_1.15.0.201708311556/tools/compiler/bin/../lib/gcc/arm-none-eabi/6.3.1/thumb/v7e-m/fpv4-sp/hard/crti.o
 .ARM.attributes
                0x00000022       0x34 c:/ac6/systemworkbench/plugins/fr.ac6.mcu.externaltools.arm-none.win32_1.15.0.201708311556/tools/compiler/bin/../lib/gcc/arm-none-eabi/6.3.1/thumb/v7e-m/fpv4-sp/hard/crtbegin.o
 .ARM.attributes
                0x00000056       0x39 Drivers/STM32F3xx_HAL_Driver/Src/stm32f3xx_hal.o
 .ARM.attributes
                0x0000008f       0x39 Drivers/STM32F3xx_HAL_Driver/Src/stm32f3xx_hal_adc.o
 .ARM.attributes
                0x000000c8       0x39 Drivers/STM32F3xx_HAL_Driver/Src/stm32f3xx_hal_adc_ex.o
 .ARM.attributes
                0x00000101       0x39 Drivers/STM32F3xx_HAL_Driver/Src/stm32f3xx_hal_cortex.o
 .ARM.attributes
                0x0000013a       0x39 Drivers/STM32F3xx_HAL_Driver/Src/stm32f3xx_hal_dma.o
 .ARM.attributes
                0x00000173       0x39 Drivers/STM32F3xx_HAL_Driver/Src/stm32f3xx_hal_gpio.o
 .ARM.attributes
                0x000001ac       0x39 Drivers/STM32F3xx_HAL_Driver/Src/stm32f3xx_hal_rcc.o
 .ARM.attributes
                0x000001e5       0x39 Drivers/STM32F3xx_HAL_Driver/Src/stm32f3xx_hal_rcc_ex.o
 .ARM.attributes
                0x0000021e       0x39 Drivers/STM32F3xx_HAL_Driver/Src/stm32f3xx_hal_spi.o
 .ARM.attributes
                0x00000257       0x39 Drivers/STM32F3xx_HAL_Driver/Src/stm32f3xx_hal_tim.o
 .ARM.attributes
                0x00000290       0x39 Drivers/STM32F3xx_HAL_Driver/Src/stm32f3xx_hal_tim_ex.o
 .ARM.attributes
                0x000002c9       0x39 Drivers/STM32F3xx_HAL_Driver/Src/stm32f3xx_hal_uart.o
 .ARM.attributes
                0x00000302       0x39 Drivers/STM32F3xx_HAL_Driver/Src/stm32f3xx_hal_uart_ex.o
 .ARM.attributes
                0x0000033b       0x39 Src/Fonts.o
 .ARM.attributes
                0x00000374       0x39 Src/SSD1331.o
 .ARM.attributes
                0x000003ad       0x39 Src/main.o
 .ARM.attributes
                0x000003e6       0x39 Src/stm32f3xx_hal_msp.o
 .ARM.attributes
                0x0000041f       0x39 Src/stm32f3xx_it.o
 .ARM.attributes
                0x00000458       0x39 Src/system_stm32f3xx.o
 .ARM.attributes
                0x00000491       0x21 startup/startup_stm32f303xc.o
 .ARM.attributes
                0x000004b2       0x34 c:/ac6/systemworkbench/plugins/fr.ac6.mcu.externaltools.arm-none.win32_1.15.0.201708311556/tools/compiler/bin/../lib/gcc/arm-none-eabi/6.3.1/../../../../arm-none-eabi/lib/thumb/v7e-m/fpv4-sp/hard\libc_nano.a(lib_a-impure.o)
 .ARM.attributes
                0x000004e6       0x34 c:/ac6/systemworkbench/plugins/fr.ac6.mcu.externaltools.arm-none.win32_1.15.0.201708311556/tools/compiler/bin/../lib/gcc/arm-none-eabi/6.3.1/../../../../arm-none-eabi/lib/thumb/v7e-m/fpv4-sp/hard\libc_nano.a(lib_a-init.o)
 .ARM.attributes
                0x0000051a       0x34 c:/ac6/systemworkbench/plugins/fr.ac6.mcu.externaltools.arm-none.win32_1.15.0.201708311556/tools/compiler/bin/../lib/gcc/arm-none-eabi/6.3.1/../../../../arm-none-eabi/lib/thumb/v7e-m/fpv4-sp/hard\libc_nano.a(lib_a-memcpy-stub.o)
 .ARM.attributes
                0x0000054e       0x34 c:/ac6/systemworkbench/plugins/fr.ac6.mcu.externaltools.arm-none.win32_1.15.0.201708311556/tools/compiler/bin/../lib/gcc/arm-none-eabi/6.3.1/../../../../arm-none-eabi/lib/thumb/v7e-m/fpv4-sp/hard\libc_nano.a(lib_a-sprintf.o)
 .ARM.attributes
                0x00000582       0x34 c:/ac6/systemworkbench/plugins/fr.ac6.mcu.externaltools.arm-none.win32_1.15.0.201708311556/tools/compiler/bin/../lib/gcc/arm-none-eabi/6.3.1/../../../../arm-none-eabi/lib/thumb/v7e-m/fpv4-sp/hard\libc_nano.a(lib_a-nano-svfprintf.o)
 .ARM.attributes
                0x000005b6       0x34 c:/ac6/systemworkbench/plugins/fr.ac6.mcu.externaltools.arm-none.win32_1.15.0.201708311556/tools/compiler/bin/../lib/gcc/arm-none-eabi/6.3.1/../../../../arm-none-eabi/lib/thumb/v7e-m/fpv4-sp/hard\libc_nano.a(lib_a-nano-vfprintf_i.o)
 .ARM.attributes
                0x000005ea       0x20 c:/ac6/systemworkbench/plugins/fr.ac6.mcu.externaltools.arm-none.win32_1.15.0.201708311556/tools/compiler/bin/../lib/gcc/arm-none-eabi/6.3.1/../../../../arm-none-eabi/lib/thumb/v7e-m/fpv4-sp/hard\libc_nano.a(lib_a-memchr.o)
 .ARM.attributes
                0x0000060a       0x34 c:/ac6/systemworkbench/plugins/fr.ac6.mcu.externaltools.arm-none.win32_1.15.0.201708311556/tools/compiler/bin/../lib/gcc/arm-none-eabi/6.3.1/../../../../arm-none-eabi/lib/thumb/v7e-m/fpv4-sp/hard\libc_nano.a(lib_a-memmove.o)
 .ARM.attributes
                0x0000063e       0x34 c:/ac6/systemworkbench/plugins/fr.ac6.mcu.externaltools.arm-none.win32_1.15.0.201708311556/tools/compiler/bin/../lib/gcc/arm-none-eabi/6.3.1/../../../../arm-none-eabi/lib/thumb/v7e-m/fpv4-sp/hard\libc_nano.a(lib_a-nano-freer.o)
 .ARM.attributes
                0x00000672       0x34 c:/ac6/systemworkbench/plugins/fr.ac6.mcu.externaltools.arm-none.win32_1.15.0.201708311556/tools/compiler/bin/../lib/gcc/arm-none-eabi/6.3.1/../../../../arm-none-eabi/lib/thumb/v7e-m/fpv4-sp/hard\libc_nano.a(lib_a-nano-mallocr.o)
 .ARM.attributes
                0x000006a6       0x34 c:/ac6/systemworkbench/plugins/fr.ac6.mcu.externaltools.arm-none.win32_1.15.0.201708311556/tools/compiler/bin/../lib/gcc/arm-none-eabi/6.3.1/../../../../arm-none-eabi/lib/thumb/v7e-m/fpv4-sp/hard\libc_nano.a(lib_a-nano-reallocr.o)
 .ARM.attributes
                0x000006da       0x34 c:/ac6/systemworkbench/plugins/fr.ac6.mcu.externaltools.arm-none.win32_1.15.0.201708311556/tools/compiler/bin/../lib/gcc/arm-none-eabi/6.3.1/../../../../arm-none-eabi/lib/thumb/v7e-m/fpv4-sp/hard\libc_nano.a(lib_a-sbrkr.o)
 .ARM.attributes
                0x0000070e       0x34 c:/ac6/systemworkbench/plugins/fr.ac6.mcu.externaltools.arm-none.win32_1.15.0.201708311556/tools/compiler/bin/../lib/gcc/arm-none-eabi/6.3.1/../../../../arm-none-eabi/lib/thumb/v7e-m/fpv4-sp/hard\libc_nano.a(lib_a-mlock.o)
 .ARM.attributes
                0x00000742       0x34 c:/ac6/systemworkbench/plugins/fr.ac6.mcu.externaltools.arm-none.win32_1.15.0.201708311556/tools/compiler/bin/../lib/gcc/arm-none-eabi/6.3.1/../../../../arm-none-eabi/lib/thumb/v7e-m/fpv4-sp/hard\libc_nano.a(lib_a-nano-msizer.o)
 .ARM.attributes
                0x00000776       0x34 c:/ac6/systemworkbench/plugins/fr.ac6.mcu.externaltools.arm-none.win32_1.15.0.201708311556/tools/compiler/bin/../lib/gcc/arm-none-eabi/6.3.1/../../../../arm-none-eabi/lib/thumb/v7e-m/fpv4-sp/hard\libc_nano.a(lib_a-reent.o)
 .ARM.attributes
                0x000007aa       0x34 c:/ac6/systemworkbench/plugins/fr.ac6.mcu.externaltools.arm-none.win32_1.15.0.201708311556/tools/compiler/bin/../lib/gcc/arm-none-eabi/6.3.1/../../../../arm-none-eabi/lib/thumb/v7e-m/fpv4-sp/hard\libnosys.a(sbrk.o)
 .ARM.attributes
                0x000007de       0x22 c:/ac6/systemworkbench/plugins/fr.ac6.mcu.externaltools.arm-none.win32_1.15.0.201708311556/tools/compiler/bin/../lib/gcc/arm-none-eabi/6.3.1/thumb/v7e-m/fpv4-sp/hard/crtn.o
OUTPUT(07_SPI_OLED.elf elf32-littlearm)

.debug_info     0x00000000    0x21e7b
 .debug_info    0x00000000     0x108c Drivers/STM32F3xx_HAL_Driver/Src/stm32f3xx_hal.o
 .debug_info    0x0000108c     0x1379 Drivers/STM32F3xx_HAL_Driver/Src/stm32f3xx_hal_adc.o
 .debug_info    0x00002405     0x22bb Drivers/STM32F3xx_HAL_Driver/Src/stm32f3xx_hal_adc_ex.o
 .debug_info    0x000046c0     0x16c4 Drivers/STM32F3xx_HAL_Driver/Src/stm32f3xx_hal_cortex.o
 .debug_info    0x00005d84     0x104d Drivers/STM32F3xx_HAL_Driver/Src/stm32f3xx_hal_dma.o
 .debug_info    0x00006dd1      0xef1 Drivers/STM32F3xx_HAL_Driver/Src/stm32f3xx_hal_gpio.o
 .debug_info    0x00007cc2     0x1bb3 Drivers/STM32F3xx_HAL_Driver/Src/stm32f3xx_hal_rcc.o
 .debug_info    0x00009875      0xf84 Drivers/STM32F3xx_HAL_Driver/Src/stm32f3xx_hal_rcc_ex.o
 .debug_info    0x0000a7f9     0x25a5 Drivers/STM32F3xx_HAL_Driver/Src/stm32f3xx_hal_spi.o
 .debug_info    0x0000cd9e     0x37c1 Drivers/STM32F3xx_HAL_Driver/Src/stm32f3xx_hal_tim.o
 .debug_info    0x0001055f     0x1eb9 Drivers/STM32F3xx_HAL_Driver/Src/stm32f3xx_hal_tim_ex.o
 .debug_info    0x00012418     0x21e2 Drivers/STM32F3xx_HAL_Driver/Src/stm32f3xx_hal_uart.o
 .debug_info    0x000145fa     0x1145 Drivers/STM32F3xx_HAL_Driver/Src/stm32f3xx_hal_uart_ex.o
 .debug_info    0x0001573f      0xf7d Src/Fonts.o
 .debug_info    0x000166bc     0x202c Src/SSD1331.o
 .debug_info    0x000186e8     0x59b7 Src/main.o
 .debug_info    0x0001e09f     0x1f00 Src/stm32f3xx_hal_msp.o
 .debug_info    0x0001ff9f     0x1228 Src/stm32f3xx_it.o
 .debug_info    0x000211c7      0xc34 Src/system_stm32f3xx.o
 .debug_info    0x00021dfb       0x80 startup/startup_stm32f303xc.o

.debug_abbrev   0x00000000     0x359c
 .debug_abbrev  0x00000000      0x2e3 Drivers/STM32F3xx_HAL_Driver/Src/stm32f3xx_hal.o
 .debug_abbrev  0x000002e3      0x22e Drivers/STM32F3xx_HAL_Driver/Src/stm32f3xx_hal_adc.o
 .debug_abbrev  0x00000511      0x32e Drivers/STM32F3xx_HAL_Driver/Src/stm32f3xx_hal_adc_ex.o
 .debug_abbrev  0x0000083f      0x3b8 Drivers/STM32F3xx_HAL_Driver/Src/stm32f3xx_hal_cortex.o
 .debug_abbrev  0x00000bf7      0x2d4 Drivers/STM32F3xx_HAL_Driver/Src/stm32f3xx_hal_dma.o
 .debug_abbrev  0x00000ecb      0x2a5 Drivers/STM32F3xx_HAL_Driver/Src/stm32f3xx_hal_gpio.o
 .debug_abbrev  0x00001170      0x343 Drivers/STM32F3xx_HAL_Driver/Src/stm32f3xx_hal_rcc.o
 .debug_abbrev  0x000014b3      0x334 Drivers/STM32F3xx_HAL_Driver/Src/stm32f3xx_hal_rcc_ex.o
 .debug_abbrev  0x000017e7      0x2df Drivers/STM32F3xx_HAL_Driver/Src/stm32f3xx_hal_spi.o
 .debug_abbrev  0x00001ac6      0x2dc Drivers/STM32F3xx_HAL_Driver/Src/stm32f3xx_hal_tim.o
 .debug_abbrev  0x00001da2      0x2dc Drivers/STM32F3xx_HAL_Driver/Src/stm32f3xx_hal_tim_ex.o
 .debug_abbrev  0x0000207e      0x2e9 Drivers/STM32F3xx_HAL_Driver/Src/stm32f3xx_hal_uart.o
 .debug_abbrev  0x00002367      0x2a6 Drivers/STM32F3xx_HAL_Driver/Src/stm32f3xx_hal_uart_ex.o
 .debug_abbrev  0x0000260d      0x1d6 Src/Fonts.o
 .debug_abbrev  0x000027e3      0x31a Src/SSD1331.o
 .debug_abbrev  0x00002afd      0x3b0 Src/main.o
 .debug_abbrev  0x00002ead      0x2a4 Src/stm32f3xx_hal_msp.o
 .debug_abbrev  0x00003151      0x234 Src/stm32f3xx_it.o
 .debug_abbrev  0x00003385      0x205 Src/system_stm32f3xx.o
 .debug_abbrev  0x0000358a       0x12 startup/startup_stm32f303xc.o

.debug_loc      0x00000000     0xdf13
 .debug_loc     0x00000000      0x108 Drivers/STM32F3xx_HAL_Driver/Src/stm32f3xx_hal.o
 .debug_loc     0x00000108      0x1ef Drivers/STM32F3xx_HAL_Driver/Src/stm32f3xx_hal_adc.o
 .debug_loc     0x000002f7     0x1bb2 Drivers/STM32F3xx_HAL_Driver/Src/stm32f3xx_hal_adc_ex.o
 .debug_loc     0x00001ea9      0x5ce Drivers/STM32F3xx_HAL_Driver/Src/stm32f3xx_hal_cortex.o
 .debug_loc     0x00002477      0x708 Drivers/STM32F3xx_HAL_Driver/Src/stm32f3xx_hal_dma.o
 .debug_loc     0x00002b7f      0x331 Drivers/STM32F3xx_HAL_Driver/Src/stm32f3xx_hal_gpio.o
 .debug_loc     0x00002eb0      0x908 Drivers/STM32F3xx_HAL_Driver/Src/stm32f3xx_hal_rcc.o
 .debug_loc     0x000037b8      0x811 Drivers/STM32F3xx_HAL_Driver/Src/stm32f3xx_hal_rcc_ex.o
 .debug_loc     0x00003fc9     0x1b5e Drivers/STM32F3xx_HAL_Driver/Src/stm32f3xx_hal_spi.o
 .debug_loc     0x00005b27     0x35de Drivers/STM32F3xx_HAL_Driver/Src/stm32f3xx_hal_tim.o
 .debug_loc     0x00009105     0x18d8 Drivers/STM32F3xx_HAL_Driver/Src/stm32f3xx_hal_tim_ex.o
 .debug_loc     0x0000a9dd     0x17b7 Drivers/STM32F3xx_HAL_Driver/Src/stm32f3xx_hal_uart.o
 .debug_loc     0x0000c194      0x31c Drivers/STM32F3xx_HAL_Driver/Src/stm32f3xx_hal_uart_ex.o
 .debug_loc     0x0000c4b0      0xfbb Src/SSD1331.o
 .debug_loc     0x0000d46b      0x84e Src/main.o
 .debug_loc     0x0000dcb9      0x15b Src/stm32f3xx_hal_msp.o
 .debug_loc     0x0000de14       0xff Src/system_stm32f3xx.o

.debug_aranges  0x00000000     0x1158
 .debug_aranges
                0x00000000       0xe0 Drivers/STM32F3xx_HAL_Driver/Src/stm32f3xx_hal.o
 .debug_aranges
                0x000000e0       0xc8 Drivers/STM32F3xx_HAL_Driver/Src/stm32f3xx_hal_adc.o
 .debug_aranges
                0x000001a8      0x168 Drivers/STM32F3xx_HAL_Driver/Src/stm32f3xx_hal_adc_ex.o
 .debug_aranges
                0x00000310       0xa8 Drivers/STM32F3xx_HAL_Driver/Src/stm32f3xx_hal_cortex.o
 .debug_aranges
                0x000003b8       0x88 Drivers/STM32F3xx_HAL_Driver/Src/stm32f3xx_hal_dma.o
 .debug_aranges
                0x00000440       0x58 Drivers/STM32F3xx_HAL_Driver/Src/stm32f3xx_hal_gpio.o
 .debug_aranges
                0x00000498       0x88 Drivers/STM32F3xx_HAL_Driver/Src/stm32f3xx_hal_rcc.o
 .debug_aranges
                0x00000520       0x38 Drivers/STM32F3xx_HAL_Driver/Src/stm32f3xx_hal_rcc_ex.o
 .debug_aranges
                0x00000558      0x1d8 Drivers/STM32F3xx_HAL_Driver/Src/stm32f3xx_hal_spi.o
 .debug_aranges
                0x00000730      0x378 Drivers/STM32F3xx_HAL_Driver/Src/stm32f3xx_hal_tim.o
 .debug_aranges
                0x00000aa8      0x178 Drivers/STM32F3xx_HAL_Driver/Src/stm32f3xx_hal_tim_ex.o
 .debug_aranges
                0x00000c20      0x1f0 Drivers/STM32F3xx_HAL_Driver/Src/stm32f3xx_hal_uart.o
 .debug_aranges
                0x00000e10       0x48 Drivers/STM32F3xx_HAL_Driver/Src/stm32f3xx_hal_uart_ex.o
 .debug_aranges
                0x00000e58       0x18 Src/Fonts.o
 .debug_aranges
                0x00000e70       0xa0 Src/SSD1331.o
 .debug_aranges
                0x00000f10      0x148 Src/main.o
 .debug_aranges
                0x00001058       0x60 Src/stm32f3xx_hal_msp.o
 .debug_aranges
                0x000010b8       0x50 Src/stm32f3xx_it.o
 .debug_aranges
                0x00001108       0x28 Src/system_stm32f3xx.o
 .debug_aranges
                0x00001130       0x28 startup/startup_stm32f303xc.o

.debug_ranges   0x00000000     0x10b0
 .debug_ranges  0x00000000       0xd0 Drivers/STM32F3xx_HAL_Driver/Src/stm32f3xx_hal.o
 .debug_ranges  0x000000d0       0xb8 Drivers/STM32F3xx_HAL_Driver/Src/stm32f3xx_hal_adc.o
 .debug_ranges  0x00000188      0x158 Drivers/STM32F3xx_HAL_Driver/Src/stm32f3xx_hal_adc_ex.o
 .debug_ranges  0x000002e0       0xf8 Drivers/STM32F3xx_HAL_Driver/Src/stm32f3xx_hal_cortex.o
 .debug_ranges  0x000003d8       0x78 Drivers/STM32F3xx_HAL_Driver/Src/stm32f3xx_hal_dma.o
 .debug_ranges  0x00000450       0x48 Drivers/STM32F3xx_HAL_Driver/Src/stm32f3xx_hal_gpio.o
 .debug_ranges  0x00000498       0x98 Drivers/STM32F3xx_HAL_Driver/Src/stm32f3xx_hal_rcc.o
 .debug_ranges  0x00000530       0x40 Drivers/STM32F3xx_HAL_Driver/Src/stm32f3xx_hal_rcc_ex.o
 .debug_ranges  0x00000570      0x1c8 Drivers/STM32F3xx_HAL_Driver/Src/stm32f3xx_hal_spi.o
 .debug_ranges  0x00000738      0x368 Drivers/STM32F3xx_HAL_Driver/Src/stm32f3xx_hal_tim.o
 .debug_ranges  0x00000aa0      0x168 Drivers/STM32F3xx_HAL_Driver/Src/stm32f3xx_hal_tim_ex.o
 .debug_ranges  0x00000c08      0x1e0 Drivers/STM32F3xx_HAL_Driver/Src/stm32f3xx_hal_uart.o
 .debug_ranges  0x00000de8       0x38 Drivers/STM32F3xx_HAL_Driver/Src/stm32f3xx_hal_uart_ex.o
 .debug_ranges  0x00000e20       0x90 Src/SSD1331.o
 .debug_ranges  0x00000eb0      0x138 Src/main.o
 .debug_ranges  0x00000fe8       0x50 Src/stm32f3xx_hal_msp.o
 .debug_ranges  0x00001038       0x40 Src/stm32f3xx_it.o
 .debug_ranges  0x00001078       0x18 Src/system_stm32f3xx.o
 .debug_ranges  0x00001090       0x20 startup/startup_stm32f303xc.o

.debug_macro    0x00000000    0x1d6f7
 .debug_macro   0x00000000      0x366 Drivers/STM32F3xx_HAL_Driver/Src/stm32f3xx_hal.o
 .debug_macro   0x00000366      0x8bc Drivers/STM32F3xx_HAL_Driver/Src/stm32f3xx_hal.o
 .debug_macro   0x00000c22      0x197 Drivers/STM32F3xx_HAL_Driver/Src/stm32f3xx_hal.o
 .debug_macro   0x00000db9       0xb1 Drivers/STM32F3xx_HAL_Driver/Src/stm32f3xx_hal.o
 .debug_macro   0x00000e6a       0x2f Drivers/STM32F3xx_HAL_Driver/Src/stm32f3xx_hal.o
 .debug_macro   0x00000e99       0x28 Drivers/STM32F3xx_HAL_Driver/Src/stm32f3xx_hal.o
 .debug_macro   0x00000ec1       0x22 Drivers/STM32F3xx_HAL_Driver/Src/stm32f3xx_hal.o
 .debug_macro   0x00000ee3       0x87 Drivers/STM32F3xx_HAL_Driver/Src/stm32f3xx_hal.o
 .debug_macro   0x00000f6a       0x51 Drivers/STM32F3xx_HAL_Driver/Src/stm32f3xx_hal.o
 .debug_macro   0x00000fbb       0xef Drivers/STM32F3xx_HAL_Driver/Src/stm32f3xx_hal.o
 .debug_macro   0x000010aa       0x6a Drivers/STM32F3xx_HAL_Driver/Src/stm32f3xx_hal.o
 .debug_macro   0x00001114      0x1df Drivers/STM32F3xx_HAL_Driver/Src/stm32f3xx_hal.o
 .debug_macro   0x000012f3       0x35 Drivers/STM32F3xx_HAL_Driver/Src/stm32f3xx_hal.o
 .debug_macro   0x00001328       0x50 Drivers/STM32F3xx_HAL_Driver/Src/stm32f3xx_hal.o
 .debug_macro   0x00001378      0xe66 Drivers/STM32F3xx_HAL_Driver/Src/stm32f3xx_hal.o
 .debug_macro   0x000021de    0x12a56 Drivers/STM32F3xx_HAL_Driver/Src/stm32f3xx_hal.o
 .debug_macro   0x00014c34       0x43 Drivers/STM32F3xx_HAL_Driver/Src/stm32f3xx_hal.o
 .debug_macro   0x00014c77       0x58 Drivers/STM32F3xx_HAL_Driver/Src/stm32f3xx_hal.o
 .debug_macro   0x00014ccf       0x35 Drivers/STM32F3xx_HAL_Driver/Src/stm32f3xx_hal.o
 .debug_macro   0x00014d04       0x9c Drivers/STM32F3xx_HAL_Driver/Src/stm32f3xx_hal.o
 .debug_macro   0x00014da0       0x16 Drivers/STM32F3xx_HAL_Driver/Src/stm32f3xx_hal.o
 .debug_macro   0x00014db6       0x97 Drivers/STM32F3xx_HAL_Driver/Src/stm32f3xx_hal.o
 .debug_macro   0x00014e4d      0x330 Drivers/STM32F3xx_HAL_Driver/Src/stm32f3xx_hal.o
 .debug_macro   0x0001517d       0xfd Drivers/STM32F3xx_HAL_Driver/Src/stm32f3xx_hal.o
 .debug_macro   0x0001527a       0x10 Drivers/STM32F3xx_HAL_Driver/Src/stm32f3xx_hal.o
 .debug_macro   0x0001528a       0x58 Drivers/STM32F3xx_HAL_Driver/Src/stm32f3xx_hal.o
 .debug_macro   0x000152e2       0x1f Drivers/STM32F3xx_HAL_Driver/Src/stm32f3xx_hal.o
 .debug_macro   0x00015301       0x43 Drivers/STM32F3xx_HAL_Driver/Src/stm32f3xx_hal.o
 .debug_macro   0x00015344       0x20 Drivers/STM32F3xx_HAL_Driver/Src/stm32f3xx_hal.o
 .debug_macro   0x00015364      0x187 Drivers/STM32F3xx_HAL_Driver/Src/stm32f3xx_hal.o
 .debug_macro   0x000154eb       0x10 Drivers/STM32F3xx_HAL_Driver/Src/stm32f3xx_hal.o
 .debug_macro   0x000154fb       0x1c Drivers/STM32F3xx_HAL_Driver/Src/stm32f3xx_hal.o
 .debug_macro   0x00015517       0x52 Drivers/STM32F3xx_HAL_Driver/Src/stm32f3xx_hal.o
 .debug_macro   0x00015569       0x40 Drivers/STM32F3xx_HAL_Driver/Src/stm32f3xx_hal.o
 .debug_macro   0x000155a9       0x10 Drivers/STM32F3xx_HAL_Driver/Src/stm32f3xx_hal.o
 .debug_macro   0x000155b9       0x40 Drivers/STM32F3xx_HAL_Driver/Src/stm32f3xx_hal.o
 .debug_macro   0x000155f9       0xd7 Drivers/STM32F3xx_HAL_Driver/Src/stm32f3xx_hal.o
 .debug_macro   0x000156d0       0x16 Drivers/STM32F3xx_HAL_Driver/Src/stm32f3xx_hal.o
 .debug_macro   0x000156e6      0x18b Drivers/STM32F3xx_HAL_Driver/Src/stm32f3xx_hal.o
 .debug_macro   0x00015871       0x49 Drivers/STM32F3xx_HAL_Driver/Src/stm32f3xx_hal.o
 .debug_macro   0x000158ba      0x968 Drivers/STM32F3xx_HAL_Driver/Src/stm32f3xx_hal.o
 .debug_macro   0x00016222      0x5fe Drivers/STM32F3xx_HAL_Driver/Src/stm32f3xx_hal.o
 .debug_macro   0x00016820      0x13a Drivers/STM32F3xx_HAL_Driver/Src/stm32f3xx_hal.o
 .debug_macro   0x0001695a      0x1fb Drivers/STM32F3xx_HAL_Driver/Src/stm32f3xx_hal.o
 .debug_macro   0x00016b55      0x1bc Drivers/STM32F3xx_HAL_Driver/Src/stm32f3xx_hal.o
 .debug_macro   0x00016d11       0x31 Drivers/STM32F3xx_HAL_Driver/Src/stm32f3xx_hal.o
 .debug_macro   0x00016d42       0x3c Drivers/STM32F3xx_HAL_Driver/Src/stm32f3xx_hal.o
 .debug_macro   0x00016d7e      0x23a Drivers/STM32F3xx_HAL_Driver/Src/stm32f3xx_hal.o
 .debug_macro   0x00016fb8      0x9b8 Drivers/STM32F3xx_HAL_Driver/Src/stm32f3xx_hal.o
 .debug_macro   0x00017970       0x77 Drivers/STM32F3xx_HAL_Driver/Src/stm32f3xx_hal.o
 .debug_macro   0x000179e7       0xcb Drivers/STM32F3xx_HAL_Driver/Src/stm32f3xx_hal.o
 .debug_macro   0x00017ab2      0x22b Drivers/STM32F3xx_HAL_Driver/Src/stm32f3xx_hal.o
 .debug_macro   0x00017cdd      0x209 Drivers/STM32F3xx_HAL_Driver/Src/stm32f3xx_hal.o
 .debug_macro   0x00017ee6       0x5b Drivers/STM32F3xx_HAL_Driver/Src/stm32f3xx_hal.o
 .debug_macro   0x00017f41       0x90 Drivers/STM32F3xx_HAL_Driver/Src/stm32f3xx_hal.o
 .debug_macro   0x00017fd1       0x82 Drivers/STM32F3xx_HAL_Driver/Src/stm32f3xx_hal.o
 .debug_macro   0x00018053       0xd3 Drivers/STM32F3xx_HAL_Driver/Src/stm32f3xx_hal.o
 .debug_macro   0x00018126      0x2e9 Drivers/STM32F3xx_HAL_Driver/Src/stm32f3xx_hal.o
 .debug_macro   0x0001840f      0x6af Drivers/STM32F3xx_HAL_Driver/Src/stm32f3xx_hal.o
 .debug_macro   0x00018abe      0x38a Drivers/STM32F3xx_HAL_Driver/Src/stm32f3xx_hal.o
 .debug_macro   0x00018e48      0x566 Drivers/STM32F3xx_HAL_Driver/Src/stm32f3xx_hal.o
 .debug_macro   0x000193ae       0x2b Drivers/STM32F3xx_HAL_Driver/Src/stm32f3xx_hal.o
 .debug_macro   0x000193d9      0x277 Drivers/STM32F3xx_HAL_Driver/Src/stm32f3xx_hal.o
 .debug_macro   0x00019650      0x343 Drivers/STM32F3xx_HAL_Driver/Src/stm32f3xx_hal_adc.o
 .debug_macro   0x00019993      0x36c Drivers/STM32F3xx_HAL_Driver/Src/stm32f3xx_hal_adc_ex.o
 .debug_macro   0x00019cff      0x342 Drivers/STM32F3xx_HAL_Driver/Src/stm32f3xx_hal_cortex.o
 .debug_macro   0x0001a041      0x342 Drivers/STM32F3xx_HAL_Driver/Src/stm32f3xx_hal_dma.o
 .debug_macro   0x0001a383      0x37a Drivers/STM32F3xx_HAL_Driver/Src/stm32f3xx_hal_gpio.o
 .debug_macro   0x0001a6fd      0x366 Drivers/STM32F3xx_HAL_Driver/Src/stm32f3xx_hal_rcc.o
 .debug_macro   0x0001aa63      0x342 Drivers/STM32F3xx_HAL_Driver/Src/stm32f3xx_hal_rcc_ex.o
 .debug_macro   0x0001ada5      0x34a Drivers/STM32F3xx_HAL_Driver/Src/stm32f3xx_hal_spi.o
 .debug_macro   0x0001b0ef      0x342 Drivers/STM32F3xx_HAL_Driver/Src/stm32f3xx_hal_tim.o
 .debug_macro   0x0001b431      0x34e Drivers/STM32F3xx_HAL_Driver/Src/stm32f3xx_hal_tim_ex.o
 .debug_macro   0x0001b77f      0x34a Drivers/STM32F3xx_HAL_Driver/Src/stm32f3xx_hal_uart.o
 .debug_macro   0x0001bac9      0x342 Drivers/STM32F3xx_HAL_Driver/Src/stm32f3xx_hal_uart_ex.o
 .debug_macro   0x0001be0b      0x377 Src/Fonts.o
 .debug_macro   0x0001c182       0x22 Src/Fonts.o
 .debug_macro   0x0001c1a4       0x28 Src/Fonts.o
 .debug_macro   0x0001c1cc       0x2e Src/Fonts.o
 .debug_macro   0x0001c1fa      0x4d9 Src/SSD1331.o
 .debug_macro   0x0001c6d3      0x1e1 Src/SSD1331.o
 .debug_macro   0x0001c8b4       0x16 Src/SSD1331.o
 .debug_macro   0x0001c8ca       0x35 Src/SSD1331.o
 .debug_macro   0x0001c8ff       0x16 Src/SSD1331.o
 .debug_macro   0x0001c915       0x29 Src/SSD1331.o
 .debug_macro   0x0001c93e       0x16 Src/SSD1331.o
 .debug_macro   0x0001c954      0x3cd Src/main.o
 .debug_macro   0x0001cd21      0x342 Src/stm32f3xx_hal_msp.o
 .debug_macro   0x0001d063      0x34c Src/stm32f3xx_it.o
 .debug_macro   0x0001d3af      0x348 Src/system_stm32f3xx.o

.debug_line     0x00000000     0xfad8
 .debug_line    0x00000000      0x9df Drivers/STM32F3xx_HAL_Driver/Src/stm32f3xx_hal.o
 .debug_line    0x000009df      0x99a Drivers/STM32F3xx_HAL_Driver/Src/stm32f3xx_hal_adc.o
 .debug_line    0x00001379     0x1a6e Drivers/STM32F3xx_HAL_Driver/Src/stm32f3xx_hal_adc_ex.o
 .debug_line    0x00002de7      0xa0f Drivers/STM32F3xx_HAL_Driver/Src/stm32f3xx_hal_cortex.o
 .debug_line    0x000037f6      0xa5c Drivers/STM32F3xx_HAL_Driver/Src/stm32f3xx_hal_dma.o
 .debug_line    0x00004252      0x96e Drivers/STM32F3xx_HAL_Driver/Src/stm32f3xx_hal_gpio.o
 .debug_line    0x00004bc0      0xcc7 Drivers/STM32F3xx_HAL_Driver/Src/stm32f3xx_hal_rcc.o
 .debug_line    0x00005887      0xaa5 Drivers/STM32F3xx_HAL_Driver/Src/stm32f3xx_hal_rcc_ex.o
 .debug_line    0x0000632c     0x1336 Drivers/STM32F3xx_HAL_Driver/Src/stm32f3xx_hal_spi.o
 .debug_line    0x00007662     0x1a6d Drivers/STM32F3xx_HAL_Driver/Src/stm32f3xx_hal_tim.o
 .debug_line    0x000090cf      0xf79 Drivers/STM32F3xx_HAL_Driver/Src/stm32f3xx_hal_tim_ex.o
 .debug_line    0x0000a048     0x1296 Drivers/STM32F3xx_HAL_Driver/Src/stm32f3xx_hal_uart.o
 .debug_line    0x0000b2de      0x91c Drivers/STM32F3xx_HAL_Driver/Src/stm32f3xx_hal_uart_ex.o
 .debug_line    0x0000bbfa      0x824 Src/Fonts.o
 .debug_line    0x0000c41e      0xb94 Src/SSD1331.o
 .debug_line    0x0000cfb2     0x1120 Src/main.o
 .debug_line    0x0000e0d2      0x8d7 Src/stm32f3xx_hal_msp.o
 .debug_line    0x0000e9a9      0x878 Src/stm32f3xx_it.o
 .debug_line    0x0000f221      0x838 Src/system_stm32f3xx.o
 .debug_line    0x0000fa59       0x7f startup/startup_stm32f303xc.o

.debug_str      0x00000000    0xa4737
 .debug_str     0x00000000    0x9ed2d Drivers/STM32F3xx_HAL_Driver/Src/stm32f3xx_hal.o
                              0x9f0b9 (size before relaxing)
 .debug_str     0x0009ed2d      0x61c Drivers/STM32F3xx_HAL_Driver/Src/stm32f3xx_hal_adc.o
                              0x9ee70 (size before relaxing)
 .debug_str     0x0009f349      0x72b Drivers/STM32F3xx_HAL_Driver/Src/stm32f3xx_hal_adc_ex.o
                              0x9f566 (size before relaxing)
 .debug_str     0x0009fa74      0x3b7 Drivers/STM32F3xx_HAL_Driver/Src/stm32f3xx_hal_cortex.o
                              0x9f0f8 (size before relaxing)
 .debug_str     0x0009fe2b      0x229 Drivers/STM32F3xx_HAL_Driver/Src/stm32f3xx_hal_dma.o
                              0x9ebea (size before relaxing)
 .debug_str     0x000a0054      0x2aa Drivers/STM32F3xx_HAL_Driver/Src/stm32f3xx_hal_gpio.o
                              0x9ead0 (size before relaxing)
 .debug_str     0x000a02fe      0x3fe Drivers/STM32F3xx_HAL_Driver/Src/stm32f3xx_hal_rcc.o
                              0x9ecda (size before relaxing)
 .debug_str     0x000a06fc      0x22f Drivers/STM32F3xx_HAL_Driver/Src/stm32f3xx_hal_rcc_ex.o
                              0x9eae4 (size before relaxing)
 .debug_str     0x000a092b      0x741 Drivers/STM32F3xx_HAL_Driver/Src/stm32f3xx_hal_spi.o
                              0x9f141 (size before relaxing)
 .debug_str     0x000a106c      0xf60 Drivers/STM32F3xx_HAL_Driver/Src/stm32f3xx_hal_tim.o
                              0x9f97f (size before relaxing)
 .debug_str     0x000a1fcc      0x5ce Drivers/STM32F3xx_HAL_Driver/Src/stm32f3xx_hal_tim_ex.o
                              0x9f3e5 (size before relaxing)
 .debug_str     0x000a259a      0x934 Drivers/STM32F3xx_HAL_Driver/Src/stm32f3xx_hal_uart.o
                              0x9f470 (size before relaxing)
 .debug_str     0x000a2ece       0xed Drivers/STM32F3xx_HAL_Driver/Src/stm32f3xx_hal_uart_ex.o
                              0x9edfb (size before relaxing)
 .debug_str     0x000a2fbb      0x414 Src/Fonts.o
                              0x9ef4a (size before relaxing)
 .debug_str     0x000a33cf      0xf7e Src/SSD1331.o
                              0x9ff93 (size before relaxing)
 .debug_str     0x000a434d      0x2d2 Src/main.o
                              0xa0cf9 (size before relaxing)
 .debug_str     0x000a461f       0x25 Src/stm32f3xx_hal_msp.o
                              0x9f817 (size before relaxing)
 .debug_str     0x000a4644       0x8f Src/stm32f3xx_it.o
                              0x9eee1 (size before relaxing)
 .debug_str     0x000a46d3       0x64 Src/system_stm32f3xx.o
                              0x9e873 (size before relaxing)

.comment        0x00000000       0x7f
 .comment       0x00000000       0x7f Drivers/STM32F3xx_HAL_Driver/Src/stm32f3xx_hal.o
                                 0x80 (size before relaxing)
 .comment       0x0000007f       0x80 Drivers/STM32F3xx_HAL_Driver/Src/stm32f3xx_hal_adc.o
 .comment       0x0000007f       0x80 Drivers/STM32F3xx_HAL_Driver/Src/stm32f3xx_hal_adc_ex.o
 .comment       0x0000007f       0x80 Drivers/STM32F3xx_HAL_Driver/Src/stm32f3xx_hal_cortex.o
 .comment       0x0000007f       0x80 Drivers/STM32F3xx_HAL_Driver/Src/stm32f3xx_hal_dma.o
 .comment       0x0000007f       0x80 Drivers/STM32F3xx_HAL_Driver/Src/stm32f3xx_hal_gpio.o
 .comment       0x0000007f       0x80 Drivers/STM32F3xx_HAL_Driver/Src/stm32f3xx_hal_rcc.o
 .comment       0x0000007f       0x80 Drivers/STM32F3xx_HAL_Driver/Src/stm32f3xx_hal_rcc_ex.o
 .comment       0x0000007f       0x80 Drivers/STM32F3xx_HAL_Driver/Src/stm32f3xx_hal_spi.o
 .comment       0x0000007f       0x80 Drivers/STM32F3xx_HAL_Driver/Src/stm32f3xx_hal_tim.o
 .comment       0x0000007f       0x80 Drivers/STM32F3xx_HAL_Driver/Src/stm32f3xx_hal_tim_ex.o
 .comment       0x0000007f       0x80 Drivers/STM32F3xx_HAL_Driver/Src/stm32f3xx_hal_uart.o
 .comment       0x0000007f       0x80 Drivers/STM32F3xx_HAL_Driver/Src/stm32f3xx_hal_uart_ex.o
 .comment       0x0000007f       0x80 Src/Fonts.o
 .comment       0x0000007f       0x80 Src/SSD1331.o
 .comment       0x0000007f       0x80 Src/main.o
 .comment       0x0000007f       0x80 Src/stm32f3xx_hal_msp.o
 .comment       0x0000007f       0x80 Src/stm32f3xx_it.o
 .comment       0x0000007f       0x80 Src/system_stm32f3xx.o

.debug_frame    0x00000000     0x33fc
 .debug_frame   0x00000000      0x1cc Drivers/STM32F3xx_HAL_Driver/Src/stm32f3xx_hal.o
 .debug_frame   0x000001cc      0x170 Drivers/STM32F3xx_HAL_Driver/Src/stm32f3xx_hal_adc.o
 .debug_frame   0x0000033c      0x4a4 Drivers/STM32F3xx_HAL_Driver/Src/stm32f3xx_hal_adc_ex.o
 .debug_frame   0x000007e0      0x15c Drivers/STM32F3xx_HAL_Driver/Src/stm32f3xx_hal_cortex.o
 .debug_frame   0x0000093c      0x164 Drivers/STM32F3xx_HAL_Driver/Src/stm32f3xx_hal_dma.o
 .debug_frame   0x00000aa0       0xd0 Drivers/STM32F3xx_HAL_Driver/Src/stm32f3xx_hal_gpio.o
 .debug_frame   0x00000b70      0x14c Drivers/STM32F3xx_HAL_Driver/Src/stm32f3xx_hal_rcc.o
 .debug_frame   0x00000cbc       0x7c Drivers/STM32F3xx_HAL_Driver/Src/stm32f3xx_hal_rcc_ex.o
 .debug_frame   0x00000d38      0x5b8 Drivers/STM32F3xx_HAL_Driver/Src/stm32f3xx_hal_spi.o
 .debug_frame   0x000012f0      0xa1c Drivers/STM32F3xx_HAL_Driver/Src/stm32f3xx_hal_tim.o
 .debug_frame   0x00001d0c      0x45c Drivers/STM32F3xx_HAL_Driver/Src/stm32f3xx_hal_tim_ex.o
 .debug_frame   0x00002168      0x570 Drivers/STM32F3xx_HAL_Driver/Src/stm32f3xx_hal_uart.o
 .debug_frame   0x000026d8       0xb4 Drivers/STM32F3xx_HAL_Driver/Src/stm32f3xx_hal_uart_ex.o
 .debug_frame   0x0000278c      0x28c Src/SSD1331.o
 .debug_frame   0x00002a18      0x494 Src/main.o
 .debug_frame   0x00002eac      0x104 Src/stm32f3xx_hal_msp.o
 .debug_frame   0x00002fb0       0xa8 Src/stm32f3xx_it.o
 .debug_frame   0x00003058       0x30 Src/system_stm32f3xx.o
 .debug_frame   0x00003088       0x2c c:/ac6/systemworkbench/plugins/fr.ac6.mcu.externaltools.arm-none.win32_1.15.0.201708311556/tools/compiler/bin/../lib/gcc/arm-none-eabi/6.3.1/../../../../arm-none-eabi/lib/thumb/v7e-m/fpv4-sp/hard\libc_nano.a(lib_a-init.o)
 .debug_frame   0x000030b4       0x28 c:/ac6/systemworkbench/plugins/fr.ac6.mcu.externaltools.arm-none.win32_1.15.0.201708311556/tools/compiler/bin/../lib/gcc/arm-none-eabi/6.3.1/../../../../arm-none-eabi/lib/thumb/v7e-m/fpv4-sp/hard\libc_nano.a(lib_a-memcpy-stub.o)
 .debug_frame   0x000030dc       0x70 c:/ac6/systemworkbench/plugins/fr.ac6.mcu.externaltools.arm-none.win32_1.15.0.201708311556/tools/compiler/bin/../lib/gcc/arm-none-eabi/6.3.1/../../../../arm-none-eabi/lib/thumb/v7e-m/fpv4-sp/hard\libc_nano.a(lib_a-sprintf.o)
 .debug_frame   0x0000314c       0x90 c:/ac6/systemworkbench/plugins/fr.ac6.mcu.externaltools.arm-none.win32_1.15.0.201708311556/tools/compiler/bin/../lib/gcc/arm-none-eabi/6.3.1/../../../../arm-none-eabi/lib/thumb/v7e-m/fpv4-sp/hard\libc_nano.a(lib_a-nano-svfprintf.o)
 .debug_frame   0x000031dc       0x60 c:/ac6/systemworkbench/plugins/fr.ac6.mcu.externaltools.arm-none.win32_1.15.0.201708311556/tools/compiler/bin/../lib/gcc/arm-none-eabi/6.3.1/../../../../arm-none-eabi/lib/thumb/v7e-m/fpv4-sp/hard\libc_nano.a(lib_a-nano-vfprintf_i.o)
 .debug_frame   0x0000323c       0x28 c:/ac6/systemworkbench/plugins/fr.ac6.mcu.externaltools.arm-none.win32_1.15.0.201708311556/tools/compiler/bin/../lib/gcc/arm-none-eabi/6.3.1/../../../../arm-none-eabi/lib/thumb/v7e-m/fpv4-sp/hard\libc_nano.a(lib_a-memmove.o)
 .debug_frame   0x00003264       0x38 c:/ac6/systemworkbench/plugins/fr.ac6.mcu.externaltools.arm-none.win32_1.15.0.201708311556/tools/compiler/bin/../lib/gcc/arm-none-eabi/6.3.1/../../../../arm-none-eabi/lib/thumb/v7e-m/fpv4-sp/hard\libc_nano.a(lib_a-nano-freer.o)
 .debug_frame   0x0000329c       0x2c c:/ac6/systemworkbench/plugins/fr.ac6.mcu.externaltools.arm-none.win32_1.15.0.201708311556/tools/compiler/bin/../lib/gcc/arm-none-eabi/6.3.1/../../../../arm-none-eabi/lib/thumb/v7e-m/fpv4-sp/hard\libc_nano.a(lib_a-nano-mallocr.o)
 .debug_frame   0x000032c8       0x3c c:/ac6/systemworkbench/plugins/fr.ac6.mcu.externaltools.arm-none.win32_1.15.0.201708311556/tools/compiler/bin/../lib/gcc/arm-none-eabi/6.3.1/../../../../arm-none-eabi/lib/thumb/v7e-m/fpv4-sp/hard\libc_nano.a(lib_a-nano-reallocr.o)
 .debug_frame   0x00003304       0x2c c:/ac6/systemworkbench/plugins/fr.ac6.mcu.externaltools.arm-none.win32_1.15.0.201708311556/tools/compiler/bin/../lib/gcc/arm-none-eabi/6.3.1/../../../../arm-none-eabi/lib/thumb/v7e-m/fpv4-sp/hard\libc_nano.a(lib_a-sbrkr.o)
 .debug_frame   0x00003330       0x30 c:/ac6/systemworkbench/plugins/fr.ac6.mcu.externaltools.arm-none.win32_1.15.0.201708311556/tools/compiler/bin/../lib/gcc/arm-none-eabi/6.3.1/../../../../arm-none-eabi/lib/thumb/v7e-m/fpv4-sp/hard\libc_nano.a(lib_a-mlock.o)
 .debug_frame   0x00003360       0x20 c:/ac6/systemworkbench/plugins/fr.ac6.mcu.externaltools.arm-none.win32_1.15.0.201708311556/tools/compiler/bin/../lib/gcc/arm-none-eabi/6.3.1/../../../../arm-none-eabi/lib/thumb/v7e-m/fpv4-sp/hard\libc_nano.a(lib_a-nano-msizer.o)
 .debug_frame   0x00003380       0x5c c:/ac6/systemworkbench/plugins/fr.ac6.mcu.externaltools.arm-none.win32_1.15.0.201708311556/tools/compiler/bin/../lib/gcc/arm-none-eabi/6.3.1/../../../../arm-none-eabi/lib/thumb/v7e-m/fpv4-sp/hard\libc_nano.a(lib_a-reent.o)
 .debug_frame   0x000033dc       0x20 c:/ac6/systemworkbench/plugins/fr.ac6.mcu.externaltools.arm-none.win32_1.15.0.201708311556/tools/compiler/bin/../lib/gcc/arm-none-eabi/6.3.1/../../../../arm-none-eabi/lib/thumb/v7e-m/fpv4-sp/hard\libnosys.a(sbrk.o)
