Archive member included to satisfy reference by file (symbol)

c:/ac6/systemworkbench/plugins/fr.ac6.mcu.externaltools.arm-none.win32_1.15.0.201708311556/tools/compiler/bin/../lib/gcc/arm-none-eabi/6.3.1/../../../../arm-none-eabi/lib/thumb/v7e-m/fpv4-sp/hard\libc_nano.a(lib_a-exit.o)
                              c:/ac6/systemworkbench/plugins/fr.ac6.mcu.externaltools.arm-none.win32_1.15.0.201708311556/tools/compiler/bin/../lib/gcc/arm-none-eabi/6.3.1/../../../../arm-none-eabi/lib/thumb/v7e-m/fpv4-sp/hard/crt0.o (exit)
c:/ac6/systemworkbench/plugins/fr.ac6.mcu.externaltools.arm-none.win32_1.15.0.201708311556/tools/compiler/bin/../lib/gcc/arm-none-eabi/6.3.1/../../../../arm-none-eabi/lib/thumb/v7e-m/fpv4-sp/hard\libc_nano.a(lib_a-impure.o)
                              c:/ac6/systemworkbench/plugins/fr.ac6.mcu.externaltools.arm-none.win32_1.15.0.201708311556/tools/compiler/bin/../lib/gcc/arm-none-eabi/6.3.1/../../../../arm-none-eabi/lib/thumb/v7e-m/fpv4-sp/hard\libc_nano.a(lib_a-exit.o) (_global_impure_ptr)
c:/ac6/systemworkbench/plugins/fr.ac6.mcu.externaltools.arm-none.win32_1.15.0.201708311556/tools/compiler/bin/../lib/gcc/arm-none-eabi/6.3.1/../../../../arm-none-eabi/lib/thumb/v7e-m/fpv4-sp/hard\libc_nano.a(lib_a-init.o)
                              c:/ac6/systemworkbench/plugins/fr.ac6.mcu.externaltools.arm-none.win32_1.15.0.201708311556/tools/compiler/bin/../lib/gcc/arm-none-eabi/6.3.1/../../../../arm-none-eabi/lib/thumb/v7e-m/fpv4-sp/hard/crt0.o (__libc_init_array)
c:/ac6/systemworkbench/plugins/fr.ac6.mcu.externaltools.arm-none.win32_1.15.0.201708311556/tools/compiler/bin/../lib/gcc/arm-none-eabi/6.3.1/../../../../arm-none-eabi/lib/thumb/v7e-m/fpv4-sp/hard\libc_nano.a(lib_a-memset.o)
                              c:/ac6/systemworkbench/plugins/fr.ac6.mcu.externaltools.arm-none.win32_1.15.0.201708311556/tools/compiler/bin/../lib/gcc/arm-none-eabi/6.3.1/../../../../arm-none-eabi/lib/thumb/v7e-m/fpv4-sp/hard/crt0.o (memset)
c:/ac6/systemworkbench/plugins/fr.ac6.mcu.externaltools.arm-none.win32_1.15.0.201708311556/tools/compiler/bin/../lib/gcc/arm-none-eabi/6.3.1/../../../../arm-none-eabi/lib/thumb/v7e-m/fpv4-sp/hard\libnosys.a(_exit.o)
                              c:/ac6/systemworkbench/plugins/fr.ac6.mcu.externaltools.arm-none.win32_1.15.0.201708311556/tools/compiler/bin/../lib/gcc/arm-none-eabi/6.3.1/../../../../arm-none-eabi/lib/thumb/v7e-m/fpv4-sp/hard\libc_nano.a(lib_a-exit.o) (_exit)

Allocating common symbols
Common symbol       size              file

hUsbDeviceFS        0x224             Src/usb_device.o
Joystick            0x4               Src/main.o
i2                  0x1               Src/main.o
uwTick              0x4               Drivers/STM32F3xx_HAL_Driver/Src/stm32f3xx_hal.o
pFlash              0x20              Drivers/STM32F3xx_HAL_Driver/Src/stm32f3xx_hal_flash.o
UserRxBufferFS      0x3e8             Src/usbd_cdc_if.o
hadc1               0x54              Src/main.o
i                   0x1               Src/main.o
UserTxBufferFS      0x3e8             Src/usbd_cdc_if.o
hdma_adc1           0x44              Src/main.o
hspi1               0x64              Src/main.o
field               0x9               Src/main.o
hpcd_USB_FS         0x3a8             Src/usbd_conf.o
USBD_StrDesc        0x200             Src/usbd_desc.o

Discarded input sections

 .text          0x00000000        0x0 c:/ac6/systemworkbench/plugins/fr.ac6.mcu.externaltools.arm-none.win32_1.15.0.201708311556/tools/compiler/bin/../lib/gcc/arm-none-eabi/6.3.1/thumb/v7e-m/fpv4-sp/hard/crti.o
 .data          0x00000000        0x0 c:/ac6/systemworkbench/plugins/fr.ac6.mcu.externaltools.arm-none.win32_1.15.0.201708311556/tools/compiler/bin/../lib/gcc/arm-none-eabi/6.3.1/thumb/v7e-m/fpv4-sp/hard/crti.o
 .bss           0x00000000        0x0 c:/ac6/systemworkbench/plugins/fr.ac6.mcu.externaltools.arm-none.win32_1.15.0.201708311556/tools/compiler/bin/../lib/gcc/arm-none-eabi/6.3.1/thumb/v7e-m/fpv4-sp/hard/crti.o
 .data          0x00000000        0x4 c:/ac6/systemworkbench/plugins/fr.ac6.mcu.externaltools.arm-none.win32_1.15.0.201708311556/tools/compiler/bin/../lib/gcc/arm-none-eabi/6.3.1/thumb/v7e-m/fpv4-sp/hard/crtbegin.o
 .text          0x00000000       0x74 c:/ac6/systemworkbench/plugins/fr.ac6.mcu.externaltools.arm-none.win32_1.15.0.201708311556/tools/compiler/bin/../lib/gcc/arm-none-eabi/6.3.1/../../../../arm-none-eabi/lib/thumb/v7e-m/fpv4-sp/hard/crt0.o
 .data          0x00000000        0x0 c:/ac6/systemworkbench/plugins/fr.ac6.mcu.externaltools.arm-none.win32_1.15.0.201708311556/tools/compiler/bin/../lib/gcc/arm-none-eabi/6.3.1/../../../../arm-none-eabi/lib/thumb/v7e-m/fpv4-sp/hard/crt0.o
 .bss           0x00000000        0x0 c:/ac6/systemworkbench/plugins/fr.ac6.mcu.externaltools.arm-none.win32_1.15.0.201708311556/tools/compiler/bin/../lib/gcc/arm-none-eabi/6.3.1/../../../../arm-none-eabi/lib/thumb/v7e-m/fpv4-sp/hard/crt0.o
[...]
Memory Configuration

Name             Origin             Length             Attributes
RAM              0x20000000         0x0000a000         xrw
CCMRAM           0x10000000         0x00002000         rw
FLASH            0x08000000         0x00040000         xr
*default*        0x00000000         0xffffffff

Linker script and memory map

LOAD c:/ac6/systemworkbench/plugins/fr.ac6.mcu.externaltools.arm-none.win32_1.15.0.201708311556/tools/compiler/bin/../lib/gcc/arm-none-eabi/6.3.1/thumb/v7e-m/fpv4-sp/hard/crti.o
LOAD c:/ac6/systemworkbench/plugins/fr.ac6.mcu.externaltools.arm-none.win32_1.15.0.201708311556/tools/compiler/bin/../lib/gcc/arm-none-eabi/6.3.1/thumb/v7e-m/fpv4-sp/hard/crtbegin.o
LOAD c:/ac6/systemworkbench/plugins/fr.ac6.mcu.externaltools.arm-none.win32_1.15.0.201708311556/tools/compiler/bin/../lib/gcc/arm-none-eabi/6.3.1/../../../../arm-none-eabi/lib/thumb/v7e-m/fpv4-sp/hard/crt0.o
LOAD Drivers/STM32F3xx_HAL_Driver/Src/stm32f3xx_hal.o
LOAD Drivers/STM32F3xx_HAL_Driver/Src/stm32f3xx_hal_adc.o
LOAD Drivers/STM32F3xx_HAL_Driver/Src/stm32f3xx_hal_adc_ex.o
LOAD Drivers/STM32F3xx_HAL_Driver/Src/stm32f3xx_hal_cortex.o
LOAD Drivers/STM32F3xx_HAL_Driver/Src/stm32f3xx_hal_dma.o
LOAD Drivers/STM32F3xx_HAL_Driver/Src/stm32f3xx_hal_flash.o
LOAD Drivers/STM32F3xx_HAL_Driver/Src/stm32f3xx_hal_flash_ex.o
LOAD Drivers/STM32F3xx_HAL_Driver/Src/stm32f3xx_hal_gpio.o
LOAD Drivers/STM32F3xx_HAL_Driver/Src/stm32f3xx_hal_i2c.o
LOAD Drivers/STM32F3xx_HAL_Driver/Src/stm32f3xx_hal_i2c_ex.o
LOAD Drivers/STM32F3xx_HAL_Driver/Src/stm32f3xx_hal_pcd.o
LOAD Drivers/STM32F3xx_HAL_Driver/Src/stm32f3xx_hal_pcd_ex.o
LOAD Drivers/STM32F3xx_HAL_Driver/Src/stm32f3xx_hal_pwr.o
LOAD Drivers/STM32F3xx_HAL_Driver/Src/stm32f3xx_hal_pwr_ex.o
LOAD Drivers/STM32F3xx_HAL_Driver/Src/stm32f3xx_hal_rcc.o
LOAD Drivers/STM32F3xx_HAL_Driver/Src/stm32f3xx_hal_rcc_ex.o
LOAD Drivers/STM32F3xx_HAL_Driver/Src/stm32f3xx_hal_spi.o
LOAD Drivers/STM32F3xx_HAL_Driver/Src/stm32f3xx_hal_spi_ex.o
LOAD Drivers/STM32F3xx_HAL_Driver/Src/stm32f3xx_hal_tim.o
LOAD Drivers/STM32F3xx_HAL_Driver/Src/stm32f3xx_hal_tim_ex.o
LOAD Middlewares/ST/STM32_USB_Device_Library/Class/CDC/Src/usbd_cdc.o
LOAD Middlewares/ST/STM32_USB_Device_Library/Core/Src/usbd_core.o
LOAD Middlewares/ST/STM32_USB_Device_Library/Core/Src/usbd_ctlreq.o
LOAD Middlewares/ST/STM32_USB_Device_Library/Core/Src/usbd_ioreq.o
LOAD Src/Fonts.o
LOAD Src/SSD1331.o
LOAD Src/main.o
LOAD Src/stm32f3xx_hal_msp.o
LOAD Src/stm32f3xx_it.o
LOAD Src/system_stm32f3xx.o
LOAD Src/usb_device.o
LOAD Src/usbd_cdc_if.o
LOAD Src/usbd_conf.o
LOAD Src/usbd_desc.o
LOAD startup/startup_stm32f303xc.o
LOAD c:/ac6/systemworkbench/plugins/fr.ac6.mcu.externaltools.arm-none.win32_1.15.0.201708311556/tools/compiler/bin/../lib/gcc/arm-none-eabi/6.3.1/../../../../arm-none-eabi/lib/thumb/v7e-m/fpv4-sp/hard\libm.a
START GROUP
LOAD c:/ac6/systemworkbench/plugins/fr.ac6.mcu.externaltools.arm-none.win32_1.15.0.201708311556/tools/compiler/bin/../lib/gcc/arm-none-eabi/6.3.1/thumb/v7e-m/fpv4-sp/hard\libgcc.a
LOAD c:/ac6/systemworkbench/plugins/fr.ac6.mcu.externaltools.arm-none.win32_1.15.0.201708311556/tools/compiler/bin/../lib/gcc/arm-none-eabi/6.3.1/../../../../arm-none-eabi/lib/thumb/v7e-m/fpv4-sp/hard\libc_nano.a
END GROUP
START GROUP
LOAD c:/ac6/systemworkbench/plugins/fr.ac6.mcu.externaltools.arm-none.win32_1.15.0.201708311556/tools/compiler/bin/../lib/gcc/arm-none-eabi/6.3.1/thumb/v7e-m/fpv4-sp/hard\libgcc.a
LOAD c:/ac6/systemworkbench/plugins/fr.ac6.mcu.externaltools.arm-none.win32_1.15.0.201708311556/tools/compiler/bin/../lib/gcc/arm-none-eabi/6.3.1/../../../../arm-none-eabi/lib/thumb/v7e-m/fpv4-sp/hard\libc_nano.a
LOAD c:/ac6/systemworkbench/plugins/fr.ac6.mcu.externaltools.arm-none.win32_1.15.0.201708311556/tools/compiler/bin/../lib/gcc/arm-none-eabi/6.3.1/../../../../arm-none-eabi/lib/thumb/v7e-m/fpv4-sp/hard\libnosys.a
END GROUP
START GROUP
LOAD c:/ac6/systemworkbench/plugins/fr.ac6.mcu.externaltools.arm-none.win32_1.15.0.201708311556/tools/compiler/bin/../lib/gcc/arm-none-eabi/6.3.1/thumb/v7e-m/fpv4-sp/hard\libgcc.a
LOAD c:/ac6/systemworkbench/plugins/fr.ac6.mcu.externaltools.arm-none.win32_1.15.0.201708311556/tools/compiler/bin/../lib/gcc/arm-none-eabi/6.3.1/../../../../arm-none-eabi/lib/thumb/v7e-m/fpv4-sp/hard\libc_nano.a
LOAD c:/ac6/systemworkbench/plugins/fr.ac6.mcu.externaltools.arm-none.win32_1.15.0.201708311556/tools/compiler/bin/../lib/gcc/arm-none-eabi/6.3.1/../../../../arm-none-eabi/lib/thumb/v7e-m/fpv4-sp/hard\libnosys.a
END GROUP
LOAD c:/ac6/systemworkbench/plugins/fr.ac6.mcu.externaltools.arm-none.win32_1.15.0.201708311556/tools/compiler/bin/../lib/gcc/arm-none-eabi/6.3.1/thumb/v7e-m/fpv4-sp/hard/crtend.o
LOAD c:/ac6/systemworkbench/plugins/fr.ac6.mcu.externaltools.arm-none.win32_1.15.0.201708311556/tools/compiler/bin/../lib/gcc/arm-none-eabi/6.3.1/thumb/v7e-m/fpv4-sp/hard/crtn.o
                0x2000a000                _estack = 0x2000a000
                0x00000200                _Min_Heap_Size = 0x200
                0x00000400                _Min_Stack_Size = 0x400

.isr_vector     0x08000000      0x188
                0x08000000                . = ALIGN (0x4)
 *(.isr_vector)
 .isr_vector    0x08000000      0x188 startup/startup_stm32f303xc.o
                0x08000000                g_pfnVectors
                0x08000188                . = ALIGN (0x4)

.text           0x08000188     0x5a7c
                0x08000188                . = ALIGN (0x4)
 *(.text)
 .text          0x08000188       0x6c c:/ac6/systemworkbench/plugins/fr.ac6.mcu.externaltools.arm-none.win32_1.15.0.201708311556/tools/compiler/bin/../lib/gcc/arm-none-eabi/6.3.1/thumb/v7e-m/fpv4-sp/hard/crtbegin.o
 *(.text*)
 .text.HAL_InitTick
                0x080001f4       0x48 Drivers/STM32F3xx_HAL_Driver/Src/stm32f3xx_hal.o
                0x080001f4                HAL_InitTick
 .text.HAL_Init
                0x0800023c       0x24 Drivers/STM32F3xx_HAL_Driver/Src/stm32f3xx_hal.o
                0x0800023c                HAL_Init
 .text.HAL_IncTick
                0x08000260       0x18 Drivers/STM32F3xx_HAL_Driver/Src/stm32f3xx_hal.o
                0x08000260                HAL_IncTick
 .text.HAL_GetTick
                0x08000278        0xc Drivers/STM32F3xx_HAL_Driver/Src/stm32f3xx_hal.o
                0x08000278                HAL_GetTick
 .text.HAL_Delay
                0x08000284       0x28 Drivers/STM32F3xx_HAL_Driver/Src/stm32f3xx_hal.o
                0x08000284                HAL_Delay
 .text.HAL_ADC_ConvCpltCallback
                0x080002ac        0x2 Drivers/STM32F3xx_HAL_Driver/Src/stm32f3xx_hal_adc.o
                0x080002ac                HAL_ADC_ConvCpltCallback
 .text.HAL_ADC_ConvHalfCpltCallback
                0x080002ae        0x2 Drivers/STM32F3xx_HAL_Driver/Src/stm32f3xx_hal_adc.o
                0x080002ae                HAL_ADC_ConvHalfCpltCallback
 .text.HAL_ADC_ErrorCallback
                0x080002b0        0x2 Drivers/STM32F3xx_HAL_Driver/Src/stm32f3xx_hal_adc.o
                0x080002b0                HAL_ADC_ErrorCallback
 .text.ADC_Disable
                0x080002b2       0x88 Drivers/STM32F3xx_HAL_Driver/Src/stm32f3xx_hal_adc_ex.o
 *fill*         0x0800033a        0x2 
 .text.ADC_Enable
                0x0800033c       0x84 Drivers/STM32F3xx_HAL_Driver/Src/stm32f3xx_hal_adc_ex.o
 .text.ADC_DMAError
                0x080003c0       0x1a Drivers/STM32F3xx_HAL_Driver/Src/stm32f3xx_hal_adc_ex.o
 .text.ADC_DMAHalfConvCplt
                0x080003da        0xa Drivers/STM32F3xx_HAL_Driver/Src/stm32f3xx_hal_adc_ex.o
 .text.ADC_DMAConvCplt
                0x080003e4       0x4a Drivers/STM32F3xx_HAL_Driver/Src/stm32f3xx_hal_adc_ex.o
 *fill*         0x0800042e        0x2 
 .text.HAL_ADC_Init
                0x08000430      0x298 Drivers/STM32F3xx_HAL_Driver/Src/stm32f3xx_hal_adc_ex.o
                0x08000430                HAL_ADC_Init
 .text.HAL_ADC_Start_DMA
                0x080006c8      0x180 Drivers/STM32F3xx_HAL_Driver/Src/stm32f3xx_hal_adc_ex.o
                0x080006c8                HAL_ADC_Start_DMA
 .text.HAL_ADC_ConfigChannel
                0x08000848      0x3c8 Drivers/STM32F3xx_HAL_Driver/Src/stm32f3xx_hal_adc_ex.o
                0x08000848                HAL_ADC_ConfigChannel
 .text.HAL_ADCEx_MultiModeConfigChannel
                0x08000c10      0x180 Drivers/STM32F3xx_HAL_Driver/Src/stm32f3xx_hal_adc_ex.o
                0x08000c10                HAL_ADCEx_MultiModeConfigChannel
 .text.HAL_NVIC_SetPriorityGrouping
                0x08000d90       0x24 Drivers/STM32F3xx_HAL_Driver/Src/stm32f3xx_hal_cortex.o
                0x08000d90                HAL_NVIC_SetPriorityGrouping
 .text.HAL_NVIC_SetPriority
                0x08000db4       0x64 Drivers/STM32F3xx_HAL_Driver/Src/stm32f3xx_hal_cortex.o
                0x08000db4                HAL_NVIC_SetPriority
 .text.HAL_NVIC_EnableIRQ
                0x08000e18       0x18 Drivers/STM32F3xx_HAL_Driver/Src/stm32f3xx_hal_cortex.o
                0x08000e18                HAL_NVIC_EnableIRQ
 .text.HAL_SYSTICK_Config
                0x08000e30       0x2c Drivers/STM32F3xx_HAL_Driver/Src/stm32f3xx_hal_cortex.o
                0x08000e30                HAL_SYSTICK_Config
 .text.HAL_SYSTICK_CLKSourceConfig
                0x08000e5c       0x20 Drivers/STM32F3xx_HAL_Driver/Src/stm32f3xx_hal_cortex.o
                0x08000e5c                HAL_SYSTICK_CLKSourceConfig
 .text.HAL_SYSTICK_Callback
                0x08000e7c        0x2 Drivers/STM32F3xx_HAL_Driver/Src/stm32f3xx_hal_cortex.o
                0x08000e7c                HAL_SYSTICK_Callback
 .text.HAL_SYSTICK_IRQHandler
                0x08000e7e        0x8 Drivers/STM32F3xx_HAL_Driver/Src/stm32f3xx_hal_cortex.o
                0x08000e7e                HAL_SYSTICK_IRQHandler
 .text.DMA_SetConfig
                0x08000e86       0x2c Drivers/STM32F3xx_HAL_Driver/Src/stm32f3xx_hal_dma.o
 *fill*         0x08000eb2        0x2 
 .text.DMA_CalcBaseAndBitshift
                0x08000eb4       0x4c Drivers/STM32F3xx_HAL_Driver/Src/stm32f3xx_hal_dma.o
 .text.HAL_DMA_Init
                0x08000f00       0x58 Drivers/STM32F3xx_HAL_Driver/Src/stm32f3xx_hal_dma.o
                0x08000f00                HAL_DMA_Init
 .text.HAL_DMA_Start_IT
                0x08000f58       0x74 Drivers/STM32F3xx_HAL_Driver/Src/stm32f3xx_hal_dma.o
                0x08000f58                HAL_DMA_Start_IT
 .text.HAL_DMA_IRQHandler
                0x08000fcc       0xb2 Drivers/STM32F3xx_HAL_Driver/Src/stm32f3xx_hal_dma.o
                0x08000fcc                HAL_DMA_IRQHandler
 *fill*         0x0800107e        0x2 
 .text.HAL_GPIO_Init
                0x08001080      0x1a0 Drivers/STM32F3xx_HAL_Driver/Src/stm32f3xx_hal_gpio.o
                0x08001080                HAL_GPIO_Init
 .text.HAL_GPIO_WritePin
                0x08001220        0xa Drivers/STM32F3xx_HAL_Driver/Src/stm32f3xx_hal_gpio.o
                0x08001220                HAL_GPIO_WritePin
 *fill*         0x0800122a        0x2 
 .text.HAL_GPIO_EXTI_IRQHandler
                0x0800122c       0x1c Drivers/STM32F3xx_HAL_Driver/Src/stm32f3xx_hal_gpio.o
                0x0800122c                HAL_GPIO_EXTI_IRQHandler
 .text.HAL_PCD_Init
                0x08001248       0xa8 Drivers/STM32F3xx_HAL_Driver/Src/stm32f3xx_hal_pcd.o
                0x08001248                HAL_PCD_Init
 .text.HAL_PCD_Start
                0x080012f0        0xc Drivers/STM32F3xx_HAL_Driver/Src/stm32f3xx_hal_pcd.o
                0x080012f0                HAL_PCD_Start
 .text.HAL_PCD_SetAddress
                0x080012fc       0x2c Drivers/STM32F3xx_HAL_Driver/Src/stm32f3xx_hal_pcd.o
                0x080012fc                HAL_PCD_SetAddress
 .text.HAL_PCD_EP_Open
                0x08001328      0x3b0 Drivers/STM32F3xx_HAL_Driver/Src/stm32f3xx_hal_pcd.o
                0x08001328                HAL_PCD_EP_Open
 .text.HAL_PCD_EP_Close
                0x080016d8      0x22a Drivers/STM32F3xx_HAL_Driver/Src/stm32f3xx_hal_pcd.o
                0x080016d8                HAL_PCD_EP_Close
 .text.HAL_PCD_EP_Receive
                0x08001902      0x16a Drivers/STM32F3xx_HAL_Driver/Src/stm32f3xx_hal_pcd.o
                0x08001902                HAL_PCD_EP_Receive
 .text.HAL_PCD_EP_GetRxCount
                0x08001a6c       0x12 Drivers/STM32F3xx_HAL_Driver/Src/stm32f3xx_hal_pcd.o
                0x08001a6c                HAL_PCD_EP_GetRxCount
 .text.HAL_PCD_EP_Transmit
                0x08001a7e      0x138 Drivers/STM32F3xx_HAL_Driver/Src/stm32f3xx_hal_pcd.o
                0x08001a7e                HAL_PCD_EP_Transmit
 .text.PCD_EP_ISR_Handler
                0x08001bb6      0x4a4 Drivers/STM32F3xx_HAL_Driver/Src/stm32f3xx_hal_pcd.o
 .text.HAL_PCD_IRQHandler
                0x0800205a      0x11c Drivers/STM32F3xx_HAL_Driver/Src/stm32f3xx_hal_pcd.o
                0x0800205a                HAL_PCD_IRQHandler
 .text.HAL_PCD_EP_SetStall
                0x08002176       0xc0 Drivers/STM32F3xx_HAL_Driver/Src/stm32f3xx_hal_pcd.o
                0x08002176                HAL_PCD_EP_SetStall
 .text.HAL_PCD_EP_ClrStall
                0x08002236       0xea Drivers/STM32F3xx_HAL_Driver/Src/stm32f3xx_hal_pcd.o
                0x08002236                HAL_PCD_EP_ClrStall
 .text.HAL_PCDEx_PMAConfig
                0x08002320       0x40 Drivers/STM32F3xx_HAL_Driver/Src/stm32f3xx_hal_pcd_ex.o
                0x08002320                HAL_PCDEx_PMAConfig
 .text.PCD_WritePMA
                0x08002360       0x2c Drivers/STM32F3xx_HAL_Driver/Src/stm32f3xx_hal_pcd_ex.o
                0x08002360                PCD_WritePMA
 .text.PCD_ReadPMA
                0x0800238c       0x32 Drivers/STM32F3xx_HAL_Driver/Src/stm32f3xx_hal_pcd_ex.o
                0x0800238c                PCD_ReadPMA
 *fill*         0x080023be        0x2 
 .text.HAL_RCC_OscConfig
                0x080023c0      0x60c Drivers/STM32F3xx_HAL_Driver/Src/stm32f3xx_hal_rcc.o
                0x080023c0                HAL_RCC_OscConfig
 .text.HAL_RCC_GetSysClockFreq
                0x080029cc       0x70 Drivers/STM32F3xx_HAL_Driver/Src/stm32f3xx_hal_rcc.o
                0x080029cc                HAL_RCC_GetSysClockFreq
 .text.HAL_RCC_ClockConfig
                0x08002a3c      0x1d4 Drivers/STM32F3xx_HAL_Driver/Src/stm32f3xx_hal_rcc.o
                0x08002a3c                HAL_RCC_ClockConfig
 .text.HAL_RCC_GetHCLKFreq
                0x08002c10        0xc Drivers/STM32F3xx_HAL_Driver/Src/stm32f3xx_hal_rcc.o
                0x08002c10                HAL_RCC_GetHCLKFreq
 .text.HAL_RCCEx_PeriphCLKConfig
                0x08002c1c      0x268 Drivers/STM32F3xx_HAL_Driver/Src/stm32f3xx_hal_rcc_ex.o
                0x08002c1c                HAL_RCCEx_PeriphCLKConfig
 .text.SPI_WaitFlagStateUntilTimeout
                0x08002e84       0x92 Drivers/STM32F3xx_HAL_Driver/Src/stm32f3xx_hal_spi.o
 .text.SPI_WaitFifoStateUntilTimeout
                0x08002f16       0xa4 Drivers/STM32F3xx_HAL_Driver/Src/stm32f3xx_hal_spi.o
 .text.SPI_EndRxTxTransaction
                0x08002fba       0x68 Drivers/STM32F3xx_HAL_Driver/Src/stm32f3xx_hal_spi.o
 .text.HAL_SPI_Init
                0x08003022       0xba Drivers/STM32F3xx_HAL_Driver/Src/stm32f3xx_hal_spi.o
                0x08003022                HAL_SPI_Init
 .text.HAL_SPI_Transmit
                0x080030dc      0x1cc Drivers/STM32F3xx_HAL_Driver/Src/stm32f3xx_hal_spi.o
                0x080030dc                HAL_SPI_Transmit
 .text.USBD_CDC_DataIn
                0x080032a8       0x12 Middlewares/ST/STM32_USB_Device_Library/Class/CDC/Src/usbd_cdc.o
 .text.USBD_CDC_EP0_RxReady
                0x080032ba       0x28 Middlewares/ST/STM32_USB_Device_Library/Class/CDC/Src/usbd_cdc.o
 *fill*         0x080032e2        0x2 
 .text.USBD_CDC_GetFSCfgDesc
                0x080032e4        0xc Middlewares/ST/STM32_USB_Device_Library/Class/CDC/Src/usbd_cdc.o
 .text.USBD_CDC_GetHSCfgDesc
                0x080032f0        0xc Middlewares/ST/STM32_USB_Device_Library/Class/CDC/Src/usbd_cdc.o
 .text.USBD_CDC_GetOtherSpeedCfgDesc
                0x080032fc        0xc Middlewares/ST/STM32_USB_Device_Library/Class/CDC/Src/usbd_cdc.o
 .text.USBD_CDC_GetDeviceQualifierDescriptor
                0x08003308        0xc Middlewares/ST/STM32_USB_Device_Library/Class/CDC/Src/usbd_cdc.o
                0x08003308                USBD_CDC_GetDeviceQualifierDescriptor
 .text.USBD_CDC_DataOut
                0x08003314       0x2e Middlewares/ST/STM32_USB_Device_Library/Class/CDC/Src/usbd_cdc.o
 *fill*         0x08003342        0x2 
 .text.USBD_CDC_Setup
                0x08003344       0x74 Middlewares/ST/STM32_USB_Device_Library/Class/CDC/Src/usbd_cdc.o
 .text.USBD_CDC_DeInit
                0x080033b8       0x3a Middlewares/ST/STM32_USB_Device_Library/Class/CDC/Src/usbd_cdc.o
 .text.USBD_CDC_Init
                0x080033f2       0x96 Middlewares/ST/STM32_USB_Device_Library/Class/CDC/Src/usbd_cdc.o
 .text.USBD_CDC_RegisterInterface
                0x08003488        0xe Middlewares/ST/STM32_USB_Device_Library/Class/CDC/Src/usbd_cdc.o
                0x08003488                USBD_CDC_RegisterInterface
 .text.USBD_CDC_SetTxBuffer
                0x08003496       0x10 Middlewares/ST/STM32_USB_Device_Library/Class/CDC/Src/usbd_cdc.o
                0x08003496                USBD_CDC_SetTxBuffer
 .text.USBD_CDC_SetRxBuffer
                0x080034a6        0xc Middlewares/ST/STM32_USB_Device_Library/Class/CDC/Src/usbd_cdc.o
                0x080034a6                USBD_CDC_SetRxBuffer
 .text.USBD_CDC_ReceivePacket
                0x080034b2       0x32 Middlewares/ST/STM32_USB_Device_Library/Class/CDC/Src/usbd_cdc.o
                0x080034b2                USBD_CDC_ReceivePacket
 .text.USBD_Init
                0x080034e4       0x2e Middlewares/ST/STM32_USB_Device_Library/Core/Src/usbd_core.o
                0x080034e4                USBD_Init
 .text.USBD_RegisterClass
                0x08003512        0xe Middlewares/ST/STM32_USB_Device_Library/Core/Src/usbd_core.o
                0x08003512                USBD_RegisterClass
 .text.USBD_Start
                0x08003520        0xa Middlewares/ST/STM32_USB_Device_Library/Core/Src/usbd_core.o
                0x08003520                USBD_Start
 .text.USBD_SetClassConfig
                0x0800352a       0x1a Middlewares/ST/STM32_USB_Device_Library/Core/Src/usbd_core.o
                0x0800352a                USBD_SetClassConfig
 .text.USBD_ClrClassConfig
                0x08003544        0xe Middlewares/ST/STM32_USB_Device_Library/Core/Src/usbd_core.o
                0x08003544                USBD_ClrClassConfig
 .text.USBD_LL_SetupStage
                0x08003552       0x5a Middlewares/ST/STM32_USB_Device_Library/Core/Src/usbd_core.o
                0x08003552                USBD_LL_SetupStage
 .text.USBD_LL_DataOutStage
                0x080035ac       0x6a Middlewares/ST/STM32_USB_Device_Library/Core/Src/usbd_core.o
                0x080035ac                USBD_LL_DataOutStage
 .text.USBD_LL_DataInStage
                0x08003616       0xb2 Middlewares/ST/STM32_USB_Device_Library/Core/Src/usbd_core.o
                0x08003616                USBD_LL_DataInStage
 .text.USBD_LL_Reset
                0x080036c8       0x3e Middlewares/ST/STM32_USB_Device_Library/Core/Src/usbd_core.o
                0x080036c8                USBD_LL_Reset
 .text.USBD_LL_SetSpeed
                0x08003706        0x6 Middlewares/ST/STM32_USB_Device_Library/Core/Src/usbd_core.o
                0x08003706                USBD_LL_SetSpeed
 .text.USBD_LL_Suspend
                0x0800370c       0x12 Middlewares/ST/STM32_USB_Device_Library/Core/Src/usbd_core.o
                0x0800370c                USBD_LL_Suspend
 .text.USBD_LL_Resume
                0x0800371e        0xc Middlewares/ST/STM32_USB_Device_Library/Core/Src/usbd_core.o
                0x0800371e                USBD_LL_Resume
 .text.USBD_LL_SOF
                0x0800372a       0x1c Middlewares/ST/STM32_USB_Device_Library/Core/Src/usbd_core.o
                0x0800372a                USBD_LL_SOF
 .text.USBD_GetLen
                0x08003746       0x14 Middlewares/ST/STM32_USB_Device_Library/Core/Src/usbd_ctlreq.o
 .text.USBD_SetFeature
                0x0800375a       0x20 Middlewares/ST/STM32_USB_Device_Library/Core/Src/usbd_ctlreq.o
 .text.USBD_ParseSetupRequest
                0x0800377a       0x28 Middlewares/ST/STM32_USB_Device_Library/Core/Src/usbd_ctlreq.o
                0x0800377a                USBD_ParseSetupRequest
 .text.USBD_CtlError
                0x080037a2       0x14 Middlewares/ST/STM32_USB_Device_Library/Core/Src/usbd_ctlreq.o
                0x080037a2                USBD_CtlError
 .text.USBD_GetDescriptor
                0x080037b6      0x132 Middlewares/ST/STM32_USB_Device_Library/Core/Src/usbd_ctlreq.o
 .text.USBD_SetAddress
                0x080038e8       0x4a Middlewares/ST/STM32_USB_Device_Library/Core/Src/usbd_ctlreq.o
 *fill*         0x08003932        0x2 
 .text.USBD_SetConfig
                0x08003934       0xa4 Middlewares/ST/STM32_USB_Device_Library/Core/Src/usbd_ctlreq.o
 .text.USBD_GetConfig
                0x080039d8       0x3a Middlewares/ST/STM32_USB_Device_Library/Core/Src/usbd_ctlreq.o
 .text.USBD_GetStatus
                0x08003a12       0x2c Middlewares/ST/STM32_USB_Device_Library/Core/Src/usbd_ctlreq.o
 .text.USBD_ClrFeature
                0x08003a3e       0x32 Middlewares/ST/STM32_USB_Device_Library/Core/Src/usbd_ctlreq.o
 .text.USBD_StdDevReq
                0x08003a70       0x48 Middlewares/ST/STM32_USB_Device_Library/Core/Src/usbd_ctlreq.o
                0x08003a70                USBD_StdDevReq
 .text.USBD_StdItfReq
                0x08003ab8       0x38 Middlewares/ST/STM32_USB_Device_Library/Core/Src/usbd_ctlreq.o
                0x08003ab8                USBD_StdItfReq
 .text.USBD_StdEPReq
                0x08003af0      0x118 Middlewares/ST/STM32_USB_Device_Library/Core/Src/usbd_ctlreq.o
                0x08003af0                USBD_StdEPReq
 .text.USBD_GetString
                0x08003c08       0x3a Middlewares/ST/STM32_USB_Device_Library/Core/Src/usbd_ctlreq.o
                0x08003c08                USBD_GetString
 .text.USBD_CtlSendData
                0x08003c42       0x1a Middlewares/ST/STM32_USB_Device_Library/Core/Src/usbd_ioreq.o
                0x08003c42                USBD_CtlSendData
 .text.USBD_CtlContinueSendData
                0x08003c5c       0x10 Middlewares/ST/STM32_USB_Device_Library/Core/Src/usbd_ioreq.o
                0x08003c5c                USBD_CtlContinueSendData
 .text.USBD_CtlPrepareRx
                0x08003c6c       0x1e Middlewares/ST/STM32_USB_Device_Library/Core/Src/usbd_ioreq.o
                0x08003c6c                USBD_CtlPrepareRx
 .text.USBD_CtlContinueRx
                0x08003c8a       0x10 Middlewares/ST/STM32_USB_Device_Library/Core/Src/usbd_ioreq.o
                0x08003c8a                USBD_CtlContinueRx
 .text.USBD_CtlSendStatus
                0x08003c9a       0x16 Middlewares/ST/STM32_USB_Device_Library/Core/Src/usbd_ioreq.o
                0x08003c9a                USBD_CtlSendStatus
 .text.USBD_CtlReceiveStatus
                0x08003cb0       0x16 Middlewares/ST/STM32_USB_Device_Library/Core/Src/usbd_ioreq.o
                0x08003cb0                USBD_CtlReceiveStatus
 .text._pow     0x08003cc6       0x16 Src/SSD1331.o
 .text.ssd1331_write_byte
                0x08003cdc       0x60 Src/SSD1331.o
 .text.ssd1331_draw_point
                0x08003d3c       0x54 Src/SSD1331.o
                0x08003d3c                ssd1331_draw_point
 .text.ssd1331_draw_line
                0x08003d90       0x9c Src/SSD1331.o
                0x08003d90                ssd1331_draw_line
 .text.ssd1331_display_char
                0x08003e2c       0xa4 Src/SSD1331.o
                0x08003e2c                ssd1331_display_char
 .text.ssd1331_display_num
                0x08003ed0       0xac Src/SSD1331.o
                0x08003ed0                ssd1331_display_num
 .text.ssd1331_clear_screen
                0x08003f7c       0x28 Src/SSD1331.o
                0x08003f7c                ssd1331_clear_screen
 .text.ssd1331_display_string
                0x08003fa4       0x62 Src/SSD1331.o
                0x08003fa4                ssd1331_display_string
 *fill*         0x08004006        0x2 
 .text.ssd1331_init
                0x08004008      0x158 Src/SSD1331.o
                0x08004008                ssd1331_init
 .text.drawBoard
                0x08004160       0x7c Src/main.o
 .text.drawCursor00
                0x080041dc       0x48 Src/main.o
 .text.drawCursor10
                0x08004224       0x48 Src/main.o
 .text.drawCursor20
                0x0800426c       0x48 Src/main.o
 .text.drawCursor30
                0x080042b4       0x48 Src/main.o
 .text.drawCursor40
                0x080042fc       0x48 Src/main.o
 .text.drawCursor50
                0x08004344       0x48 Src/main.o
 .text.drawCursor60
                0x0800438c       0x48 Src/main.o
 .text.drawCursor70
                0x080043d4       0x48 Src/main.o
 .text.drawCursor80
                0x0800441c       0x48 Src/main.o
 .text.drawCursor01
                0x08004464       0x48 Src/main.o
 .text.drawCursor11
                0x080044ac       0x48 Src/main.o
 .text.drawCursor21
                0x080044f4       0x48 Src/main.o
 .text.drawCursor31
                0x0800453c       0x48 Src/main.o
 .text.drawCursor41
                0x08004584       0x48 Src/main.o
 .text.drawCursor51
                0x080045cc       0x48 Src/main.o
 .text.drawCursor61
                0x08004614       0x48 Src/main.o
 .text.drawCursor71
                0x0800465c       0x48 Src/main.o
 .text.drawCursor81
                0x080046a4       0x48 Src/main.o
 .text.checkWin
                0x080046ec      0x1ac Src/main.o
 .text.checkDraw
                0x08004898       0x7c Src/main.o
 .text.MX_GPIO_Init
                0x08004914      0x154 Src/main.o
 .text.MX_DMA_Init
                0x08004a68       0x34 Src/main.o
 .text.writeScore
                0x08004a9c       0xdc Src/main.o
 .text.newGame  0x08004b78       0x90 Src/main.o
 .text.HAL_GPIO_EXTI_Callback
                0x08004c08        0xc Src/main.o
                0x08004c08                HAL_GPIO_EXTI_Callback
 .text._Error_Handler
                0x08004c14        0x2 Src/main.o
                0x08004c14                _Error_Handler
 *fill*         0x08004c16        0x2 
 .text.MX_SPI1_Init
                0x08004c18       0x58 Src/main.o
 .text.MX_ADC1_Init
                0x08004c70       0xac Src/main.o
 .text.SystemClock_Config
                0x08004d1c       0xb0 Src/main.o
                0x08004d1c                SystemClock_Config
 .text.main     0x08004dcc      0x794 Src/main.o
                0x08004dcc                main
 .text.HAL_MspInit
                0x08005560       0x7c Src/stm32f3xx_hal_msp.o
                0x08005560                HAL_MspInit
 .text.HAL_ADC_MspInit
                0x080055dc       0x88 Src/stm32f3xx_hal_msp.o
                0x080055dc                HAL_ADC_MspInit
 .text.HAL_SPI_MspInit
                0x08005664       0x4c Src/stm32f3xx_hal_msp.o
                0x08005664                HAL_SPI_MspInit
 .text.SVC_Handler
                0x080056b0        0x2 Src/stm32f3xx_it.o
                0x080056b0                SVC_Handler
 .text.PendSV_Handler
                0x080056b2        0x2 Src/stm32f3xx_it.o
                0x080056b2                PendSV_Handler
 .text.SysTick_Handler
                0x080056b4        0xc Src/stm32f3xx_it.o
                0x080056b4                SysTick_Handler
 .text.EXTI0_IRQHandler
                0x080056c0        0xa Src/stm32f3xx_it.o
                0x080056c0                EXTI0_IRQHandler
 .text.EXTI3_IRQHandler
                0x080056ca        0xa Src/stm32f3xx_it.o
                0x080056ca                EXTI3_IRQHandler
 .text.DMA1_Channel1_IRQHandler
                0x080056d4       0x10 Src/stm32f3xx_it.o
                0x080056d4                DMA1_Channel1_IRQHandler
 .text.USB_LP_CAN_RX0_IRQHandler
                0x080056e4       0x10 Src/stm32f3xx_it.o
                0x080056e4                USB_LP_CAN_RX0_IRQHandler
 .text.SystemInit
                0x080056f4       0x68 Src/system_stm32f3xx.o
                0x080056f4                SystemInit
 .text.MX_USB_DEVICE_Init
                0x0800575c       0x38 Src/usb_device.o
                0x0800575c                MX_USB_DEVICE_Init
 .text.CDC_DeInit_FS
                0x08005794        0x4 Src/usbd_cdc_if.o
 .text.CDC_Control_FS
                0x08005798        0x4 Src/usbd_cdc_if.o
 .text.CDC_Receive_FS
                0x0800579c       0x1c Src/usbd_cdc_if.o
 .text.CDC_Init_FS
                0x080057b8       0x28 Src/usbd_cdc_if.o
 .text.HAL_PCD_MspInit
                0x080057e0       0x60 Src/usbd_conf.o
                0x080057e0                HAL_PCD_MspInit
 .text.HAL_PCD_SetupStageCallback
                0x08005840       0x10 Src/usbd_conf.o
                0x08005840                HAL_PCD_SetupStageCallback
 .text.HAL_PCD_DataOutStageCallback
                0x08005850       0x18 Src/usbd_conf.o
                0x08005850                HAL_PCD_DataOutStageCallback
 .text.HAL_PCD_DataInStageCallback
                0x08005868       0x16 Src/usbd_conf.o
                0x08005868                HAL_PCD_DataInStageCallback
 .text.HAL_PCD_SOFCallback
                0x0800587e        0xc Src/usbd_conf.o
                0x0800587e                HAL_PCD_SOFCallback
 .text.HAL_PCD_ResetCallback
                0x0800588a       0x18 Src/usbd_conf.o
                0x0800588a                HAL_PCD_ResetCallback
 *fill*         0x080058a2        0x2 
 .text.HAL_PCD_SuspendCallback
                0x080058a4       0x20 Src/usbd_conf.o
                0x080058a4                HAL_PCD_SuspendCallback
 .text.HAL_PCD_ResumeCallback
                0x080058c4        0xc Src/usbd_conf.o
                0x080058c4                HAL_PCD_ResumeCallback
 .text.USBD_LL_Init
                0x080058d0       0x90 Src/usbd_conf.o
                0x080058d0                USBD_LL_Init
 .text.USBD_LL_Start
                0x08005960       0x1c Src/usbd_conf.o
                0x08005960                USBD_LL_Start
 .text.USBD_LL_OpenEP
                0x0800597c       0x22 Src/usbd_conf.o
                0x0800597c                USBD_LL_OpenEP
 .text.USBD_LL_CloseEP
                0x0800599e       0x1c Src/usbd_conf.o
                0x0800599e                USBD_LL_CloseEP
 .text.USBD_LL_StallEP
                0x080059ba       0x1c Src/usbd_conf.o
                0x080059ba                USBD_LL_StallEP
 .text.USBD_LL_ClearStallEP
                0x080059d6       0x1c Src/usbd_conf.o
                0x080059d6                USBD_LL_ClearStallEP
 .text.USBD_LL_IsStallEP
                0x080059f2       0x2e Src/usbd_conf.o
                0x080059f2                USBD_LL_IsStallEP
 .text.USBD_LL_SetUSBAddress
                0x08005a20       0x1c Src/usbd_conf.o
                0x08005a20                USBD_LL_SetUSBAddress
 .text.USBD_LL_Transmit
                0x08005a3c       0x1c Src/usbd_conf.o
                0x08005a3c                USBD_LL_Transmit
 .text.USBD_LL_PrepareReceive
                0x08005a58       0x1c Src/usbd_conf.o
                0x08005a58                USBD_LL_PrepareReceive
 .text.USBD_LL_GetRxDataSize
                0x08005a74        0xc Src/usbd_conf.o
                0x08005a74                USBD_LL_GetRxDataSize
 .text.USBD_static_malloc
                0x08005a80        0x8 Src/usbd_conf.o
                0x08005a80                USBD_static_malloc
 .text.USBD_static_free
                0x08005a88        0x2 Src/usbd_conf.o
                0x08005a88                USBD_static_free
 .text.HAL_PCDEx_SetConnectionState
                0x08005a8a        0x2 Src/usbd_conf.o
                0x08005a8a                HAL_PCDEx_SetConnectionState
 .text.USBD_FS_DeviceDescriptor
                0x08005a8c        0xc Src/usbd_desc.o
                0x08005a8c                USBD_FS_DeviceDescriptor
 .text.USBD_FS_LangIDStrDescriptor
                0x08005a98        0xc Src/usbd_desc.o
                0x08005a98                USBD_FS_LangIDStrDescriptor
 .text.USBD_FS_ProductStrDescriptor
                0x08005aa4       0x24 Src/usbd_desc.o
                0x08005aa4                USBD_FS_ProductStrDescriptor
 .text.USBD_FS_ManufacturerStrDescriptor
                0x08005ac8       0x1c Src/usbd_desc.o
                0x08005ac8                USBD_FS_ManufacturerStrDescriptor
 .text.USBD_FS_SerialStrDescriptor
                0x08005ae4       0x24 Src/usbd_desc.o
                0x08005ae4                USBD_FS_SerialStrDescriptor
 .text.USBD_FS_ConfigStrDescriptor
                0x08005b08       0x24 Src/usbd_desc.o
                0x08005b08                USBD_FS_ConfigStrDescriptor
 .text.USBD_FS_InterfaceStrDescriptor
                0x08005b2c       0x24 Src/usbd_desc.o
                0x08005b2c                USBD_FS_InterfaceStrDescriptor
 .text.Reset_Handler
                0x08005b50       0x50 startup/startup_stm32f303xc.o
                0x08005b50                Reset_Handler
 .text.Default_Handler
                0x08005ba0        0x2 startup/startup_stm32f303xc.o
                0x08005ba0                RTC_Alarm_IRQHandler
                0x08005ba0                TIM8_TRG_COM_IRQHandler
                0x08005ba0                TIM8_CC_IRQHandler
                0x08005ba0                DebugMon_Handler
                0x08005ba0                TIM1_CC_IRQHandler
                0x08005ba0                HardFault_Handler
                0x08005ba0                USB_HP_IRQHandler
                0x08005ba0                PVD_IRQHandler
                0x08005ba0                TAMP_STAMP_IRQHandler
                0x08005ba0                NMI_Handler
                0x08005ba0                USB_HP_CAN_TX_IRQHandler
                0x08005ba0                I2C2_EV_IRQHandler
                0x08005ba0                FPU_IRQHandler
                0x08005ba0                TIM1_UP_TIM16_IRQHandler
                0x08005ba0                UsageFault_Handler
                0x08005ba0                ADC1_2_IRQHandler
                0x08005ba0                SPI1_IRQHandler
                0x08005ba0                CAN_SCE_IRQHandler
                0x08005ba0                TIM6_DAC_IRQHandler
                0x08005ba0                TIM8_UP_IRQHandler
                0x08005ba0                DMA2_Channel2_IRQHandler
                0x08005ba0                DMA1_Channel4_IRQHandler
                0x08005ba0                USART3_IRQHandler
                0x08005ba0                DMA1_Channel7_IRQHandler
                0x08005ba0                UART5_IRQHandler
                0x08005ba0                ADC3_IRQHandler
                0x08005ba0                TIM4_IRQHandler
                0x08005ba0                CAN_RX1_IRQHandler
                0x08005ba0                DMA2_Channel1_IRQHandler
                0x08005ba0                I2C1_EV_IRQHandler
                0x08005ba0                DMA1_Channel6_IRQHandler
                0x08005ba0                UART4_IRQHandler
                0x08005ba0                DMA2_Channel4_IRQHandler
                0x08005ba0                TIM3_IRQHandler
                0x08005ba0                RCC_IRQHandler
                0x08005ba0                Default_Handler
                0x08005ba0                USBWakeUp_RMP_IRQHandler
                0x08005ba0                EXTI15_10_IRQHandler
                0x08005ba0                TIM7_IRQHandler
                0x08005ba0                EXTI9_5_IRQHandler
                0x08005ba0                RTC_WKUP_IRQHandler
                0x08005ba0                SPI2_IRQHandler
                0x08005ba0                MemManage_Handler
                0x08005ba0                DMA2_Channel5_IRQHandler
                0x08005ba0                DMA1_Channel5_IRQHandler
                0x08005ba0                USB_LP_IRQHandler
                0x08005ba0                EXTI4_IRQHandler
                0x08005ba0                TIM1_TRG_COM_TIM17_IRQHandler
                0x08005ba0                DMA1_Channel3_IRQHandler
                0x08005ba0                ADC4_IRQHandler
                0x08005ba0                WWDG_IRQHandler
                0x08005ba0                TIM2_IRQHandler
                0x08005ba0                COMP7_IRQHandler
                0x08005ba0                COMP1_2_3_IRQHandler
                0x08005ba0                EXTI1_IRQHandler
                0x08005ba0                USART2_IRQHandler
                0x08005ba0                COMP4_5_6_IRQHandler
                0x08005ba0                I2C2_ER_IRQHandler
                0x08005ba0                DMA1_Channel2_IRQHandler
                0x08005ba0                TIM8_BRK_IRQHandler
                0x08005ba0                FLASH_IRQHandler
                0x08005ba0                BusFault_Handler
                0x08005ba0                USART1_IRQHandler
                0x08005ba0                SPI3_IRQHandler
                0x08005ba0                I2C1_ER_IRQHandler
                0x08005ba0                USBWakeUp_IRQHandler
                0x08005ba0                DMA2_Channel3_IRQHandler
                0x08005ba0                EXTI2_TSC_IRQHandler
                0x08005ba0                TIM1_BRK_TIM15_IRQHandler
 *fill*         0x08005ba2        0x2 
 .text.__libc_init_array
                0x08005ba4       0x48 c:/ac6/systemworkbench/plugins/fr.ac6.mcu.externaltools.arm-none.win32_1.15.0.201708311556/tools/compiler/bin/../lib/gcc/arm-none-eabi/6.3.1/../../../../arm-none-eabi/lib/thumb/v7e-m/fpv4-sp/hard\libc_nano.a(lib_a-init.o)
                0x08005ba4                __libc_init_array
 *(.glue_7)
 .glue_7        0x08005bec        0x0 linker stubs
 *(.glue_7t)
 .glue_7t       0x08005bec        0x0 linker stubs
 *(.eh_frame)
 .eh_frame      0x08005bec        0x0 c:/ac6/systemworkbench/plugins/fr.ac6.mcu.externaltools.arm-none.win32_1.15.0.201708311556/tools/compiler/bin/../lib/gcc/arm-none-eabi/6.3.1/thumb/v7e-m/fpv4-sp/hard/crtbegin.o
 *(.init)
 .init          0x08005bec        0x4 c:/ac6/systemworkbench/plugins/fr.ac6.mcu.externaltools.arm-none.win32_1.15.0.201708311556/tools/compiler/bin/../lib/gcc/arm-none-eabi/6.3.1/thumb/v7e-m/fpv4-sp/hard/crti.o
                0x08005bec                _init
 .init          0x08005bf0        0x8 c:/ac6/systemworkbench/plugins/fr.ac6.mcu.externaltools.arm-none.win32_1.15.0.201708311556/tools/compiler/bin/../lib/gcc/arm-none-eabi/6.3.1/thumb/v7e-m/fpv4-sp/hard/crtn.o
 *(.fini)
 .fini          0x08005bf8        0x4 c:/ac6/systemworkbench/plugins/fr.ac6.mcu.externaltools.arm-none.win32_1.15.0.201708311556/tools/compiler/bin/../lib/gcc/arm-none-eabi/6.3.1/thumb/v7e-m/fpv4-sp/hard/crti.o
                0x08005bf8                _fini
 .fini          0x08005bfc        0x8 c:/ac6/systemworkbench/plugins/fr.ac6.mcu.externaltools.arm-none.win32_1.15.0.201708311556/tools/compiler/bin/../lib/gcc/arm-none-eabi/6.3.1/thumb/v7e-m/fpv4-sp/hard/crtn.o
                0x08005c04                . = ALIGN (0x4)
                0x08005c04                _etext = .

.vfp11_veneer   0x08005c04        0x0
 .vfp11_veneer  0x08005c04        0x0 linker stubs

.v4_bx          0x08005c04        0x0
 .v4_bx         0x08005c04        0x0 linker stubs

.iplt           0x08005c04        0x0
 .iplt          0x08005c04        0x0 c:/ac6/systemworkbench/plugins/fr.ac6.mcu.externaltools.arm-none.win32_1.15.0.201708311556/tools/compiler/bin/../lib/gcc/arm-none-eabi/6.3.1/thumb/v7e-m/fpv4-sp/hard/crtbegin.o

.rodata         0x08005c04     0x103c
                0x08005c04                . = ALIGN (0x4)
 *(.rodata)
 .rodata        0x08005c04       0x20 Drivers/STM32F3xx_HAL_Driver/Src/stm32f3xx_hal_rcc.o
                0x08005c04                aPLLMULFactorTable
                0x08005c14                aPredivFactorTable
 .rodata        0x08005c24      0xf2c Src/Fonts.o
                0x08005c24                c_chAlarm88
                0x08005c2c                c_chGPRS88
                0x08005c34                c_chBluetooth88
                0x08005c3c                c_chBat816
                0x08005c4c                c_chMsg816
                0x08005c5c                c_chSingal816
                0x08005c6c                c_chBmp4016
                0x08005ccc                c_chFont3216
                0x08005f8c                c_chFont1612
                0x080060ec                c_chFont1608
                0x080066dc                c_chFont1206
 .rodata        0x08006b50       0x18 Src/system_stm32f3xx.o
                0x08006b50                AHBPrescTable
                0x08006b60                APBPrescTable
 *(.rodata*)
 .rodata.str1.4
                0x08006b68       0x4e Src/main.o
 *fill*         0x08006bb6        0x2 
 .rodata.str1.4
                0x08006bb8       0x1b Src/stm32f3xx_hal_msp.o
 *fill*         0x08006bd3        0x1 
 .rodata.str1.4
                0x08006bd4       0x13 Src/usbd_conf.o
 *fill*         0x08006be7        0x1 
 .rodata.str1.4
                0x08006be8       0x58 Src/usbd_desc.o
                                 0x56 (size before relaxing)
                0x08006c40                . = ALIGN (0x4)

.rel.dyn        0x08006c40        0x0
 .rel.iplt      0x08006c40        0x0 c:/ac6/systemworkbench/plugins/fr.ac6.mcu.externaltools.arm-none.win32_1.15.0.201708311556/tools/compiler/bin/../lib/gcc/arm-none-eabi/6.3.1/thumb/v7e-m/fpv4-sp/hard/crtbegin.o

.ARM.extab
 *(.ARM.extab* .gnu.linkonce.armextab.*)

.ARM            0x08006c40        0x0
                0x08006c40                __exidx_start = .
 *(.ARM.exidx*)
                0x08006c40                __exidx_end = .

.preinit_array  0x08006c40        0x0
                0x08006c40                PROVIDE (__preinit_array_start, .)
 *(.preinit_array*)
                0x08006c40                PROVIDE (__preinit_array_end, .)

.init_array     0x08006c40        0x4
                0x08006c40                PROVIDE (__init_array_start, .)
 *(SORT(.init_array.*))
 *(.init_array*)
 .init_array    0x08006c40        0x4 c:/ac6/systemworkbench/plugins/fr.ac6.mcu.externaltools.arm-none.win32_1.15.0.201708311556/tools/compiler/bin/../lib/gcc/arm-none-eabi/6.3.1/thumb/v7e-m/fpv4-sp/hard/crtbegin.o
                0x08006c44                PROVIDE (__init_array_end, .)

.fini_array     0x08006c44        0x4
                [!provide]                PROVIDE (__fini_array_start, .)
 *(SORT(.fini_array.*))
 *(.fini_array*)
 .fini_array    0x08006c44        0x4 c:/ac6/systemworkbench/plugins/fr.ac6.mcu.externaltools.arm-none.win32_1.15.0.201708311556/tools/compiler/bin/../lib/gcc/arm-none-eabi/6.3.1/thumb/v7e-m/fpv4-sp/hard/crtbegin.o
                [!provide]                PROVIDE (__fini_array_end, .)
                0x08006c48                _sidata = LOADADDR (.data)

.data           0x20000000      0x160 load address 0x08006c48
                0x20000000                . = ALIGN (0x4)
                0x20000000                _sdata = .
 *(.data)
 .data          0x20000000        0x8 Drivers/STM32F3xx_HAL_Driver/Src/stm32f3xx_hal.o
                0x20000000                uwTickFreq
                0x20000004                uwTickPrio
 .data          0x20000008      0x110 Middlewares/ST/STM32_USB_Device_Library/Class/CDC/Src/usbd_cdc.o
                0x20000008                USBD_CDC_CfgFSDesc
                0x2000004c                USBD_CDC_CfgHSDesc
                0x20000090                USBD_CDC_OtherSpeedCfgDesc
                0x200000e0                USBD_CDC
 .data          0x20000118        0x4 Src/system_stm32f3xx.o
                0x20000118                SystemCoreClock
 .data          0x2000011c       0x10 Src/usbd_cdc_if.o
                0x2000011c                USBD_Interface_fops_FS
 .data          0x2000012c       0x34 Src/usbd_desc.o
                0x2000012c                USBD_FS_DeviceDesc
                0x20000140                USBD_LangIDDesc
                0x20000144                FS_Desc
 *(.data*)
                0x20000160                . = ALIGN (0x4)
                0x20000160                _edata = .
                0x08006da8                _siccmram = LOADADDR (.ccmram)

.jcr            0x20000160        0x0 load address 0x08006da8
 .jcr           0x20000160        0x0 c:/ac6/systemworkbench/plugins/fr.ac6.mcu.externaltools.arm-none.win32_1.15.0.201708311556/tools/compiler/bin/../lib/gcc/arm-none-eabi/6.3.1/thumb/v7e-m/fpv4-sp/hard/crtbegin.o

.igot.plt       0x20000160        0x0 load address 0x08006da8
 .igot.plt      0x20000160        0x0 c:/ac6/systemworkbench/plugins/fr.ac6.mcu.externaltools.arm-none.win32_1.15.0.201708311556/tools/compiler/bin/../lib/gcc/arm-none-eabi/6.3.1/thumb/v7e-m/fpv4-sp/hard/crtbegin.o

.ccmram         0x10000000        0x0 load address 0x08006da8
                0x10000000                . = ALIGN (0x4)
                0x10000000                _sccmram = .
 *(.ccmram)
 *(.ccmram*)
                0x10000000                . = ALIGN (0x4)
                0x10000000                _eccmram = .
                0x10000000                . = ALIGN (0x4)

.bss            0x20000160     0x12fc
                0x20000160                _sbss = .
                0x20000160                __bss_start__ = _sbss
 *(.bss)
 .bss           0x20000160       0x1c c:/ac6/systemworkbench/plugins/fr.ac6.mcu.externaltools.arm-none.win32_1.15.0.201708311556/tools/compiler/bin/../lib/gcc/arm-none-eabi/6.3.1/thumb/v7e-m/fpv4-sp/hard/crtbegin.o
 .bss           0x2000017c        0x1 Middlewares/ST/STM32_USB_Device_Library/Class/CDC/Src/usbd_cdc.o
 .bss           0x2000017d        0x1 Middlewares/ST/STM32_USB_Device_Library/Core/Src/usbd_ctlreq.o
 .bss           0x2000017e        0x8 Src/main.o
                0x2000017e                player
                0x2000017f                win
                0x20000180                scoreX
                0x20000181                scoreO
                0x20000182                draw
                0x20000183                cursor
                0x20000184                move
                0x20000185                error
 *fill*         0x20000186        0x2 
 .bss           0x20000188      0x220 Src/usbd_conf.o
 *(.bss*)
 *(COMMON)
 COMMON         0x200003a8        0x4 Drivers/STM32F3xx_HAL_Driver/Src/stm32f3xx_hal.o
                0x200003a8                uwTick
 COMMON         0x200003ac      0x111 Src/main.o
                0x200003ac                Joystick
                0x200003b0                i2
                0x200003b4                hadc1
                0x20000408                i
                0x2000040c                hdma_adc1
                0x20000450                hspi1
                0x200004b4                field
 *fill*         0x200004bd        0x3 
 COMMON         0x200004c0      0x224 Src/usb_device.o
                0x200004c0                hUsbDeviceFS
 COMMON         0x200006e4      0x7d0 Src/usbd_cdc_if.o
                0x200006e4                UserRxBufferFS
                0x20000acc                UserTxBufferFS
 COMMON         0x20000eb4      0x3a8 Src/usbd_conf.o
                0x20000eb4                hpcd_USB_FS
 COMMON         0x2000125c      0x200 Src/usbd_desc.o
                0x2000125c                USBD_StrDesc
                0x2000145c                . = ALIGN (0x4)
                0x2000145c                _ebss = .
                0x2000145c                __bss_end__ = _ebss

._user_heap_stack
                0x2000145c      0x604
                0x20001460                . = ALIGN (0x8)
 *fill*         0x2000145c        0x4 
                [!provide]                PROVIDE (end, .)
                [!provide]                PROVIDE (_end, .)
                0x20001660                . = (. + _Min_Heap_Size)
 *fill*         0x20001460      0x200 
                0x20001a60                . = (. + _Min_Stack_Size)
 *fill*         0x20001660      0x400 
                0x20001a60                . = ALIGN (0x8)

/DISCARD/
 libc.a(*)
 libm.a(*)
 libgcc.a(*)

.ARM.attributes
                0x00000000       0x30
 *(.ARM.attributes)
 .ARM.attributes
                0x00000000       0x22 c:/ac6/systemworkbench/plugins/fr.ac6.mcu.externaltools.arm-none.win32_1.15.0.201708311556/tools/compiler/bin/../lib/gcc/arm-none-eabi/6.3.1/thumb/v7e-m/fpv4-sp/hard/crti.o
 .ARM.attributes
                0x00000022       0x34 c:/ac6/systemworkbench/plugins/fr.ac6.mcu.externaltools.arm-none.win32_1.15.0.201708311556/tools/compiler/bin/../lib/gcc/arm-none-eabi/6.3.1/thumb/v7e-m/fpv4-sp/hard/crtbegin.o
 .ARM.attributes
                0x00000056       0x39 Drivers/STM32F3xx_HAL_Driver/Src/stm32f3xx_hal.o
 .ARM.attributes
                0x0000008f       0x39 Drivers/STM32F3xx_HAL_Driver/Src/stm32f3xx_hal_adc.o
 .ARM.attributes
                0x000000c8       0x39 Drivers/STM32F3xx_HAL_Driver/Src/stm32f3xx_hal_adc_ex.o
 .ARM.attributes
                0x00000101       0x39 Drivers/STM32F3xx_HAL_Driver/Src/stm32f3xx_hal_cortex.o
 .ARM.attributes
                0x0000013a       0x39 Drivers/STM32F3xx_HAL_Driver/Src/stm32f3xx_hal_dma.o
 .ARM.attributes
                0x00000173       0x39 Drivers/STM32F3xx_HAL_Driver/Src/stm32f3xx_hal_gpio.o
 .ARM.attributes
                0x000001ac       0x39 Drivers/STM32F3xx_HAL_Driver/Src/stm32f3xx_hal_pcd.o
 .ARM.attributes
                0x000001e5       0x39 Drivers/STM32F3xx_HAL_Driver/Src/stm32f3xx_hal_pcd_ex.o
 .ARM.attributes
                0x0000021e       0x39 Drivers/STM32F3xx_HAL_Driver/Src/stm32f3xx_hal_rcc.o
 .ARM.attributes
                0x00000257       0x39 Drivers/STM32F3xx_HAL_Driver/Src/stm32f3xx_hal_rcc_ex.o
 .ARM.attributes
                0x00000290       0x39 Drivers/STM32F3xx_HAL_Driver/Src/stm32f3xx_hal_spi.o
 .ARM.attributes
                0x000002c9       0x39 Middlewares/ST/STM32_USB_Device_Library/Class/CDC/Src/usbd_cdc.o
 .ARM.attributes
                0x00000302       0x39 Middlewares/ST/STM32_USB_Device_Library/Core/Src/usbd_core.o
 .ARM.attributes
                0x0000033b       0x39 Middlewares/ST/STM32_USB_Device_Library/Core/Src/usbd_ctlreq.o
 .ARM.attributes
                0x00000374       0x39 Middlewares/ST/STM32_USB_Device_Library/Core/Src/usbd_ioreq.o
 .ARM.attributes
                0x000003ad       0x39 Src/Fonts.o
 .ARM.attributes
                0x000003e6       0x39 Src/SSD1331.o
 .ARM.attributes
                0x0000041f       0x39 Src/main.o
 .ARM.attributes
                0x00000458       0x39 Src/stm32f3xx_hal_msp.o
 .ARM.attributes
                0x00000491       0x39 Src/stm32f3xx_it.o
 .ARM.attributes
                0x000004ca       0x39 Src/system_stm32f3xx.o
 .ARM.attributes
                0x00000503       0x39 Src/usb_device.o
 .ARM.attributes
                0x0000053c       0x39 Src/usbd_cdc_if.o
 .ARM.attributes
                0x00000575       0x39 Src/usbd_conf.o
 .ARM.attributes
                0x000005ae       0x39 Src/usbd_desc.o
 .ARM.attributes
                0x000005e7       0x21 startup/startup_stm32f303xc.o
 .ARM.attributes
                0x00000608       0x34 c:/ac6/systemworkbench/plugins/fr.ac6.mcu.externaltools.arm-none.win32_1.15.0.201708311556/tools/compiler/bin/../lib/gcc/arm-none-eabi/6.3.1/../../../../arm-none-eabi/lib/thumb/v7e-m/fpv4-sp/hard\libc_nano.a(lib_a-init.o)
 .ARM.attributes
                0x0000063c       0x22 c:/ac6/systemworkbench/plugins/fr.ac6.mcu.externaltools.arm-none.win32_1.15.0.201708311556/tools/compiler/bin/../lib/gcc/arm-none-eabi/6.3.1/thumb/v7e-m/fpv4-sp/hard/crtn.o
OUTPUT(07_SPI_OLED.elf elf32-littlearm)

.debug_info     0x00000000    0x2391d
 .debug_info    0x00000000     0x108c Drivers/STM32F3xx_HAL_Driver/Src/stm32f3xx_hal.o
 .debug_info    0x0000108c     0x1379 Drivers/STM32F3xx_HAL_Driver/Src/stm32f3xx_hal_adc.o
 .debug_info    0x00002405     0x22bb Drivers/STM32F3xx_HAL_Driver/Src/stm32f3xx_hal_adc_ex.o
 .debug_info    0x000046c0     0x16c4 Drivers/STM32F3xx_HAL_Driver/Src/stm32f3xx_hal_cortex.o
 .debug_info    0x00005d84     0x104d Drivers/STM32F3xx_HAL_Driver/Src/stm32f3xx_hal_dma.o
 .debug_info    0x00006dd1      0xef1 Drivers/STM32F3xx_HAL_Driver/Src/stm32f3xx_hal_gpio.o
 .debug_info    0x00007cc2     0x19e8 Drivers/STM32F3xx_HAL_Driver/Src/stm32f3xx_hal_pcd.o
 .debug_info    0x000096aa      0xf12 Drivers/STM32F3xx_HAL_Driver/Src/stm32f3xx_hal_pcd_ex.o
 .debug_info    0x0000a5bc     0x1bb3 Drivers/STM32F3xx_HAL_Driver/Src/stm32f3xx_hal_rcc.o
 .debug_info    0x0000c16f      0xf84 Drivers/STM32F3xx_HAL_Driver/Src/stm32f3xx_hal_rcc_ex.o
 .debug_info    0x0000d0f3     0x25a5 Drivers/STM32F3xx_HAL_Driver/Src/stm32f3xx_hal_spi.o
 .debug_info    0x0000f698     0x158a Middlewares/ST/STM32_USB_Device_Library/Class/CDC/Src/usbd_cdc.o
 .debug_info    0x00010c22     0x1490 Middlewares/ST/STM32_USB_Device_Library/Core/Src/usbd_core.o
 .debug_info    0x000120b2     0x1666 Middlewares/ST/STM32_USB_Device_Library/Core/Src/usbd_ctlreq.o
 .debug_info    0x00013718      0xfd9 Middlewares/ST/STM32_USB_Device_Library/Core/Src/usbd_ioreq.o
 .debug_info    0x000146f1      0xf7d Src/Fonts.o
 .debug_info    0x0001566e     0x202f Src/SSD1331.o
 .debug_info    0x0001769d     0x3f6a Src/main.o
 .debug_info    0x0001b607     0x17c9 Src/stm32f3xx_hal_msp.o
 .debug_info    0x0001cdd0     0x101a Src/stm32f3xx_it.o
 .debug_info    0x0001ddea      0xc34 Src/system_stm32f3xx.o
 .debug_info    0x0001ea1e      0xe91 Src/usb_device.o
 .debug_info    0x0001f8af     0x10ae Src/usbd_cdc_if.o
 .debug_info    0x0002095d     0x225e Src/usbd_conf.o
 .debug_info    0x00022bbb      0xd62 Src/usbd_desc.o

.debug_abbrev   0x00000000     0x44ba
 .debug_abbrev  0x00000000      0x2e3 Drivers/STM32F3xx_HAL_Driver/Src/stm32f3xx_hal.o
 .debug_abbrev  0x000002e3      0x22e Drivers/STM32F3xx_HAL_Driver/Src/stm32f3xx_hal_adc.o
 .debug_abbrev  0x00000511      0x32e Drivers/STM32F3xx_HAL_Driver/Src/stm32f3xx_hal_adc_ex.o
 .debug_abbrev  0x0000083f      0x3b8 Drivers/STM32F3xx_HAL_Driver/Src/stm32f3xx_hal_cortex.o
 .debug_abbrev  0x00000bf7      0x2d4 Drivers/STM32F3xx_HAL_Driver/Src/stm32f3xx_hal_dma.o
 .debug_abbrev  0x00000ecb      0x2a5 Drivers/STM32F3xx_HAL_Driver/Src/stm32f3xx_hal_gpio.o
 .debug_abbrev  0x00001170      0x36d Drivers/STM32F3xx_HAL_Driver/Src/stm32f3xx_hal_pcd.o
 .debug_abbrev  0x000014dd      0x277 Drivers/STM32F3xx_HAL_Driver/Src/stm32f3xx_hal_pcd_ex.o
 .debug_abbrev  0x00001754      0x343 Drivers/STM32F3xx_HAL_Driver/Src/stm32f3xx_hal_rcc.o
 .debug_abbrev  0x00001a97      0x334 Drivers/STM32F3xx_HAL_Driver/Src/stm32f3xx_hal_rcc_ex.o
 .debug_abbrev  0x00001dcb      0x2df Drivers/STM32F3xx_HAL_Driver/Src/stm32f3xx_hal_spi.o
 .debug_abbrev  0x000020aa      0x312 Middlewares/ST/STM32_USB_Device_Library/Class/CDC/Src/usbd_cdc.o
 .debug_abbrev  0x000023bc      0x2c6 Middlewares/ST/STM32_USB_Device_Library/Core/Src/usbd_core.o
 .debug_abbrev  0x00002682      0x327 Middlewares/ST/STM32_USB_Device_Library/Core/Src/usbd_ctlreq.o
 .debug_abbrev  0x000029a9      0x213 Middlewares/ST/STM32_USB_Device_Library/Core/Src/usbd_ioreq.o
 .debug_abbrev  0x00002bbc      0x1d6 Src/Fonts.o
 .debug_abbrev  0x00002d92      0x31a Src/SSD1331.o
 .debug_abbrev  0x000030ac      0x320 Src/main.o
 .debug_abbrev  0x000033cc      0x25d Src/stm32f3xx_hal_msp.o
 .debug_abbrev  0x00003629      0x232 Src/stm32f3xx_it.o
 .debug_abbrev  0x0000385b      0x205 Src/system_stm32f3xx.o
 .debug_abbrev  0x00003a60      0x216 Src/usb_device.o
 .debug_abbrev  0x00003c76      0x2c7 Src/usbd_cdc_if.o
 .debug_abbrev  0x00003f3d      0x30b Src/usbd_conf.o
 .debug_abbrev  0x00004248      0x272 Src/usbd_desc.o

.debug_loc      0x00000000     0xa5f8
 .debug_loc     0x00000000      0x108 Drivers/STM32F3xx_HAL_Driver/Src/stm32f3xx_hal.o
 .debug_loc     0x00000108      0x1ef Drivers/STM32F3xx_HAL_Driver/Src/stm32f3xx_hal_adc.o
 .debug_loc     0x000002f7     0x1bb2 Drivers/STM32F3xx_HAL_Driver/Src/stm32f3xx_hal_adc_ex.o
 .debug_loc     0x00001ea9      0x5ce Drivers/STM32F3xx_HAL_Driver/Src/stm32f3xx_hal_cortex.o
 .debug_loc     0x00002477      0x708 Drivers/STM32F3xx_HAL_Driver/Src/stm32f3xx_hal_dma.o
 .debug_loc     0x00002b7f      0x331 Drivers/STM32F3xx_HAL_Driver/Src/stm32f3xx_hal_gpio.o
 .debug_loc     0x00002eb0      0xd4d Drivers/STM32F3xx_HAL_Driver/Src/stm32f3xx_hal_pcd.o
 .debug_loc     0x00003bfd      0x327 Drivers/STM32F3xx_HAL_Driver/Src/stm32f3xx_hal_pcd_ex.o
 .debug_loc     0x00003f24      0x908 Drivers/STM32F3xx_HAL_Driver/Src/stm32f3xx_hal_rcc.o
 .debug_loc     0x0000482c      0x811 Drivers/STM32F3xx_HAL_Driver/Src/stm32f3xx_hal_rcc_ex.o
 .debug_loc     0x0000503d     0x1b5e Drivers/STM32F3xx_HAL_Driver/Src/stm32f3xx_hal_spi.o
 .debug_loc     0x00006b9b      0x4b9 Middlewares/ST/STM32_USB_Device_Library/Class/CDC/Src/usbd_cdc.o
 .debug_loc     0x00007054      0x71c Middlewares/ST/STM32_USB_Device_Library/Core/Src/usbd_core.o
 .debug_loc     0x00007770      0xb78 Middlewares/ST/STM32_USB_Device_Library/Core/Src/usbd_ctlreq.o
 .debug_loc     0x000082e8      0x23c Middlewares/ST/STM32_USB_Device_Library/Core/Src/usbd_ioreq.o
 .debug_loc     0x00008524      0xfbb Src/SSD1331.o
 .debug_loc     0x000094df       0xa5 Src/stm32f3xx_hal_msp.o
 .debug_loc     0x00009584       0xff Src/system_stm32f3xx.o
 .debug_loc     0x00009683      0x113 Src/usbd_cdc_if.o
 .debug_loc     0x00009796      0xbab Src/usbd_conf.o
 .debug_loc     0x0000a341      0x2b7 Src/usbd_desc.o

.debug_aranges  0x00000000      0xee8
 .debug_aranges
                0x00000000       0xe0 Drivers/STM32F3xx_HAL_Driver/Src/stm32f3xx_hal.o
 .debug_aranges
                0x000000e0       0xc8 Drivers/STM32F3xx_HAL_Driver/Src/stm32f3xx_hal_adc.o
 .debug_aranges
                0x000001a8      0x168 Drivers/STM32F3xx_HAL_Driver/Src/stm32f3xx_hal_adc_ex.o
 .debug_aranges
                0x00000310       0xa8 Drivers/STM32F3xx_HAL_Driver/Src/stm32f3xx_hal_cortex.o
 .debug_aranges
                0x000003b8       0x88 Drivers/STM32F3xx_HAL_Driver/Src/stm32f3xx_hal_dma.o
 .debug_aranges
                0x00000440       0x58 Drivers/STM32F3xx_HAL_Driver/Src/stm32f3xx_hal_gpio.o
 .debug_aranges
                0x00000498      0x120 Drivers/STM32F3xx_HAL_Driver/Src/stm32f3xx_hal_pcd.o
 .debug_aranges
                0x000005b8       0x38 Drivers/STM32F3xx_HAL_Driver/Src/stm32f3xx_hal_pcd_ex.o
 .debug_aranges
                0x000005f0       0x88 Drivers/STM32F3xx_HAL_Driver/Src/stm32f3xx_hal_rcc.o
 .debug_aranges
                0x00000678       0x38 Drivers/STM32F3xx_HAL_Driver/Src/stm32f3xx_hal_rcc_ex.o
 .debug_aranges
                0x000006b0      0x1d8 Drivers/STM32F3xx_HAL_Driver/Src/stm32f3xx_hal_spi.o
 .debug_aranges
                0x00000888       0x90 Middlewares/ST/STM32_USB_Device_Library/Class/CDC/Src/usbd_cdc.o
 .debug_aranges
                0x00000918       0xb8 Middlewares/ST/STM32_USB_Device_Library/Core/Src/usbd_core.o
 .debug_aranges
                0x000009d0       0x88 Middlewares/ST/STM32_USB_Device_Library/Core/Src/usbd_ctlreq.o
 .debug_aranges
                0x00000a58       0x50 Middlewares/ST/STM32_USB_Device_Library/Core/Src/usbd_ioreq.o
 .debug_aranges
                0x00000aa8       0x18 Src/Fonts.o
 .debug_aranges
                0x00000ac0       0xa0 Src/SSD1331.o
 .debug_aranges
                0x00000b60      0x110 Src/main.o
 .debug_aranges
                0x00000c70       0x40 Src/stm32f3xx_hal_msp.o
 .debug_aranges
                0x00000cb0       0x50 Src/stm32f3xx_it.o
 .debug_aranges
                0x00000d00       0x28 Src/system_stm32f3xx.o
 .debug_aranges
                0x00000d28       0x20 Src/usb_device.o
 .debug_aranges
                0x00000d48       0x40 Src/usbd_cdc_if.o
 .debug_aranges
                0x00000d88      0x110 Src/usbd_conf.o
 .debug_aranges
                0x00000e98       0x50 Src/usbd_desc.o

.debug_ranges   0x00000000      0xe78
 .debug_ranges  0x00000000       0xd0 Drivers/STM32F3xx_HAL_Driver/Src/stm32f3xx_hal.o
 .debug_ranges  0x000000d0       0xb8 Drivers/STM32F3xx_HAL_Driver/Src/stm32f3xx_hal_adc.o
 .debug_ranges  0x00000188      0x158 Drivers/STM32F3xx_HAL_Driver/Src/stm32f3xx_hal_adc_ex.o
 .debug_ranges  0x000002e0       0xf8 Drivers/STM32F3xx_HAL_Driver/Src/stm32f3xx_hal_cortex.o
 .debug_ranges  0x000003d8       0x78 Drivers/STM32F3xx_HAL_Driver/Src/stm32f3xx_hal_dma.o
 .debug_ranges  0x00000450       0x48 Drivers/STM32F3xx_HAL_Driver/Src/stm32f3xx_hal_gpio.o
 .debug_ranges  0x00000498      0x1a0 Drivers/STM32F3xx_HAL_Driver/Src/stm32f3xx_hal_pcd.o
 .debug_ranges  0x00000638       0x28 Drivers/STM32F3xx_HAL_Driver/Src/stm32f3xx_hal_pcd_ex.o
 .debug_ranges  0x00000660       0x98 Drivers/STM32F3xx_HAL_Driver/Src/stm32f3xx_hal_rcc.o
 .debug_ranges  0x000006f8       0x40 Drivers/STM32F3xx_HAL_Driver/Src/stm32f3xx_hal_rcc_ex.o
 .debug_ranges  0x00000738      0x1c8 Drivers/STM32F3xx_HAL_Driver/Src/stm32f3xx_hal_spi.o
 .debug_ranges  0x00000900       0x80 Middlewares/ST/STM32_USB_Device_Library/Class/CDC/Src/usbd_cdc.o
 .debug_ranges  0x00000980       0xa8 Middlewares/ST/STM32_USB_Device_Library/Core/Src/usbd_core.o
 .debug_ranges  0x00000a28       0x78 Middlewares/ST/STM32_USB_Device_Library/Core/Src/usbd_ctlreq.o
 .debug_ranges  0x00000aa0       0x40 Middlewares/ST/STM32_USB_Device_Library/Core/Src/usbd_ioreq.o
 .debug_ranges  0x00000ae0       0x90 Src/SSD1331.o
 .debug_ranges  0x00000b70      0x100 Src/main.o
 .debug_ranges  0x00000c70       0x30 Src/stm32f3xx_hal_msp.o
 .debug_ranges  0x00000ca0       0x40 Src/stm32f3xx_it.o
 .debug_ranges  0x00000ce0       0x18 Src/system_stm32f3xx.o
 .debug_ranges  0x00000cf8       0x10 Src/usb_device.o
 .debug_ranges  0x00000d08       0x30 Src/usbd_cdc_if.o
 .debug_ranges  0x00000d38      0x100 Src/usbd_conf.o
 .debug_ranges  0x00000e38       0x40 Src/usbd_desc.o

.debug_macro    0x00000000    0x1e5c5
 .debug_macro   0x00000000      0x358 Drivers/STM32F3xx_HAL_Driver/Src/stm32f3xx_hal.o
 .debug_macro   0x00000358      0x8bc Drivers/STM32F3xx_HAL_Driver/Src/stm32f3xx_hal.o
 .debug_macro   0x00000c14      0x19d Drivers/STM32F3xx_HAL_Driver/Src/stm32f3xx_hal.o
 .debug_macro   0x00000db1       0xab Drivers/STM32F3xx_HAL_Driver/Src/stm32f3xx_hal.o
 .debug_macro   0x00000e5c       0x2f Drivers/STM32F3xx_HAL_Driver/Src/stm32f3xx_hal.o
 .debug_macro   0x00000e8b       0x28 Drivers/STM32F3xx_HAL_Driver/Src/stm32f3xx_hal.o
 .debug_macro   0x00000eb3       0x22 Drivers/STM32F3xx_HAL_Driver/Src/stm32f3xx_hal.o
 .debug_macro   0x00000ed5       0x87 Drivers/STM32F3xx_HAL_Driver/Src/stm32f3xx_hal.o
 .debug_macro   0x00000f5c       0x51 Drivers/STM32F3xx_HAL_Driver/Src/stm32f3xx_hal.o
 .debug_macro   0x00000fad       0xef Drivers/STM32F3xx_HAL_Driver/Src/stm32f3xx_hal.o
 .debug_macro   0x0000109c       0x6a Drivers/STM32F3xx_HAL_Driver/Src/stm32f3xx_hal.o
 .debug_macro   0x00001106      0x1df Drivers/STM32F3xx_HAL_Driver/Src/stm32f3xx_hal.o
 .debug_macro   0x000012e5       0x35 Drivers/STM32F3xx_HAL_Driver/Src/stm32f3xx_hal.o
 .debug_macro   0x0000131a       0x50 Drivers/STM32F3xx_HAL_Driver/Src/stm32f3xx_hal.o
 .debug_macro   0x0000136a      0xe66 Drivers/STM32F3xx_HAL_Driver/Src/stm32f3xx_hal.o
 .debug_macro   0x000021d0    0x12a56 Drivers/STM32F3xx_HAL_Driver/Src/stm32f3xx_hal.o
 .debug_macro   0x00014c26       0x43 Drivers/STM32F3xx_HAL_Driver/Src/stm32f3xx_hal.o
 .debug_macro   0x00014c69       0x58 Drivers/STM32F3xx_HAL_Driver/Src/stm32f3xx_hal.o
 .debug_macro   0x00014cc1       0x35 Drivers/STM32F3xx_HAL_Driver/Src/stm32f3xx_hal.o
 .debug_macro   0x00014cf6       0x9c Drivers/STM32F3xx_HAL_Driver/Src/stm32f3xx_hal.o
 .debug_macro   0x00014d92       0x16 Drivers/STM32F3xx_HAL_Driver/Src/stm32f3xx_hal.o
 .debug_macro   0x00014da8       0x97 Drivers/STM32F3xx_HAL_Driver/Src/stm32f3xx_hal.o
 .debug_macro   0x00014e3f      0x330 Drivers/STM32F3xx_HAL_Driver/Src/stm32f3xx_hal.o
 .debug_macro   0x0001516f       0xfd Drivers/STM32F3xx_HAL_Driver/Src/stm32f3xx_hal.o
 .debug_macro   0x0001526c       0x10 Drivers/STM32F3xx_HAL_Driver/Src/stm32f3xx_hal.o
 .debug_macro   0x0001527c       0x58 Drivers/STM32F3xx_HAL_Driver/Src/stm32f3xx_hal.o
 .debug_macro   0x000152d4       0x1f Drivers/STM32F3xx_HAL_Driver/Src/stm32f3xx_hal.o
 .debug_macro   0x000152f3       0x43 Drivers/STM32F3xx_HAL_Driver/Src/stm32f3xx_hal.o
 .debug_macro   0x00015336       0x20 Drivers/STM32F3xx_HAL_Driver/Src/stm32f3xx_hal.o
 .debug_macro   0x00015356      0x187 Drivers/STM32F3xx_HAL_Driver/Src/stm32f3xx_hal.o
 .debug_macro   0x000154dd       0x10 Drivers/STM32F3xx_HAL_Driver/Src/stm32f3xx_hal.o
 .debug_macro   0x000154ed       0x1c Drivers/STM32F3xx_HAL_Driver/Src/stm32f3xx_hal.o
 .debug_macro   0x00015509       0x52 Drivers/STM32F3xx_HAL_Driver/Src/stm32f3xx_hal.o
 .debug_macro   0x0001555b       0x40 Drivers/STM32F3xx_HAL_Driver/Src/stm32f3xx_hal.o
 .debug_macro   0x0001559b       0x10 Drivers/STM32F3xx_HAL_Driver/Src/stm32f3xx_hal.o
 .debug_macro   0x000155ab       0x40 Drivers/STM32F3xx_HAL_Driver/Src/stm32f3xx_hal.o
 .debug_macro   0x000155eb       0xd7 Drivers/STM32F3xx_HAL_Driver/Src/stm32f3xx_hal.o
 .debug_macro   0x000156c2       0x16 Drivers/STM32F3xx_HAL_Driver/Src/stm32f3xx_hal.o
 .debug_macro   0x000156d8      0x18b Drivers/STM32F3xx_HAL_Driver/Src/stm32f3xx_hal.o
 .debug_macro   0x00015863       0x49 Drivers/STM32F3xx_HAL_Driver/Src/stm32f3xx_hal.o
 .debug_macro   0x000158ac      0x968 Drivers/STM32F3xx_HAL_Driver/Src/stm32f3xx_hal.o
 .debug_macro   0x00016214      0x5fe Drivers/STM32F3xx_HAL_Driver/Src/stm32f3xx_hal.o
 .debug_macro   0x00016812      0x13a Drivers/STM32F3xx_HAL_Driver/Src/stm32f3xx_hal.o
 .debug_macro   0x0001694c      0x1fb Drivers/STM32F3xx_HAL_Driver/Src/stm32f3xx_hal.o
 .debug_macro   0x00016b47      0x1bc Drivers/STM32F3xx_HAL_Driver/Src/stm32f3xx_hal.o
 .debug_macro   0x00016d03       0x31 Drivers/STM32F3xx_HAL_Driver/Src/stm32f3xx_hal.o
 .debug_macro   0x00016d34       0x3c Drivers/STM32F3xx_HAL_Driver/Src/stm32f3xx_hal.o
 .debug_macro   0x00016d70      0x23a Drivers/STM32F3xx_HAL_Driver/Src/stm32f3xx_hal.o
 .debug_macro   0x00016faa      0x9b8 Drivers/STM32F3xx_HAL_Driver/Src/stm32f3xx_hal.o
 .debug_macro   0x00017962       0x77 Drivers/STM32F3xx_HAL_Driver/Src/stm32f3xx_hal.o
 .debug_macro   0x000179d9       0xcb Drivers/STM32F3xx_HAL_Driver/Src/stm32f3xx_hal.o
 .debug_macro   0x00017aa4      0x22b Drivers/STM32F3xx_HAL_Driver/Src/stm32f3xx_hal.o
 .debug_macro   0x00017ccf      0x209 Drivers/STM32F3xx_HAL_Driver/Src/stm32f3xx_hal.o
 .debug_macro   0x00017ed8       0x5b Drivers/STM32F3xx_HAL_Driver/Src/stm32f3xx_hal.o
 .debug_macro   0x00017f33       0x90 Drivers/STM32F3xx_HAL_Driver/Src/stm32f3xx_hal.o
 .debug_macro   0x00017fc3       0x28 Drivers/STM32F3xx_HAL_Driver/Src/stm32f3xx_hal.o
 .debug_macro   0x00017feb      0x265 Drivers/STM32F3xx_HAL_Driver/Src/stm32f3xx_hal.o
 .debug_macro   0x00018250       0x82 Drivers/STM32F3xx_HAL_Driver/Src/stm32f3xx_hal.o
 .debug_macro   0x000182d2       0xd3 Drivers/STM32F3xx_HAL_Driver/Src/stm32f3xx_hal.o
 .debug_macro   0x000183a5      0x2e9 Drivers/STM32F3xx_HAL_Driver/Src/stm32f3xx_hal.o
 .debug_macro   0x0001868e      0x277 Drivers/STM32F3xx_HAL_Driver/Src/stm32f3xx_hal.o
 .debug_macro   0x00018905      0x335 Drivers/STM32F3xx_HAL_Driver/Src/stm32f3xx_hal_adc.o
 .debug_macro   0x00018c3a      0x35e Drivers/STM32F3xx_HAL_Driver/Src/stm32f3xx_hal_adc_ex.o
 .debug_macro   0x00018f98      0x334 Drivers/STM32F3xx_HAL_Driver/Src/stm32f3xx_hal_cortex.o
 .debug_macro   0x000192cc      0x334 Drivers/STM32F3xx_HAL_Driver/Src/stm32f3xx_hal_dma.o
 .debug_macro   0x00019600      0x36c Drivers/STM32F3xx_HAL_Driver/Src/stm32f3xx_hal_gpio.o
 .debug_macro   0x0001996c      0x33a Drivers/STM32F3xx_HAL_Driver/Src/stm32f3xx_hal_pcd.o
 .debug_macro   0x00019ca6      0x334 Drivers/STM32F3xx_HAL_Driver/Src/stm32f3xx_hal_pcd_ex.o
 .debug_macro   0x00019fda      0x358 Drivers/STM32F3xx_HAL_Driver/Src/stm32f3xx_hal_rcc.o
 .debug_macro   0x0001a332      0x334 Drivers/STM32F3xx_HAL_Driver/Src/stm32f3xx_hal_rcc_ex.o
 .debug_macro   0x0001a666      0x33c Drivers/STM32F3xx_HAL_Driver/Src/stm32f3xx_hal_spi.o
 .debug_macro   0x0001a9a2      0x3ea Middlewares/ST/STM32_USB_Device_Library/Class/CDC/Src/usbd_cdc.o
 .debug_macro   0x0001ad8c       0x52 Middlewares/ST/STM32_USB_Device_Library/Class/CDC/Src/usbd_cdc.o
 .debug_macro   0x0001adde       0x8d Middlewares/ST/STM32_USB_Device_Library/Class/CDC/Src/usbd_cdc.o
 .debug_macro   0x0001ae6b       0x57 Middlewares/ST/STM32_USB_Device_Library/Class/CDC/Src/usbd_cdc.o
 .debug_macro   0x0001aec2       0x16 Middlewares/ST/STM32_USB_Device_Library/Class/CDC/Src/usbd_cdc.o
 .debug_macro   0x0001aed8       0x35 Middlewares/ST/STM32_USB_Device_Library/Class/CDC/Src/usbd_cdc.o
 .debug_macro   0x0001af0d       0x16 Middlewares/ST/STM32_USB_Device_Library/Class/CDC/Src/usbd_cdc.o
 .debug_macro   0x0001af23       0x29 Middlewares/ST/STM32_USB_Device_Library/Class/CDC/Src/usbd_cdc.o
 .debug_macro   0x0001af4c       0x16 Middlewares/ST/STM32_USB_Device_Library/Class/CDC/Src/usbd_cdc.o
 .debug_macro   0x0001af62       0x64 Middlewares/ST/STM32_USB_Device_Library/Class/CDC/Src/usbd_cdc.o
 .debug_macro   0x0001afc6      0x1c3 Middlewares/ST/STM32_USB_Device_Library/Class/CDC/Src/usbd_cdc.o
 .debug_macro   0x0001b189       0x83 Middlewares/ST/STM32_USB_Device_Library/Class/CDC/Src/usbd_cdc.o
 .debug_macro   0x0001b20c      0x3d1 Middlewares/ST/STM32_USB_Device_Library/Core/Src/usbd_core.o
 .debug_macro   0x0001b5dd      0x3d1 Middlewares/ST/STM32_USB_Device_Library/Core/Src/usbd_ctlreq.o
 .debug_macro   0x0001b9ae      0x3cd Middlewares/ST/STM32_USB_Device_Library/Core/Src/usbd_ioreq.o
 .debug_macro   0x0001bd7b      0x369 Src/Fonts.o
 .debug_macro   0x0001c0e4       0x22 Src/Fonts.o
 .debug_macro   0x0001c106       0x28 Src/Fonts.o
 .debug_macro   0x0001c12e       0x2e Src/Fonts.o
 .debug_macro   0x0001c15c      0x4cb Src/SSD1331.o
 .debug_macro   0x0001c627      0x1e1 Src/SSD1331.o
 .debug_macro   0x0001c808       0x16 Src/SSD1331.o
 .debug_macro   0x0001c81e      0x40c Src/main.o
 .debug_macro   0x0001cc2a      0x334 Src/stm32f3xx_hal_msp.o
 .debug_macro   0x0001cf5e      0x33e Src/stm32f3xx_it.o
 .debug_macro   0x0001d29c      0x33a Src/system_stm32f3xx.o
 .debug_macro   0x0001d5d6      0x408 Src/usb_device.o
 .debug_macro   0x0001d9de      0x3f2 Src/usbd_cdc_if.o
 .debug_macro   0x0001ddd0      0x3ea Src/usbd_conf.o
 .debug_macro   0x0001e1ba      0x40b Src/usbd_desc.o

.debug_line     0x00000000    0x117bf
 .debug_line    0x00000000      0x9ac Drivers/STM32F3xx_HAL_Driver/Src/stm32f3xx_hal.o
 .debug_line    0x000009ac      0x967 Drivers/STM32F3xx_HAL_Driver/Src/stm32f3xx_hal_adc.o
 .debug_line    0x00001313     0x1a3b Drivers/STM32F3xx_HAL_Driver/Src/stm32f3xx_hal_adc_ex.o
 .debug_line    0x00002d4e      0x9dc Drivers/STM32F3xx_HAL_Driver/Src/stm32f3xx_hal_cortex.o
 .debug_line    0x0000372a      0xa29 Drivers/STM32F3xx_HAL_Driver/Src/stm32f3xx_hal_dma.o
 .debug_line    0x00004153      0x93b Drivers/STM32F3xx_HAL_Driver/Src/stm32f3xx_hal_gpio.o
 .debug_line    0x00004a8e      0xd8a Drivers/STM32F3xx_HAL_Driver/Src/stm32f3xx_hal_pcd.o
 .debug_line    0x00005818      0x87b Drivers/STM32F3xx_HAL_Driver/Src/stm32f3xx_hal_pcd_ex.o
 .debug_line    0x00006093      0xc94 Drivers/STM32F3xx_HAL_Driver/Src/stm32f3xx_hal_rcc.o
 .debug_line    0x00006d27      0xa72 Drivers/STM32F3xx_HAL_Driver/Src/stm32f3xx_hal_rcc_ex.o
 .debug_line    0x00007799     0x1303 Drivers/STM32F3xx_HAL_Driver/Src/stm32f3xx_hal_spi.o
 .debug_line    0x00008a9c      0xaf4 Middlewares/ST/STM32_USB_Device_Library/Class/CDC/Src/usbd_cdc.o
 .debug_line    0x00009590      0xae0 Middlewares/ST/STM32_USB_Device_Library/Core/Src/usbd_core.o
 .debug_line    0x0000a070      0xaf5 Middlewares/ST/STM32_USB_Device_Library/Core/Src/usbd_ctlreq.o
 .debug_line    0x0000ab65      0x96b Middlewares/ST/STM32_USB_Device_Library/Core/Src/usbd_ioreq.o
 .debug_line    0x0000b4d0      0x7f1 Src/Fonts.o
 .debug_line    0x0000bcc1      0xb61 Src/SSD1331.o
 .debug_line    0x0000c822      0xec2 Src/main.o
 .debug_line    0x0000d6e4      0x847 Src/stm32f3xx_hal_msp.o
 .debug_line    0x0000df2b      0x845 Src/stm32f3xx_it.o
 .debug_line    0x0000e770      0x805 Src/system_stm32f3xx.o
 .debug_line    0x0000ef75      0x976 Src/usb_device.o
 .debug_line    0x0000f8eb      0x9a5 Src/usbd_cdc_if.o
 .debug_line    0x00010290      0xbdb Src/usbd_conf.o
 .debug_line    0x00010e6b      0x954 Src/usbd_desc.o

.debug_str      0x00000000    0x9b80f
 .debug_str     0x00000000    0x95e78 Drivers/STM32F3xx_HAL_Driver/Src/stm32f3xx_hal.o
                              0x96213 (size before relaxing)
 .debug_str     0x00095e78      0x61c Drivers/STM32F3xx_HAL_Driver/Src/stm32f3xx_hal_adc.o
                              0x95fca (size before relaxing)
 .debug_str     0x00096494      0x72b Drivers/STM32F3xx_HAL_Driver/Src/stm32f3xx_hal_adc_ex.o
                              0x966c0 (size before relaxing)
 .debug_str     0x00096bbf      0x3b7 Drivers/STM32F3xx_HAL_Driver/Src/stm32f3xx_hal_cortex.o
                              0x96252 (size before relaxing)
 .debug_str     0x00096f76      0x238 Drivers/STM32F3xx_HAL_Driver/Src/stm32f3xx_hal_dma.o
                              0x95d44 (size before relaxing)
 .debug_str     0x000971ae      0x2a4 Drivers/STM32F3xx_HAL_Driver/Src/stm32f3xx_hal_gpio.o
                              0x95c2a (size before relaxing)
 .debug_str     0x00097452      0x5d8 Drivers/STM32F3xx_HAL_Driver/Src/stm32f3xx_hal_pcd.o
                              0x95f9c (size before relaxing)
 .debug_str     0x00097a2a       0x8c Drivers/STM32F3xx_HAL_Driver/Src/stm32f3xx_hal_pcd_ex.o
                              0x95c84 (size before relaxing)
 .debug_str     0x00097ab6      0x3fe Drivers/STM32F3xx_HAL_Driver/Src/stm32f3xx_hal_rcc.o
                              0x95e34 (size before relaxing)
 .debug_str     0x00097eb4      0x22f Drivers/STM32F3xx_HAL_Driver/Src/stm32f3xx_hal_rcc_ex.o
                              0x95c3e (size before relaxing)
 .debug_str     0x000980e3      0x738 Drivers/STM32F3xx_HAL_Driver/Src/stm32f3xx_hal_spi.o
                              0x9629b (size before relaxing)
 .debug_str     0x0009881b     0x12ca Middlewares/ST/STM32_USB_Device_Library/Class/CDC/Src/usbd_cdc.o
                              0x96c89 (size before relaxing)
 .debug_str     0x00099ae5      0x29b Middlewares/ST/STM32_USB_Device_Library/Core/Src/usbd_core.o
                              0x9694a (size before relaxing)
 .debug_str     0x00099d80      0x12e Middlewares/ST/STM32_USB_Device_Library/Core/Src/usbd_ctlreq.o
                              0x96864 (size before relaxing)
 .debug_str     0x00099eae       0x51 Middlewares/ST/STM32_USB_Device_Library/Core/Src/usbd_ioreq.o
                              0x96791 (size before relaxing)
 .debug_str     0x00099eff      0x3ce Src/Fonts.o
                              0x960a4 (size before relaxing)
 .debug_str     0x0009a2cd      0xe92 Src/SSD1331.o
                              0x970ed (size before relaxing)
 .debug_str     0x0009b15f      0x24b Src/main.o
                              0x98546 (size before relaxing)
 .debug_str     0x0009b3aa       0x1b Src/stm32f3xx_hal_msp.o
                              0x964e4 (size before relaxing)
 .debug_str     0x0009b3c5       0x9a Src/stm32f3xx_it.o
                              0x95e28 (size before relaxing)
 .debug_str     0x0009b45f       0x64 Src/system_stm32f3xx.o
                              0x959cd (size before relaxing)
 .debug_str     0x0009b4c3       0x3e Src/usb_device.o
                              0x96a01 (size before relaxing)
 .debug_str     0x0009b501       0xa7 Src/usbd_cdc_if.o
                              0x96b02 (size before relaxing)
 .debug_str     0x0009b5a8       0x46 Src/usbd_conf.o
                              0x9769d (size before relaxing)
 .debug_str     0x0009b5ee      0x221 Src/usbd_desc.o
                              0x9662a (size before relaxing)

.comment        0x00000000       0x7f
 .comment       0x00000000       0x7f Drivers/STM32F3xx_HAL_Driver/Src/stm32f3xx_hal.o
                                 0x80 (size before relaxing)
 .comment       0x0000007f       0x80 Drivers/STM32F3xx_HAL_Driver/Src/stm32f3xx_hal_adc.o
 .comment       0x0000007f       0x80 Drivers/STM32F3xx_HAL_Driver/Src/stm32f3xx_hal_adc_ex.o
 .comment       0x0000007f       0x80 Drivers/STM32F3xx_HAL_Driver/Src/stm32f3xx_hal_cortex.o
 .comment       0x0000007f       0x80 Drivers/STM32F3xx_HAL_Driver/Src/stm32f3xx_hal_dma.o
 .comment       0x0000007f       0x80 Drivers/STM32F3xx_HAL_Driver/Src/stm32f3xx_hal_gpio.o
 .comment       0x0000007f       0x80 Drivers/STM32F3xx_HAL_Driver/Src/stm32f3xx_hal_pcd.o
 .comment       0x0000007f       0x80 Drivers/STM32F3xx_HAL_Driver/Src/stm32f3xx_hal_pcd_ex.o
 .comment       0x0000007f       0x80 Drivers/STM32F3xx_HAL_Driver/Src/stm32f3xx_hal_rcc.o
 .comment       0x0000007f       0x80 Drivers/STM32F3xx_HAL_Driver/Src/stm32f3xx_hal_rcc_ex.o
 .comment       0x0000007f       0x80 Drivers/STM32F3xx_HAL_Driver/Src/stm32f3xx_hal_spi.o
 .comment       0x0000007f       0x80 Middlewares/ST/STM32_USB_Device_Library/Class/CDC/Src/usbd_cdc.o
 .comment       0x0000007f       0x80 Middlewares/ST/STM32_USB_Device_Library/Core/Src/usbd_core.o
 .comment       0x0000007f       0x80 Middlewares/ST/STM32_USB_Device_Library/Core/Src/usbd_ctlreq.o
 .comment       0x0000007f       0x80 Middlewares/ST/STM32_USB_Device_Library/Core/Src/usbd_ioreq.o
 .comment       0x0000007f       0x80 Src/Fonts.o
 .comment       0x0000007f       0x80 Src/SSD1331.o
 .comment       0x0000007f       0x80 Src/main.o
 .comment       0x0000007f       0x80 Src/stm32f3xx_hal_msp.o
 .comment       0x0000007f       0x80 Src/stm32f3xx_it.o
 .comment       0x0000007f       0x80 Src/system_stm32f3xx.o
 .comment       0x0000007f       0x80 Src/usb_device.o
 .comment       0x0000007f       0x80 Src/usbd_cdc_if.o
 .comment       0x0000007f       0x80 Src/usbd_conf.o
 .comment       0x0000007f       0x80 Src/usbd_desc.o

.debug_frame    0x00000000     0x2790
 .debug_frame   0x00000000      0x1cc Drivers/STM32F3xx_HAL_Driver/Src/stm32f3xx_hal.o
 .debug_frame   0x000001cc      0x170 Drivers/STM32F3xx_HAL_Driver/Src/stm32f3xx_hal_adc.o
 .debug_frame   0x0000033c      0x4a4 Drivers/STM32F3xx_HAL_Driver/Src/stm32f3xx_hal_adc_ex.o
 .debug_frame   0x000007e0      0x15c Drivers/STM32F3xx_HAL_Driver/Src/stm32f3xx_hal_cortex.o
 .debug_frame   0x0000093c      0x164 Drivers/STM32F3xx_HAL_Driver/Src/stm32f3xx_hal_dma.o
 .debug_frame   0x00000aa0       0xd0 Drivers/STM32F3xx_HAL_Driver/Src/stm32f3xx_hal_gpio.o
 .debug_frame   0x00000b70      0x2d8 Drivers/STM32F3xx_HAL_Driver/Src/stm32f3xx_hal_pcd.o
 .debug_frame   0x00000e48       0x78 Drivers/STM32F3xx_HAL_Driver/Src/stm32f3xx_hal_pcd_ex.o
 .debug_frame   0x00000ec0      0x14c Drivers/STM32F3xx_HAL_Driver/Src/stm32f3xx_hal_rcc.o
 .debug_frame   0x0000100c       0x7c Drivers/STM32F3xx_HAL_Driver/Src/stm32f3xx_hal_rcc_ex.o
 .debug_frame   0x00001088      0x5b8 Drivers/STM32F3xx_HAL_Driver/Src/stm32f3xx_hal_spi.o
 .debug_frame   0x00001640      0x14c Middlewares/ST/STM32_USB_Device_Library/Class/CDC/Src/usbd_cdc.o
 .debug_frame   0x0000178c      0x1bc Middlewares/ST/STM32_USB_Device_Library/Core/Src/usbd_core.o
 .debug_frame   0x00001948      0x178 Middlewares/ST/STM32_USB_Device_Library/Core/Src/usbd_ctlreq.o
 .debug_frame   0x00001ac0       0xb8 Middlewares/ST/STM32_USB_Device_Library/Core/Src/usbd_ioreq.o
 .debug_frame   0x00001b78      0x28c Src/SSD1331.o
 .debug_frame   0x00001e04      0x3c4 Src/main.o
 .debug_frame   0x000021c8       0x9c Src/stm32f3xx_hal_msp.o
 .debug_frame   0x00002264       0xa8 Src/stm32f3xx_it.o
 .debug_frame   0x0000230c       0x30 Src/system_stm32f3xx.o
 .debug_frame   0x0000233c       0x28 Src/usb_device.o
 .debug_frame   0x00002364       0x78 Src/usbd_cdc_if.o
 .debug_frame   0x000023dc      0x2e0 Src/usbd_conf.o
 .debug_frame   0x000026bc       0xa8 Src/usbd_desc.o
 .debug_frame   0x00002764       0x2c c:/ac6/systemworkbench/plugins/fr.ac6.mcu.externaltools.arm-none.win32_1.15.0.201708311556/tools/compiler/bin/../lib/gcc/arm-none-eabi/6.3.1/../../../../arm-none-eabi/lib/thumb/v7e-m/fpv4-sp/hard\libc_nano.a(lib_a-init.o)
